Archive member included because of file (symbol)

/opt/microchip/xc32/v2.20/bin/bin/../../lib/gcc/pic32mx/4.8.3/../../../../pic32mx/lib/libmchp_peripheral_32MX795F512L.a(pcache.o)
                              ./OUT/bsp.o (CheKseg0CacheOn)
/opt/microchip/xc32/v2.20/bin/bin/../../lib/gcc/pic32mx/4.8.3/libgcc.a(floatunsisf.o)
                              ./OUT/driver_pwm.o (__floatunsisf)
/opt/microchip/xc32/v2.20/bin/bin/../../lib/gcc/pic32mx/4.8.3/../../../../pic32mx/lib/libpic32.a(memcmp.o)
                              ./OUT/comms_xbee.o (memcmp)
/opt/microchip/xc32/v2.20/bin/bin/../../lib/gcc/pic32mx/4.8.3/../../../../pic32mx/lib/libpic32.a(memcpy.o)
                              ./OUT/comms_xbee.o (memcpy)
/opt/microchip/xc32/v2.20/bin/bin/../../lib/gcc/pic32mx/4.8.3/../../../../pic32mx/lib/libpic32.a(memset.o)
                              ./OUT/comms_xbee.o (memset)
/opt/microchip/xc32/v2.20/bin/bin/../../lib/gcc/pic32mx/4.8.3/../../../../pic32mx/lib/libpic32.a(default-bootstrap-exception-handler.o)
                              ./OUT/crt0.o (_bootstrap_exception_handler)
/opt/microchip/xc32/v2.20/bin/bin/../../lib/gcc/pic32mx/4.8.3/../../../../pic32mx/lib/libpic32.a(default-on-reset.o)
                              ./OUT/crt0.o (_on_reset)
/opt/microchip/xc32/v2.20/bin/bin/../../lib/gcc/pic32mx/4.8.3/../../../../pic32mx/lib/libpic32.a(default-on-bootstrap.o)
                              ./OUT/crt0.o (_on_bootstrap)
/opt/microchip/xc32/v2.20/bin/bin/../../lib/gcc/pic32mx/4.8.3/../../../../pic32mx/lib/libpic32.a(default-nmi-handler.o)
                              ./OUT/crt0.o (_nmi_handler)
/opt/microchip/xc32/v2.20/bin/bin/../../lib/gcc/pic32mx/4.8.3/../../../../pic32mx/lib/libxcpp.a(atan2.o)
                              ./OUT/app_accel_gyro.o (atan2)
/opt/microchip/xc32/v2.20/bin/bin/../../lib/gcc/pic32mx/4.8.3/../../../../pic32mx/lib/libxcpp.a(atan2f.o)
                              ./OUT/alg_stabilizer.o (atan2f)
/opt/microchip/xc32/v2.20/bin/bin/../../lib/gcc/pic32mx/4.8.3/../../../../pic32mx/lib/libxcpp.a(free.o)
                              ./OUT/bsp_accel_gyro.o (free)
/opt/microchip/xc32/v2.20/bin/bin/../../lib/gcc/pic32mx/4.8.3/../../../../pic32mx/lib/libxcpp.a(malloc.o)
                              ./OUT/bsp_accel_gyro.o (malloc)
/opt/microchip/xc32/v2.20/bin/bin/../../lib/gcc/pic32mx/4.8.3/../../../../pic32mx/lib/libxcpp.a(memmove.o)
                              ./OUT/comms_xbee.o (memmove)
/opt/microchip/xc32/v2.20/bin/bin/../../lib/gcc/pic32mx/4.8.3/../../../../pic32mx/lib/libxcpp.a(realloc.o)
                              ./OUT/bsp_accel_gyro.o (realloc)
/opt/microchip/xc32/v2.20/bin/bin/../../lib/gcc/pic32mx/4.8.3/../../../../pic32mx/lib/libxcpp.a(sqrtf.o)
                              ./OUT/alg_stabilizer.o (sqrtf)
/opt/microchip/xc32/v2.20/bin/bin/../../lib/gcc/pic32mx/4.8.3/../../../../pic32mx/lib/libxcpp.a(vsnprint.o)
                              ./OUT/bsp_utils.o (vsnprintf)
/opt/microchip/xc32/v2.20/bin/bin/../../lib/gcc/pic32mx/4.8.3/../../../../pic32mx/lib/libxcpp.a(xassert.o)
                              ./OUT/comms_xbee.o (_Assert)
/opt/microchip/xc32/v2.20/bin/bin/../../lib/gcc/pic32mx/4.8.3/../../../../pic32mx/lib/libxcpp.a(xatan.o)
                              /opt/microchip/xc32/v2.20/bin/bin/../../lib/gcc/pic32mx/4.8.3/../../../../pic32mx/lib/libxcpp.a(atan2.o) (_Atan)
/opt/microchip/xc32/v2.20/bin/bin/../../lib/gcc/pic32mx/4.8.3/../../../../pic32mx/lib/libxcpp.a(xdtest.o)
                              /opt/microchip/xc32/v2.20/bin/bin/../../lib/gcc/pic32mx/4.8.3/../../../../pic32mx/lib/libxcpp.a(atan2.o) (_Dtest)
/opt/microchip/xc32/v2.20/bin/bin/../../lib/gcc/pic32mx/4.8.3/../../../../pic32mx/lib/libxcpp.a(xfatan.o)
                              /opt/microchip/xc32/v2.20/bin/bin/../../lib/gcc/pic32mx/4.8.3/../../../../pic32mx/lib/libxcpp.a(atan2f.o) (_FAtan)
/opt/microchip/xc32/v2.20/bin/bin/../../lib/gcc/pic32mx/4.8.3/../../../../pic32mx/lib/libxcpp.a(xfdscale.o)
                              /opt/microchip/xc32/v2.20/bin/bin/../../lib/gcc/pic32mx/4.8.3/../../../../pic32mx/lib/libxcpp.a(sqrtf.o) (_FDscale)
/opt/microchip/xc32/v2.20/bin/bin/../../lib/gcc/pic32mx/4.8.3/../../../../pic32mx/lib/libxcpp.a(xfdtest.o)
                              /opt/microchip/xc32/v2.20/bin/bin/../../lib/gcc/pic32mx/4.8.3/../../../../pic32mx/lib/libxcpp.a(atan2f.o) (_FDtest)
/opt/microchip/xc32/v2.20/bin/bin/../../lib/gcc/pic32mx/4.8.3/../../../../pic32mx/lib/libxcpp.a(xfdunsca.o)
                              /opt/microchip/xc32/v2.20/bin/bin/../../lib/gcc/pic32mx/4.8.3/../../../../pic32mx/lib/libxcpp.a(sqrtf.o) (_FDunscale)
/opt/microchip/xc32/v2.20/bin/bin/../../lib/gcc/pic32mx/4.8.3/../../../../pic32mx/lib/libxcpp.a(xferaise.o)
                              /opt/microchip/xc32/v2.20/bin/bin/../../lib/gcc/pic32mx/4.8.3/../../../../pic32mx/lib/libxcpp.a(sqrtf.o) (_Feraise)
/opt/microchip/xc32/v2.20/bin/bin/../../lib/gcc/pic32mx/4.8.3/../../../../pic32mx/lib/libxcpp.a(xfiles.o)
[...]
Memory Configuration

Name             Origin             Length             Attributes
kseg0_program_mem 0x9d000000         0x0007f000         xr
calibration_mem  0x9d07f000         0x00001000
kseg0_boot_mem   0x9fc00490         0x00000970
exception_mem    0x9fc01000         0x00001000
kseg1_boot_mem   0xbfc00000         0x00000490
debug_exec_mem   0xbfc02000         0x00000ff0
config3          0xbfc02ff0         0x00000004
config2          0xbfc02ff4         0x00000004
config1          0xbfc02ff8         0x00000004
config0          0xbfc02ffc         0x00000004
kseg1_data_mem   0xa0000000         0x00020000         w !x
sfrs             0xbf800000         0x00100000
configsfrs       0xbfc02ff0         0x00000010
*default*        0x00000000         0xffffffff

Linker script and memory map

LOAD ./OUT/bsp_a.o
LOAD ./OUT/crt0.o
LOAD ./OUT/cpu_a.o
LOAD ./OUT/os_cpu_a.o
LOAD ./OUT/bsp_utils.o
LOAD ./OUT/bsp_accel_gyro_int.o
LOAD ./OUT/bsp_xbee.o
LOAD ./OUT/bsp.o
LOAD ./OUT/PIC32INTlib.o
LOAD ./OUT/os_app_hooks.o
LOAD ./OUT/driver_flash.o
LOAD ./OUT/driver_spi.o
LOAD ./OUT/driver_uart.o
LOAD ./OUT/driver_analog.o
LOAD ./OUT/driver_pwm.o
LOAD ./OUT/cpu_c.o
LOAD ./OUT/cpu_core.o
LOAD ./OUT/lib_ascii.o
LOAD ./OUT/lib_math.o
LOAD ./OUT/lib_str.o
LOAD ./OUT/lib_mem.o
LOAD ./OUT/os_msg.o
LOAD ./OUT/os_flag.o
LOAD ./OUT/os_mutex.o
LOAD ./OUT/os_mem.o
LOAD ./OUT/os_tick.o
LOAD ./OUT/os_cpu_c.o
LOAD ./OUT/os_var.o
LOAD ./OUT/os_q.o
LOAD ./OUT/os_dbg.o
LOAD ./OUT/os_stat.o
LOAD ./OUT/os_tmr.o
LOAD ./OUT/os_pend_multi.o
LOAD ./OUT/os_core.o
LOAD ./OUT/os_cfg_app.o
LOAD ./OUT/os_task.o
LOAD ./OUT/os_sem.o
LOAD ./OUT/os_time.o
LOAD ./OUT/os_int.o
LOAD ./OUT/os_prio.o
LOAD ./OUT/comms_xbee.o
LOAD ./OUT/bsp_motor.o
LOAD ./OUT/bsp_accel_gyro.o
LOAD ./OUT/app.o
LOAD ./OUT/app_accel_gyro.o
LOAD ./OUT/app_test.o
LOAD ./OUT/driver_i2c.o
LOAD ./OUT/alg_stabilizer.o
                0x00000400                _min_heap_size = 0x400
                0x00000004                _vector_spacing = 0x4
                0x00000400                PROVIDE (_min_stack_size, 0x400)
LOAD /opt/microchip/xc32/v2.20/bin/bin/../../lib/gcc/pic32mx/4.8.3/../../../../pic32mx/lib/./proc/32MX795F512L/processor.o
START GROUP
LOAD /opt/microchip/xc32/v2.20/bin/bin/../../lib/gcc/pic32mx/4.8.3/../../../../pic32mx/lib/libmchp_peripheral.a
END GROUP
START GROUP
LOAD /opt/microchip/xc32/v2.20/bin/bin/../../lib/gcc/pic32mx/4.8.3/../../../../pic32mx/lib/libmchp_peripheral_32MX795F512L.a
END GROUP
                0x00000001                PROVIDE (_vector_spacing, 0x1)
                0x9fc01000                _ebase_address = 0x9fc01000
                0xbfc00000                _RESET_ADDR = 0xbfc00000
                0xbfc00380                _BEV_EXCPT_ADDR = 0xbfc00380
                0xbfc00480                _DBG_EXCPT_ADDR = 0xbfc00480
                0xbfc02000                _DBG_CODE_ADDR = 0xbfc02000
                0x00000ff0                _DBG_CODE_SIZE = 0xff0
                0x9fc01180                _GEN_EXCPT_ADDR = (_ebase_address + 0x180)

.config_BFC02FF0
 *(.config_BFC02FF0)

.config_BFC02FF4
                0xbfc02ff4        0x4
 *(.config_BFC02FF4)
 .config_BFC02FF4
                0xbfc02ff4        0x4 ./OUT/app.o

.config_BFC02FF8
                0xbfc02ff8        0x4
 *(.config_BFC02FF8)
 .config_BFC02FF8
                0xbfc02ff8        0x4 ./OUT/app.o

.config_BFC02FFC
                0xbfc02ffc        0x4
 *(.config_BFC02FFC)
 .config_BFC02FFC
                0xbfc02ffc        0x4 ./OUT/app.o

.cal_space      0x9d07f000      0x400
                0x9d07f000                cal_space_flash_addr = .
 *(.cal_space)
 .cal_space     0x9d07f000      0x400 ./OUT/app_accel_gyro.o
                0x9d07f000                accel_gyro_cal

.reset          0xbfc00000      0x1f4
 *(.reset)
 .reset         0xbfc00000       0x10 ./OUT/crt0.o
                0xbfc00000                _reset
 *(.reset.startup)
 .reset.startup
                0xbfc00010      0x1e4 ./OUT/crt0.o

.bev_excpt      0xbfc00380       0x10
 *(.bev_handler)
 .bev_handler   0xbfc00380       0x10 ./OUT/crt0.o

.dbg_excpt      0xbfc00480        0x0
                0xbfc00480                . = (. + DEFINED (_DEBUGGER)?0x8:0x0)

.dbg_code       0xbfc02000        0x0
                0xbfc02000                . = (. + DEFINED (_DEBUGGER)?_DBG_CODE_SIZE:0x0)

.app_excpt      0x9fc01180       0x10
 *(.gen_handler)
 .gen_handler   0x9fc01180       0x10 ./OUT/crt0.o

.vector_0       0x9fc01200       0x10
 *(.vector_0)
 .vector_0      0x9fc01200       0x10 ./OUT/crt0.o
                0x00000001                ASSERT (((_vector_spacing == 0x0) || (SIZEOF (.vector_0) <= (_vector_spacing << 0x5))), function at exception vector 0 too large)

.vector_1       0x9fc01280       0x10
 *(.vector_1)
 .vector_1      0x9fc01280       0x10 ./OUT/bsp_a.o
                0x00000001                ASSERT (((_vector_spacing == 0x0) || (SIZEOF (.vector_1) <= (_vector_spacing << 0x5))), function at exception vector 1 too large)

.vector_2       0x9fc01300       0x10
 *(.vector_2)
 .vector_2      0x9fc01300       0x10 ./OUT/bsp_a.o
                0x00000001                ASSERT (((_vector_spacing == 0x0) || (SIZEOF (.vector_2) <= (_vector_spacing << 0x5))), function at exception vector 2 too large)

.vector_3       0x9fc01380       0x10
 *(.vector_3)
 .vector_3      0x9fc01380       0x10 ./OUT/bsp_a.o
                0x00000001                ASSERT (((_vector_spacing == 0x0) || (SIZEOF (.vector_3) <= (_vector_spacing << 0x5))), function at exception vector 3 too large)

.vector_4       0x9fc01400       0x10
 *(.vector_4)
 .vector_4      0x9fc01400       0x10 ./OUT/bsp_a.o
                0x00000001                ASSERT (((_vector_spacing == 0x0) || (SIZEOF (.vector_4) <= (_vector_spacing << 0x5))), function at exception vector 4 too large)

.vector_5       0x9fc01480       0x10
 *(.vector_5)
 .vector_5      0x9fc01480       0x10 ./OUT/bsp_a.o
                0x00000001                ASSERT (((_vector_spacing == 0x0) || (SIZEOF (.vector_5) <= (_vector_spacing << 0x5))), function at exception vector 5 too large)

.vector_6       0x9fc01500       0x10
 *(.vector_6)
 .vector_6      0x9fc01500       0x10 ./OUT/bsp_a.o
                0x00000001                ASSERT (((_vector_spacing == 0x0) || (SIZEOF (.vector_6) <= (_vector_spacing << 0x5))), function at exception vector 6 too large)

.vector_7       0x9fc01580       0x10
 *(.vector_7)
 .vector_7      0x9fc01580       0x10 ./OUT/bsp_a.o
                0x00000001                ASSERT (((_vector_spacing == 0x0) || (SIZEOF (.vector_7) <= (_vector_spacing << 0x5))), function at exception vector 7 too large)

.vector_8       0x9fc01600        0x8
 *(.vector_8)
 .vector_8      0x9fc01600        0x8 ./OUT/driver_pwm.o
                0x9fc01600                __vector_dispatch_8
                0x00000001                ASSERT (((_vector_spacing == 0x0) || (SIZEOF (.vector_8) <= (_vector_spacing << 0x5))), function at exception vector 8 too large)

.vector_9       0x9fc01680       0x10
 *(.vector_9)
 .vector_9      0x9fc01680       0x10 ./OUT/bsp_a.o
                0x00000001                ASSERT (((_vector_spacing == 0x0) || (SIZEOF (.vector_9) <= (_vector_spacing << 0x5))), function at exception vector 9 too large)

.vector_10      0x9fc01700       0x10
 *(.vector_10)
 .vector_10     0x9fc01700       0x10 ./OUT/bsp_a.o
                0x00000001                ASSERT (((_vector_spacing == 0x0) || (SIZEOF (.vector_10) <= (_vector_spacing << 0x5))), function at exception vector 10 too large)

.vector_11      0x9fc01780       0x10
 *(.vector_11)
 .vector_11     0x9fc01780       0x10 ./OUT/bsp_a.o
                0x00000001                ASSERT (((_vector_spacing == 0x0) || (SIZEOF (.vector_11) <= (_vector_spacing << 0x5))), function at exception vector 11 too large)

.vector_12      0x9fc01800       0x10
 *(.vector_12)
 .vector_12     0x9fc01800       0x10 ./OUT/bsp_a.o
                0x00000001                ASSERT (((_vector_spacing == 0x0) || (SIZEOF (.vector_12) <= (_vector_spacing << 0x5))), function at exception vector 12 too large)

.vector_13      0x9fc01880       0x10
 *(.vector_13)
 .vector_13     0x9fc01880       0x10 ./OUT/bsp_a.o
                0x00000001                ASSERT (((_vector_spacing == 0x0) || (SIZEOF (.vector_13) <= (_vector_spacing << 0x5))), function at exception vector 13 too large)

.vector_14      0x9fc01900        0x8
 *(.vector_14)
 .vector_14     0x9fc01900        0x8 ./OUT/driver_pwm.o
                0x9fc01900                __vector_dispatch_14
                0x00000001                ASSERT (((_vector_spacing == 0x0) || (SIZEOF (.vector_14) <= (_vector_spacing << 0x5))), function at exception vector 14 too large)

.vector_15      0x9fc01980       0x10
 *(.vector_15)
 .vector_15     0x9fc01980       0x10 ./OUT/bsp_a.o
                0x00000001                ASSERT (((_vector_spacing == 0x0) || (SIZEOF (.vector_15) <= (_vector_spacing << 0x5))), function at exception vector 15 too large)

.vector_16      0x9fc01a00        0x0
 *(.vector_16)
                0x00000001                ASSERT (((_vector_spacing == 0x0) || (SIZEOF (.vector_16) <= (_vector_spacing << 0x5))), function at exception vector 16 too large)

.vector_17      0x9fc01a80       0x10
 *(.vector_17)
 .vector_17     0x9fc01a80       0x10 ./OUT/bsp_a.o
                0x00000001                ASSERT (((_vector_spacing == 0x0) || (SIZEOF (.vector_17) <= (_vector_spacing << 0x5))), function at exception vector 17 too large)

.vector_18      0x9fc01b00       0x10
 *(.vector_18)
 .vector_18     0x9fc01b00       0x10 ./OUT/bsp_a.o
                0x00000001                ASSERT (((_vector_spacing == 0x0) || (SIZEOF (.vector_18) <= (_vector_spacing << 0x5))), function at exception vector 18 too large)

.vector_19      0x9fc01b80       0x10
 *(.vector_19)
 .vector_19     0x9fc01b80       0x10 ./OUT/bsp_a.o
                0x00000001                ASSERT (((_vector_spacing == 0x0) || (SIZEOF (.vector_19) <= (_vector_spacing << 0x5))), function at exception vector 19 too large)

.vector_20      0x9fc01c00       0x10
 *(.vector_20)
 .vector_20     0x9fc01c00       0x10 ./OUT/bsp_a.o
                0x00000001                ASSERT (((_vector_spacing == 0x0) || (SIZEOF (.vector_20) <= (_vector_spacing << 0x5))), function at exception vector 20 too large)

.vector_21      0x9fc01c80       0x10
 *(.vector_21)
 .vector_21     0x9fc01c80       0x10 ./OUT/bsp_a.o
                0x00000001                ASSERT (((_vector_spacing == 0x0) || (SIZEOF (.vector_21) <= (_vector_spacing << 0x5))), function at exception vector 21 too large)

.vector_22      0x9fc01d00       0x10
 *(.vector_22)
 .vector_22     0x9fc01d00       0x10 ./OUT/bsp_a.o
                0x00000001                ASSERT (((_vector_spacing == 0x0) || (SIZEOF (.vector_22) <= (_vector_spacing << 0x5))), function at exception vector 22 too large)

.vector_23      0x9fc01d80       0x10
 *(.vector_23)
 .vector_23     0x9fc01d80       0x10 ./OUT/bsp_a.o
                0x00000001                ASSERT (((_vector_spacing == 0x0) || (SIZEOF (.vector_23) <= (_vector_spacing << 0x5))), function at exception vector 23 too large)

.vector_24      0x9fc01e00       0x10
 *(.vector_24)
 .vector_24     0x9fc01e00       0x10 ./OUT/bsp_a.o
                0x00000001                ASSERT (((_vector_spacing == 0x0) || (SIZEOF (.vector_24) <= (_vector_spacing << 0x5))), function at exception vector 24 too large)

.vector_25      0x9fc01e80       0x10
 *(.vector_25)
 .vector_25     0x9fc01e80       0x10 ./OUT/bsp_a.o
                0x00000001                ASSERT (((_vector_spacing == 0x0) || (SIZEOF (.vector_25) <= (_vector_spacing << 0x5))), function at exception vector 25 too large)

.vector_26      0x9fc01f00       0x10
 *(.vector_26)
 .vector_26     0x9fc01f00       0x10 ./OUT/bsp_a.o
                0x00000001                ASSERT (((_vector_spacing == 0x0) || (SIZEOF (.vector_26) <= (_vector_spacing << 0x5))), function at exception vector 26 too large)

.vector_27      0x9fc01f80       0x10
 *(.vector_27)
 .vector_27     0x9fc01f80       0x10 ./OUT/bsp_a.o
                0x00000001                ASSERT (((_vector_spacing == 0x0) || (SIZEOF (.vector_27) <= (_vector_spacing << 0x5))), function at exception vector 27 too large)

.vector_28      0x9fc02000       0x10
 *(.vector_28)
 .vector_28     0x9fc02000       0x10 ./OUT/bsp_a.o
                0x00000001                ASSERT (((_vector_spacing == 0x0) || (SIZEOF (.vector_28) <= (_vector_spacing << 0x5))), function at exception vector 28 too large)

.vector_29      0x9fc02080       0x10
 *(.vector_29)
 .vector_29     0x9fc02080       0x10 ./OUT/bsp_a.o
                0x00000001                ASSERT (((_vector_spacing == 0x0) || (SIZEOF (.vector_29) <= (_vector_spacing << 0x5))), function at exception vector 29 too large)

.vector_30      0x9fc02100       0x10
 *(.vector_30)
 .vector_30     0x9fc02100       0x10 ./OUT/bsp_a.o
                0x00000001                ASSERT (((_vector_spacing == 0x0) || (SIZEOF (.vector_30) <= (_vector_spacing << 0x5))), function at exception vector 30 too large)

.vector_31      0x9fc02180       0x10
 *(.vector_31)
 .vector_31     0x9fc02180       0x10 ./OUT/bsp_a.o
                0x00000001                ASSERT (((_vector_spacing == 0x0) || (SIZEOF (.vector_31) <= (_vector_spacing << 0x5))), function at exception vector 31 too large)

.vector_32      0x9fc02200       0x10
 *(.vector_32)
 .vector_32     0x9fc02200       0x10 ./OUT/bsp_a.o
                0x00000001                ASSERT (((_vector_spacing == 0x0) || (SIZEOF (.vector_32) <= (_vector_spacing << 0x5))), function at exception vector 32 too large)

.vector_33      0x9fc02280       0x10
 *(.vector_33)
 .vector_33     0x9fc02280       0x10 ./OUT/bsp_a.o
                0x00000001                ASSERT (((_vector_spacing == 0x0) || (SIZEOF (.vector_33) <= (_vector_spacing << 0x5))), function at exception vector 33 too large)

.vector_34      0x9fc02300       0x10
 *(.vector_34)
 .vector_34     0x9fc02300       0x10 ./OUT/bsp_a.o
                0x00000001                ASSERT (((_vector_spacing == 0x0) || (SIZEOF (.vector_34) <= (_vector_spacing << 0x5))), function at exception vector 34 too large)

.vector_35      0x9fc02380       0x10
 *(.vector_35)
 .vector_35     0x9fc02380       0x10 ./OUT/bsp_a.o
                0x00000001                ASSERT (((_vector_spacing == 0x0) || (SIZEOF (.vector_35) <= (_vector_spacing << 0x5))), function at exception vector 35 too large)

.vector_36      0x9fc02400       0x10
 *(.vector_36)
 .vector_36     0x9fc02400       0x10 ./OUT/bsp_a.o
                0x00000001                ASSERT (((_vector_spacing == 0x0) || (SIZEOF (.vector_36) <= (_vector_spacing << 0x5))), function at exception vector 36 too large)

.vector_37      0x9fc02480       0x10
 *(.vector_37)
 .vector_37     0x9fc02480       0x10 ./OUT/bsp_a.o
                0x00000001                ASSERT (((_vector_spacing == 0x0) || (SIZEOF (.vector_37) <= (_vector_spacing << 0x5))), function at exception vector 37 too large)

.vector_38      0x9fc02500       0x10
 *(.vector_38)
 .vector_38     0x9fc02500       0x10 ./OUT/bsp_a.o
                0x00000001                ASSERT (((_vector_spacing == 0x0) || (SIZEOF (.vector_38) <= (_vector_spacing << 0x5))), function at exception vector 38 too large)

.vector_39      0x9fc02580       0x10
 *(.vector_39)
 .vector_39     0x9fc02580       0x10 ./OUT/bsp_a.o
                0x00000001                ASSERT (((_vector_spacing == 0x0) || (SIZEOF (.vector_39) <= (_vector_spacing << 0x5))), function at exception vector 39 too large)

.vector_40      0x9fc02600       0x10
 *(.vector_40)
 .vector_40     0x9fc02600       0x10 ./OUT/bsp_a.o
                0x00000001                ASSERT (((_vector_spacing == 0x0) || (SIZEOF (.vector_40) <= (_vector_spacing << 0x5))), function at exception vector 40 too large)

.vector_41      0x9fc02680       0x10
 *(.vector_41)
 .vector_41     0x9fc02680       0x10 ./OUT/bsp_a.o
                0x00000001                ASSERT (((_vector_spacing == 0x0) || (SIZEOF (.vector_41) <= (_vector_spacing << 0x5))), function at exception vector 41 too large)

.vector_42      0x9fc02700       0x10
 *(.vector_42)
 .vector_42     0x9fc02700       0x10 ./OUT/bsp_a.o
                0x00000001                ASSERT (((_vector_spacing == 0x0) || (SIZEOF (.vector_42) <= (_vector_spacing << 0x5))), function at exception vector 42 too large)

.vector_43      0x9fc02780       0x10
 *(.vector_43)
 .vector_43     0x9fc02780       0x10 ./OUT/bsp_a.o
                0x00000001                ASSERT (((_vector_spacing == 0x0) || (SIZEOF (.vector_43) <= (_vector_spacing << 0x5))), function at exception vector 43 too large)

.vector_44      0x9fc02800       0x10
 *(.vector_44)
 .vector_44     0x9fc02800       0x10 ./OUT/bsp_a.o
                0x00000001                ASSERT (((_vector_spacing == 0x0) || (SIZEOF (.vector_44) <= (_vector_spacing << 0x5))), function at exception vector 44 too large)

.vector_45      0x9fc02880       0x10
 *(.vector_45)
 .vector_45     0x9fc02880       0x10 ./OUT/bsp_a.o
                0x00000001                ASSERT (((_vector_spacing == 0x0) || (SIZEOF (.vector_45) <= (_vector_spacing << 0x5))), function at exception vector 45 too large)

.vector_46      0x9fc02900       0x10
 *(.vector_46)
 .vector_46     0x9fc02900       0x10 ./OUT/bsp_a.o
                0x00000001                ASSERT (((_vector_spacing == 0x0) || (SIZEOF (.vector_46) <= (_vector_spacing << 0x5))), function at exception vector 46 too large)

.vector_47      0x9fc02980       0x10
 *(.vector_47)
 .vector_47     0x9fc02980       0x10 ./OUT/bsp_a.o
                0x00000001                ASSERT (((_vector_spacing == 0x0) || (SIZEOF (.vector_47) <= (_vector_spacing << 0x5))), function at exception vector 47 too large)

.vector_48      0x9fc02a00       0x10
 *(.vector_48)
 .vector_48     0x9fc02a00       0x10 ./OUT/bsp_a.o
                0x00000001                ASSERT (((_vector_spacing == 0x0) || (SIZEOF (.vector_48) <= (_vector_spacing << 0x5))), function at exception vector 48 too large)

.vector_49      0x9fc02a80       0x10
 *(.vector_49)
 .vector_49     0x9fc02a80       0x10 ./OUT/bsp_a.o
                0x00000001                ASSERT (((_vector_spacing == 0x0) || (SIZEOF (.vector_49) <= (_vector_spacing << 0x5))), function at exception vector 49 too large)

.vector_50      0x9fc02b00       0x10
 *(.vector_50)
 .vector_50     0x9fc02b00       0x10 ./OUT/bsp_a.o
                0x00000001                ASSERT (((_vector_spacing == 0x0) || (SIZEOF (.vector_50) <= (_vector_spacing << 0x5))), function at exception vector 50 too large)

.vector_51      0x9fc02b80       0x10
 *(.vector_51)
 .vector_51     0x9fc02b80       0x10 ./OUT/bsp_a.o
                0x00000001                ASSERT (((_vector_spacing == 0x0) || (SIZEOF (.vector_51) <= (_vector_spacing << 0x5))), function at exception vector 51 too large)

.vector_52      0x9fc02c00        0x0
 *(.vector_52)
                0x00000001                ASSERT (((_vector_spacing == 0x0) || (SIZEOF (.vector_52) <= (_vector_spacing << 0x5))), function at exception vector 52 too large)

.vector_53      0x9fc02c80        0x0
 *(.vector_53)
                0x00000001                ASSERT (((_vector_spacing == 0x0) || (SIZEOF (.vector_53) <= (_vector_spacing << 0x5))), function at exception vector 53 too large)

.vector_54      0x9fc02d00        0x0
 *(.vector_54)
                0x00000001                ASSERT (((_vector_spacing == 0x0) || (SIZEOF (.vector_54) <= (_vector_spacing << 0x5))), function at exception vector 54 too large)

.vector_55      0x9fc02d80        0x0
 *(.vector_55)
                0x00000001                ASSERT (((_vector_spacing == 0x0) || (SIZEOF (.vector_55) <= (_vector_spacing << 0x5))), function at exception vector 55 too large)

.vector_56      0x9fc02e00        0x0
 *(.vector_56)
                0x00000001                ASSERT (((_vector_spacing == 0x0) || (SIZEOF (.vector_56) <= (_vector_spacing << 0x5))), function at exception vector 56 too large)

.vector_57      0x9fc02e80        0x0
 *(.vector_57)
                0x00000001                ASSERT (((_vector_spacing == 0x0) || (SIZEOF (.vector_57) <= (_vector_spacing << 0x5))), function at exception vector 57 too large)

.vector_58      0x9fc02f00        0x0
 *(.vector_58)
                0x00000001                ASSERT (((_vector_spacing == 0x0) || (SIZEOF (.vector_58) <= (_vector_spacing << 0x5))), function at exception vector 58 too large)

.vector_59      0x9fc02f80        0x0
 *(.vector_59)
                0x00000001                ASSERT (((_vector_spacing == 0x0) || (SIZEOF (.vector_59) <= (_vector_spacing << 0x5))), function at exception vector 59 too large)

.vector_60      0x9fc03000        0x0
 *(.vector_60)
                0x00000001                ASSERT (((_vector_spacing == 0x0) || (SIZEOF (.vector_60) <= (_vector_spacing << 0x5))), function at exception vector 60 too large)

.vector_61      0x9fc03080        0x0
 *(.vector_61)
                0x00000001                ASSERT (((_vector_spacing == 0x0) || (SIZEOF (.vector_61) <= (_vector_spacing << 0x5))), function at exception vector 61 too large)

.vector_62      0x9fc03100        0x0
 *(.vector_62)
                0x00000001                ASSERT (((_vector_spacing == 0x0) || (SIZEOF (.vector_62) <= (_vector_spacing << 0x5))), function at exception vector 62 too large)

.vector_63      0x9fc03180        0x0
 *(.vector_63)
                0x00000001                ASSERT (((_vector_spacing == 0x0) || (SIZEOF (.vector_63) <= (_vector_spacing << 0x5))), function at exception vector 63 too large)

.startup
 *(.startup)

.text           0x9d000000       0xf8
 *(.stub .gnu.linkonce.t.*)
 .gnu.linkonce.t._ZN17AppAccelGyroClassC1Ev
                0x9d000000       0x24 ./OUT/app_accel_gyro.o
                0x9d000000                AppAccelGyroClass::AppAccelGyroClass()
 .gnu.linkonce.t._Z5atan2IssEN14_Combined_typeIfN13_Real_widenedIN10_Real_typeIT_E5_TypeENS2_IT0_E5_TypeEE5_TypeEE5_TypeES3_S6_
                0x9d000024       0x88 ./OUT/app_accel_gyro.o
                0x9d000024                _Combined_type<float, _Real_widened<_Real_type<short>::_Type, _Real_type<short>::_Type>::_Type>::_Type atan2<short, short>(short, short)
 .gnu.linkonce.t._Z11_Rc_convertIsdffET0_RKT_PS0_PT1_PT2_
                0x9d0000ac       0x4c ./OUT/app_accel_gyro.o
                0x9d0000ac                double _Rc_convert<short, double, float, float>(short const&, double*, float*, float*)
 *(.text.*personality*)
 *(.mips16.fn.*)
 *(.mips16.call.*)
 *(.gnu.warning)
                0x9d0000f8                . = ALIGN (0x4)

.init           0x9d0000f8        0x0
 *crti.o(.init)
 *crtbegin.o(.init)
 *(EXCLUDE_FILE(*crtn.o *crtend?.o *crtend.o) .init)
 *crtend.o(.init)
 *crtn.o(.init)
                0x9d0000f8                . = ALIGN (0x4)

.fini           0x9d0000f8        0x0
 *(.fini)
                0x9d0000f8                . = ALIGN (0x4)

.preinit_array  0x9d0000f8        0x0
                0x9d0000f8                PROVIDE (__preinit_array_start, .)
 *(.preinit_array)
                0x9d0000f8                PROVIDE (__preinit_array_end, .)
                0x9d0000f8                . = ALIGN (0x4)

.init_array     0x9d0000f8        0x0
                0x9d0000f8                PROVIDE (__init_array_start, .)
 *(SORT(.init_array.*))
 *(.init_array)
                0x9d0000f8                PROVIDE (__init_array_end, .)
                0x9d0000f8                . = ALIGN (0x4)

.fini_array     0x9d0000f8        0x0
                0x9d0000f8                PROVIDE (__fini_array_start, .)
 *(SORT(.fini_array.*))
 *(.fini_array)
                0x9d0000f8                PROVIDE (__fini_array_end, .)
                0x9d0000f8                . = ALIGN (0x4)

.ctors          0x9d0000f8        0xc
 *crtbegin.o(.ctors)
 *crtbegin?.o(.ctors)
 *(EXCLUDE_FILE(*crtend?.o *crtend.o) .ctors)
 .ctors         0x9d0000f8        0x4 ./OUT/app_accel_gyro.o
 .ctors         0x9d0000fc        0x4 ./OUT/driver_i2c.o
 .ctors         0x9d000100        0x4 ./OUT/alg_stabilizer.o
 *(SORT(.ctors.*))
 *(.ctors)
                0x9d000104                . = ALIGN (0x4)

.dtors          0x9d000104        0x0
 *crtbegin.o(.dtors)
 *crtbegin?.o(.dtors)
 *(EXCLUDE_FILE(*crtend?.o *crtend.o) .dtors)
 *(SORT(.dtors.*))
 *(.dtors)
                0x9d000104                . = ALIGN (0x4)

.rodata         0x9d000104        0x0
 *(.gnu.linkonce.r.*)
 *(.rodata1)
                0x9d000104                . = ALIGN (0x4)

.sdata2         0x9d000104        0x0
 *(.sdata2 .sdata2.* .gnu.linkonce.s2.*)
                0x9d000104                . = ALIGN (0x4)

.sbss2          0x9d000104        0x0
 *(.sbss2 .sbss2.* .gnu.linkonce.sb2.*)
                0x9d000104                . = ALIGN (0x4)

.eh_frame_hdr
 *(.eh_frame_hdr)
                0x9d000104                . = ALIGN (0x4)

.eh_frame
 *(.eh_frame)
                0x9d000104                . = ALIGN (0x4)

.gcc_except_table
 *(.gcc_except_table .gcc_except_table.*)
                0x9d000104                . = ALIGN (0x4)

.dbg_data       0xa0000000        0x0
                0xa0000000                . = (. + DEFINED (_DEBUGGER)?0x200:0x0)

.jcr            0xa0000000        0x0
 *(.jcr)
                0xa0000000                . = ALIGN (0x4)

.eh_frame
 *(.eh_frame)
                0xa0000000                . = ALIGN (0x4)

.gcc_except_table
 *(.gcc_except_table .gcc_except_table.*)
                0xa0000000                . = ALIGN (0x4)

.persist        0xa0000000        0x0
                0xa0000000                _persist_begin = .
 *(.persist .persist.*)
 *(.pbss .pbss.*)
                0xa0000000                . = ALIGN (0x4)
                0xa0000000                _persist_end = .

.data           0xa0000000        0x0
 *(.gnu.linkonce.d.*)
 *(.data1)
                0xa0000000                . = ALIGN (0x4)
                0xa0000000                . = .
                0xa0007ff0                _gp = (ALIGN (0x10) + 0x7ff0)

.got            0xa0000000        0x0
 *(.got.plt)
 *(.got)
                0xa0000000                . = ALIGN (0x4)

.sdata          0xa0000000       0x2c
                0xa0000000                _sdata_begin = .
 *(.sdata .sdata.* .gnu.linkonce.s.*)
 .sdata         0xa0000000        0x4 ./OUT/driver_spi.o
                0xa0000000                curr_spi_cfg_p
 .sdata         0xa0000004       0x18 ./OUT/comms_xbee.o
                0xa0000004                comms_xbee_64bitaddr_desktop
                0xa000000c                comms_xbee_addr_desktop
                0xa0000010                comms_xbee_addr_work_laptop
                0xa0000014                comms_xbee_addr_xbee_ctrl
                0xa0000018                comms_xbee_dest_port
 .sdata         0xa000001c        0xc ./OUT/alg_stabilizer.o
 .sdata         0xa0000028        0x4 /opt/microchip/xc32/v2.20/bin/bin/../../lib/gcc/pic32mx/4.8.3/../../../../pic32mx/lib/libpic32.a(xc32_uart.o)
                0xa0000028                __XC_UART
                0xa000002c                . = ALIGN (0x4)
                0xa000002c                _sdata_end = .

.lit8
 *(.lit8)

.lit4
 *(.lit4)
                0xa000002c                . = ALIGN (0x4)
                0xa000002c                _data_end = .
                0xa000002c                _bss_begin = .

.sbss           0xa000002c      0x14c
                0xa000002c                _sbss_begin = .
 *(.dynsbss)
 *(.sbss .sbss.* .gnu.linkonce.sb.*)
 .sbss          0xa000002c        0x4 ./OUT/bsp_accel_gyro_int.o
 .sbss          0xa0000030        0xc ./OUT/bsp_xbee.o
 .sbss          0xa000003c        0xc ./OUT/driver_pwm.o
 .sbss          0xa0000048       0x10 ./OUT/comms_xbee.o
                0xa000004c                comms_xbee_src_port
 .sbss          0xa0000058        0x8 ./OUT/app_accel_gyro.o
                0xa0000058                AclGyro
 .sbss          0xa0000060       0x44 ./OUT/alg_stabilizer.o
 *(.scommon)
 .scommon       0xa00000a4        0x8 ./OUT/bsp_accel_gyro_int.o
                0xa00000a4                tcb_list
 .scommon       0xa00000ac        0x4 ./OUT/driver_pwm.o
                0xa00000ac                curr_pwm_cfg_p
 .scommon       0xa00000b0        0x4 ./OUT/cpu_core.o
                0xa00000b0                CPU_TS_TmrFreq_Hz
 .scommon       0xa00000b4        0x4 ./OUT/lib_math.o
                0xa00000b4                Math_RandSeedCur
 .scommon       0xa00000b8        0x4 ./OUT/lib_mem.o
                0xa00000b8                Mem_PoolTbl
 .scommon       0xa00000bc       0xb8 ./OUT/os_var.o
                0xa00000bc                OS_AppTaskDelHookPtr
                0xa00000c0                OSIntQMaxNbrEntries
                0xa00000c4                OSTmrUpdateCnt
                0xa00000c8                OS_AppTimeTickHookPtr
                0xa00000cc                OSTickCtr
                0xa00000d0                OSTmrTaskTimeMax
                0xa00000d4                OSStatTaskRdy
                0xa00000d8                OSStatTaskTimeMax
                0xa00000dc                OSFlagQty
                0xa00000e0                OS_AppIdleTaskHookPtr
                0xa00000e4                OSSemDbgListPtr
                0xa00000e8                OSPrioHighRdy
                0xa00000ec                OSMutexDbgListPtr
                0xa00000f0                OSPrioSaved
                0xa00000f1                OSIntNestingCtr
                0xa00000f2                OSRunning
                0xa00000f4                OS_AppTaskReturnHookPtr
                0xa00000f8                OSTaskDbgListPtr
                0xa00000fc                OS_AppStatTaskHookPtr
                0xa0000100                OSIntQTaskTimeMax
                0xa0000104                OSTmrQty
                0xa0000108                OSMsgPool
                0xa0000110                OSTaskQty
                0xa0000114                OSStatTaskCtr
                0xa0000118                OSMutexQty
                0xa000011a                OSMemQty
                0xa000011c                OSIdleTaskCtr
                0xa0000120                OSStatTaskCtrRun
                0xa0000124                OSMemDbgListPtr
                0xa0000128                OSTCBCurPtr
                0xa000012c                OSSemQty
                0xa0000130                OSTickTaskTimeMax
                0xa0000134                OSFlagDbgListPtr
                0xa0000138                OS_AppTaskCreateHookPtr
                0xa000013c                OSQDbgListPtr
                0xa0000140                OSTmrUpdateCtr
                0xa0000144                OSIntQOvfCtr
                0xa0000146                OSSchedLockNestingCtr
                0xa0000148                OSTCBHighRdyPtr
                0xa000014c                OSTmrDbgListPtr
                0xa0000150                OSIntQInPtr
                0xa0000154                OSPrioCur
                0xa0000155                OSStatTaskCPUUsage
                0xa0000158                OSTmrTickCtr
                0xa000015c                OSStatTaskCtrMax
                0xa0000160                OS_AppTaskSwHookPtr
                0xa0000164                OSTaskCtxSwCtr
                0xa0000168                OSIntQNbrEntries
                0xa000016a                OSQQty
                0xa000016c                OSStatResetFlag
                0xa0000170                OSIntQOutPtr
 .scommon       0xa0000174        0x4 ./OUT/os_prio.o
                0xa0000174                OSPrioTbl
                0xa0000178                _sbss_end = .
                0xa0000178                . = ALIGN (0x4)

.bss            0xa0000178     0xa56c
 *(.dynbss)
 *(COMMON)
 COMMON         0xa0000178       0x28 ./OUT/driver_uart.o
                0xa0000178                UART_ctrl
 COMMON         0xa00001a0       0x10 ./OUT/cpu_core.o
                0xa00001a0                CPU_Name
 COMMON         0xa00001b0     0x6044 ./OUT/lib_mem.o
                0xa00001b0                Mem_PoolHeap
                0xa00001f4                Mem_Heap
 COMMON         0xa00061f4      0x380 ./OUT/os_var.o
                0xa00061f4                OSRdyList
                0xa0006254                OSTickTaskTCB
                0xa00062f4                OSTmrTaskTCB
                0xa0006394                OSIntQTaskTCB
                0xa0006434                OSIdleTaskTCB
                0xa00064d4                OSStatTaskTCB
 COMMON         0xa0006574     0x3890 ./OUT/os_cfg_app.o
                0xa0006574                OSCfg_MsgPool
                0xa0006bb4                OSCfg_TmrTaskStk
                0xa00073b4                OSCfg_IntQTaskStk
                0xa0007bb4                OSCfg_ISRStk
                0xa00083b4                OSCfg_TmrWheel
                0xa000843c                OSCfg_IntQ
                0xa000857c                OSCfg_TickWheel
                0xa0008604                OSCfg_TickTaskStk
                0xa0008e04                OSCfg_IdleTaskStk
                0xa0009604                OSCfg_StatTaskStk
 COMMON         0xa0009e04      0x8e0 ./OUT/comms_xbee.o
                0xa0009e04                comms_xbee_tx_mem_ctrl_blk
                0xa0009e24                xbee_rx_cbs
                0xa0009e44                comms_xbee_stack
                0xa000a644                comms_xbee_TCB
                0xa000a6e4                . = ALIGN ((. != 0x0)?0x4:0x1)
                0xa000a6e4                . = ALIGN (0x4)
                0xa000a6e4                _end = .
                0xa000a6e4                _bss_end = .
                0x00020000                _bmxdudba_address = 0x20000
                0x00020000                _bmxdupba_address = 0x20000

/DISCARD/
 *(.pdr)
 *(.rel.dyn)
 *(.note.GNU-stack)
 *(.note.GNU-stack)
 *(.gnu_debuglink)
 *(.gnu.lto_*)
 *(.discard)

.gptab.sdata
 *(.gptab.data)
 *(.gptab.sdata)

.gptab.sbss
 *(.gptab.bss)
 *(.gptab.sbss)

.mdebug.abi32   0xa000a6e4        0x0
 *(.mdebug.abi32)
 .mdebug.abi32  0xa000a6e4        0x0 ./OUT/bsp_utils.o
 .mdebug.abi32  0xa000a6e4        0x0 ./OUT/bsp_accel_gyro_int.o
 .mdebug.abi32  0xa000a6e4        0x0 ./OUT/bsp_xbee.o
 .mdebug.abi32  0xa000a6e4        0x0 ./OUT/bsp.o
 .mdebug.abi32  0xa000a6e4        0x0 ./OUT/PIC32INTlib.o
 .mdebug.abi32  0xa000a6e4        0x0 ./OUT/os_app_hooks.o
 .mdebug.abi32  0xa000a6e4        0x0 ./OUT/driver_flash.o
 .mdebug.abi32  0xa000a6e4        0x0 ./OUT/driver_spi.o
 .mdebug.abi32  0xa000a6e4        0x0 ./OUT/driver_uart.o
 .mdebug.abi32  0xa000a6e4        0x0 ./OUT/driver_analog.o
 .mdebug.abi32  0xa000a6e4        0x0 ./OUT/driver_pwm.o
 .mdebug.abi32  0xa000a6e4        0x0 ./OUT/cpu_c.o
 .mdebug.abi32  0xa000a6e4        0x0 ./OUT/cpu_core.o
 .mdebug.abi32  0xa000a6e4        0x0 ./OUT/lib_ascii.o
 .mdebug.abi32  0xa000a6e4        0x0 ./OUT/lib_math.o
 .mdebug.abi32  0xa000a6e4        0x0 ./OUT/lib_str.o
 .mdebug.abi32  0xa000a6e4        0x0 ./OUT/lib_mem.o
 .mdebug.abi32  0xa000a6e4        0x0 ./OUT/os_msg.o
 .mdebug.abi32  0xa000a6e4        0x0 ./OUT/os_flag.o
 .mdebug.abi32  0xa000a6e4        0x0 ./OUT/os_mutex.o
 .mdebug.abi32  0xa000a6e4        0x0 ./OUT/os_mem.o
 .mdebug.abi32  0xa000a6e4        0x0 ./OUT/os_tick.o
 .mdebug.abi32  0xa000a6e4        0x0 ./OUT/os_cpu_c.o
 .mdebug.abi32  0xa000a6e4        0x0 ./OUT/os_var.o
 .mdebug.abi32  0xa000a6e4        0x0 ./OUT/os_q.o
 .mdebug.abi32  0xa000a6e4        0x0 ./OUT/os_dbg.o
 .mdebug.abi32  0xa000a6e4        0x0 ./OUT/os_stat.o
 .mdebug.abi32  0xa000a6e4        0x0 ./OUT/os_tmr.o
 .mdebug.abi32  0xa000a6e4        0x0 ./OUT/os_pend_multi.o
 .mdebug.abi32  0xa000a6e4        0x0 ./OUT/os_core.o
 .mdebug.abi32  0xa000a6e4        0x0 ./OUT/os_cfg_app.o
 .mdebug.abi32  0xa000a6e4        0x0 ./OUT/os_task.o
 .mdebug.abi32  0xa000a6e4        0x0 ./OUT/os_sem.o
 .mdebug.abi32  0xa000a6e4        0x0 ./OUT/os_time.o
 .mdebug.abi32  0xa000a6e4        0x0 ./OUT/os_int.o
 .mdebug.abi32  0xa000a6e4        0x0 ./OUT/os_prio.o
 .mdebug.abi32  0xa000a6e4        0x0 ./OUT/comms_xbee.o
 .mdebug.abi32  0xa000a6e4        0x0 ./OUT/bsp_motor.o
 .mdebug.abi32  0xa000a6e4        0x0 ./OUT/bsp_accel_gyro.o
 .mdebug.abi32  0xa000a6e4        0x0 ./OUT/app.o
 .mdebug.abi32  0xa000a6e4        0x0 ./OUT/app_accel_gyro.o
 .mdebug.abi32  0xa000a6e4        0x0 ./OUT/app_test.o
 .mdebug.abi32  0xa000a6e4        0x0 ./OUT/driver_i2c.o
 .mdebug.abi32  0xa000a6e4        0x0 ./OUT/alg_stabilizer.o
 .mdebug.abi32  0xa000a6e4        0x0 /opt/microchip/xc32/v2.20/bin/bin/../../lib/gcc/pic32mx/4.8.3/../../../../pic32mx/lib/libmchp_peripheral_32MX795F512L.a(pcache.o)
 .mdebug.abi32  0xa000a6e4        0x0 /opt/microchip/xc32/v2.20/bin/bin/../../lib/gcc/pic32mx/4.8.3/libgcc.a(floatunsisf.o)
 .mdebug.abi32  0xa000a6e4        0x0 /opt/microchip/xc32/v2.20/bin/bin/../../lib/gcc/pic32mx/4.8.3/../../../../pic32mx/lib/libpic32.a(default-bootstrap-exception-handler.o)
 .mdebug.abi32  0xa000a6e4        0x0 /opt/microchip/xc32/v2.20/bin/bin/../../lib/gcc/pic32mx/4.8.3/../../../../pic32mx/lib/libpic32.a(default-on-reset.o)
 .mdebug.abi32  0xa000a6e4        0x0 /opt/microchip/xc32/v2.20/bin/bin/../../lib/gcc/pic32mx/4.8.3/../../../../pic32mx/lib/libpic32.a(default-on-bootstrap.o)
 .mdebug.abi32  0xa000a6e4        0x0 /opt/microchip/xc32/v2.20/bin/bin/../../lib/gcc/pic32mx/4.8.3/../../../../pic32mx/lib/libxcpp.a(atan2.o)
 .mdebug.abi32  0xa000a6e4        0x0 /opt/microchip/xc32/v2.20/bin/bin/../../lib/gcc/pic32mx/4.8.3/../../../../pic32mx/lib/libxcpp.a(atan2f.o)
 .mdebug.abi32  0xa000a6e4        0x0 /opt/microchip/xc32/v2.20/bin/bin/../../lib/gcc/pic32mx/4.8.3/../../../../pic32mx/lib/libxcpp.a(free.o)
 .mdebug.abi32  0xa000a6e4        0x0 /opt/microchip/xc32/v2.20/bin/bin/../../lib/gcc/pic32mx/4.8.3/../../../../pic32mx/lib/libxcpp.a(malloc.o)
 .mdebug.abi32  0xa000a6e4        0x0 /opt/microchip/xc32/v2.20/bin/bin/../../lib/gcc/pic32mx/4.8.3/../../../../pic32mx/lib/libxcpp.a(memmove.o)
 .mdebug.abi32  0xa000a6e4        0x0 /opt/microchip/xc32/v2.20/bin/bin/../../lib/gcc/pic32mx/4.8.3/../../../../pic32mx/lib/libxcpp.a(realloc.o)
 .mdebug.abi32  0xa000a6e4        0x0 /opt/microchip/xc32/v2.20/bin/bin/../../lib/gcc/pic32mx/4.8.3/../../../../pic32mx/lib/libxcpp.a(sqrtf.o)
 .mdebug.abi32  0xa000a6e4        0x0 /opt/microchip/xc32/v2.20/bin/bin/../../lib/gcc/pic32mx/4.8.3/../../../../pic32mx/lib/libxcpp.a(vsnprint.o)
 .mdebug.abi32  0xa000a6e4        0x0 /opt/microchip/xc32/v2.20/bin/bin/../../lib/gcc/pic32mx/4.8.3/../../../../pic32mx/lib/libxcpp.a(xassert.o)
 .mdebug.abi32  0xa000a6e4        0x0 /opt/microchip/xc32/v2.20/bin/bin/../../lib/gcc/pic32mx/4.8.3/../../../../pic32mx/lib/libxcpp.a(xatan.o)
 .mdebug.abi32  0xa000a6e4        0x0 /opt/microchip/xc32/v2.20/bin/bin/../../lib/gcc/pic32mx/4.8.3/../../../../pic32mx/lib/libxcpp.a(xdtest.o)
 .mdebug.abi32  0xa000a6e4        0x0 /opt/microchip/xc32/v2.20/bin/bin/../../lib/gcc/pic32mx/4.8.3/../../../../pic32mx/lib/libxcpp.a(xfatan.o)
 .mdebug.abi32  0xa000a6e4        0x0 /opt/microchip/xc32/v2.20/bin/bin/../../lib/gcc/pic32mx/4.8.3/../../../../pic32mx/lib/libxcpp.a(xfdscale.o)
 .mdebug.abi32  0xa000a6e4        0x0 /opt/microchip/xc32/v2.20/bin/bin/../../lib/gcc/pic32mx/4.8.3/../../../../pic32mx/lib/libxcpp.a(xfdtest.o)
 .mdebug.abi32  0xa000a6e4        0x0 /opt/microchip/xc32/v2.20/bin/bin/../../lib/gcc/pic32mx/4.8.3/../../../../pic32mx/lib/libxcpp.a(xfdunsca.o)
 .mdebug.abi32  0xa000a6e4        0x0 /opt/microchip/xc32/v2.20/bin/bin/../../lib/gcc/pic32mx/4.8.3/../../../../pic32mx/lib/libxcpp.a(xferaise.o)
 .mdebug.abi32  0xa000a6e4        0x0 /opt/microchip/xc32/v2.20/bin/bin/../../lib/gcc/pic32mx/4.8.3/../../../../pic32mx/lib/libxcpp.a(xfiles.o)
 .mdebug.abi32  0xa000a6e4        0x0 /opt/microchip/xc32/v2.20/bin/bin/../../lib/gcc/pic32mx/4.8.3/../../../../pic32mx/lib/libxcpp.a(xfvalues.o)
 .mdebug.abi32  0xa000a6e4        0x0 /opt/microchip/xc32/v2.20/bin/bin/../../lib/gcc/pic32mx/4.8.3/../../../../pic32mx/lib/libxcpp.a(xgetmem.o)
 .mdebug.abi32  0xa000a6e4        0x0 /opt/microchip/xc32/v2.20/bin/bin/../../lib/gcc/pic32mx/4.8.3/../../../../pic32mx/lib/libxcpp.a(xprintf.o)
 .mdebug.abi32  0xa000a6e4        0x0 /opt/microchip/xc32/v2.20/bin/bin/../../lib/gcc/pic32mx/4.8.3/../../../../pic32mx/lib/libxcpp.a(xputfld.o)
 .mdebug.abi32  0xa000a6e4        0x0 /opt/microchip/xc32/v2.20/bin/bin/../../lib/gcc/pic32mx/4.8.3/../../../../pic32mx/lib/libxcpp.a(xputstr.o)
 .mdebug.abi32  0xa000a6e4        0x0 /opt/microchip/xc32/v2.20/bin/bin/../../lib/gcc/pic32mx/4.8.3/../../../../pic32mx/lib/libxcpp.a(xputtxt.o)
 .mdebug.abi32  0xa000a6e4        0x0 /opt/microchip/xc32/v2.20/bin/bin/../../lib/gcc/pic32mx/4.8.3/../../../../pic32mx/lib/libxcpp.a(xstate.o)
 .mdebug.abi32  0xa000a6e4        0x0 /opt/microchip/xc32/v2.20/bin/bin/../../lib/gcc/pic32mx/4.8.3/../../../../pic32mx/lib/libxcpp.a(xvacopy.o)
 .mdebug.abi32  0xa000a6e4        0x0 /opt/microchip/xc32/v2.20/bin/bin/../../lib/gcc/pic32mx/4.8.3/../../../../pic32mx/lib/libxcpp.a(xvalues.o)
 .mdebug.abi32  0xa000a6e4        0x0 /opt/microchip/xc32/v2.20/bin/bin/../../lib/gcc/pic32mx/4.8.3/../../../../pic32mx/lib/libxcpp.a(xwctomb.o)
 .mdebug.abi32  0xa000a6e4        0x0 /opt/microchip/xc32/v2.20/bin/bin/../../lib/gcc/pic32mx/4.8.3/../../../../pic32mx/lib/libxcpp.a(xfail_s.o)
 .mdebug.abi32  0xa000a6e4        0x0 /opt/microchip/xc32/v2.20/bin/bin/../../lib/gcc/pic32mx/4.8.3/../../../../pic32mx/lib/libxcpp.a(feraiseexcept.o)
 .mdebug.abi32  0xa000a6e4        0x0 /opt/microchip/xc32/v2.20/bin/bin/../../lib/gcc/pic32mx/4.8.3/../../../../pic32mx/lib/libxcpp.a(abort.o)
 .mdebug.abi32  0xa000a6e4        0x0 /opt/microchip/xc32/v2.20/bin/bin/../../lib/gcc/pic32mx/4.8.3/../../../../pic32mx/lib/libxcpp.a(errno.o)
 .mdebug.abi32  0xa000a6e4        0x0 /opt/microchip/xc32/v2.20/bin/bin/../../lib/gcc/pic32mx/4.8.3/../../../../pic32mx/lib/libxcpp.a(exit.o)
 .mdebug.abi32  0xa000a6e4        0x0 /opt/microchip/xc32/v2.20/bin/bin/../../lib/gcc/pic32mx/4.8.3/../../../../pic32mx/lib/libxcpp.a(fflush.o)
 .mdebug.abi32  0xa000a6e4        0x0 /opt/microchip/xc32/v2.20/bin/bin/../../lib/gcc/pic32mx/4.8.3/../../../../pic32mx/lib/libxcpp.a(fputc.o)
 .mdebug.abi32  0xa000a6e4        0x0 /opt/microchip/xc32/v2.20/bin/bin/../../lib/gcc/pic32mx/4.8.3/../../../../pic32mx/lib/libxcpp.a(fputs.o)
 .mdebug.abi32  0xa000a6e4        0x0 /opt/microchip/xc32/v2.20/bin/bin/../../lib/gcc/pic32mx/4.8.3/../../../../pic32mx/lib/libxcpp.a(memchr.o)
 .mdebug.abi32  0xa000a6e4        0x0 /opt/microchip/xc32/v2.20/bin/bin/../../lib/gcc/pic32mx/4.8.3/../../../../pic32mx/lib/libxcpp.a(raise.o)
 .mdebug.abi32  0xa000a6e4        0x0 /opt/microchip/xc32/v2.20/bin/bin/../../lib/gcc/pic32mx/4.8.3/../../../../pic32mx/lib/libxcpp.a(strchr.o)
 .mdebug.abi32  0xa000a6e4        0x0 /opt/microchip/xc32/v2.20/bin/bin/../../lib/gcc/pic32mx/4.8.3/../../../../pic32mx/lib/libxcpp.a(strlen.o)
 .mdebug.abi32  0xa000a6e4        0x0 /opt/microchip/xc32/v2.20/bin/bin/../../lib/gcc/pic32mx/4.8.3/../../../../pic32mx/lib/libxcpp.a(strrchr.o)
 .mdebug.abi32  0xa000a6e4        0x0 /opt/microchip/xc32/v2.20/bin/bin/../../lib/gcc/pic32mx/4.8.3/../../../../pic32mx/lib/libxcpp.a(xctype.o)
 .mdebug.abi32  0xa000a6e4        0x0 /opt/microchip/xc32/v2.20/bin/bin/../../lib/gcc/pic32mx/4.8.3/../../../../pic32mx/lib/libxcpp.a(xexit.o)
 .mdebug.abi32  0xa000a6e4        0x0 /opt/microchip/xc32/v2.20/bin/bin/../../lib/gcc/pic32mx/4.8.3/../../../../pic32mx/lib/libxcpp.a(xfdnorm.o)
 .mdebug.abi32  0xa000a6e4        0x0 /opt/microchip/xc32/v2.20/bin/bin/../../lib/gcc/pic32mx/4.8.3/../../../../pic32mx/lib/libxcpp.a(xfwprep.o)
 .mdebug.abi32  0xa000a6e4        0x0 /opt/microchip/xc32/v2.20/bin/bin/../../lib/gcc/pic32mx/4.8.3/../../../../pic32mx/lib/libxcpp.a(xldtob.o)
 .mdebug.abi32  0xa000a6e4        0x0 /opt/microchip/xc32/v2.20/bin/bin/../../lib/gcc/pic32mx/4.8.3/../../../../pic32mx/lib/libxcpp.a(xldunsca.o)
 .mdebug.abi32  0xa000a6e4        0x0 /opt/microchip/xc32/v2.20/bin/bin/../../lib/gcc/pic32mx/4.8.3/../../../../pic32mx/lib/libxcpp.a(xlitob.o)
 .mdebug.abi32  0xa000a6e4        0x0 /opt/microchip/xc32/v2.20/bin/bin/../../lib/gcc/pic32mx/4.8.3/../../../../pic32mx/lib/libxcpp.a(xlprec.o)
 .mdebug.abi32  0xa000a6e4        0x0 /opt/microchip/xc32/v2.20/bin/bin/../../lib/gcc/pic32mx/4.8.3/../../../../pic32mx/lib/libxcpp.a(xlvalues.o)
 .mdebug.abi32  0xa000a6e4        0x0 /opt/microchip/xc32/v2.20/bin/bin/../../lib/gcc/pic32mx/4.8.3/../../../../pic32mx/lib/libxcpp.a(xmbtowc.o)
 .mdebug.abi32  0xa000a6e4        0x0 /opt/microchip/xc32/v2.20/bin/bin/../../lib/gcc/pic32mx/4.8.3/../../../../pic32mx/lib/libxcpp.a(xwcstate.o)
 .mdebug.abi32  0xa000a6e4        0x0 /opt/microchip/xc32/v2.20/bin/bin/../../lib/gcc/pic32mx/4.8.3/../../../../pic32mx/lib/libxcpp.a(strnlen_s.o)
 .mdebug.abi32  0xa000a6e4        0x0 /opt/microchip/xc32/v2.20/bin/bin/../../lib/gcc/pic32mx/4.8.3/../../../../pic32mx/lib/libxcpp.a(fclose.o)
 .mdebug.abi32  0xa000a6e4        0x0 /opt/microchip/xc32/v2.20/bin/bin/../../lib/gcc/pic32mx/4.8.3/../../../../pic32mx/lib/libxcpp.a(ldexpl.o)
 .mdebug.abi32  0xa000a6e4        0x0 /opt/microchip/xc32/v2.20/bin/bin/../../lib/gcc/pic32mx/4.8.3/../../../../pic32mx/lib/libxcpp.a(ldiv.o)
 .mdebug.abi32  0xa000a6e4        0x0 /opt/microchip/xc32/v2.20/bin/bin/../../lib/gcc/pic32mx/4.8.3/../../../../pic32mx/lib/libxcpp.a(remove.o)
 .mdebug.abi32  0xa000a6e4        0x0 /opt/microchip/xc32/v2.20/bin/bin/../../lib/gcc/pic32mx/4.8.3/../../../../pic32mx/lib/libxcpp.a(sqrtl.o)
 .mdebug.abi32  0xa000a6e4        0x0 /opt/microchip/xc32/v2.20/bin/bin/../../lib/gcc/pic32mx/4.8.3/../../../../pic32mx/lib/libxcpp.a(xatexit.o)
 .mdebug.abi32  0xa000a6e4        0x0 /opt/microchip/xc32/v2.20/bin/bin/../../lib/gcc/pic32mx/4.8.3/../../../../pic32mx/lib/libxcpp.a(xdunscal.o)
 .mdebug.abi32  0xa000a6e4        0x0 /opt/microchip/xc32/v2.20/bin/bin/../../lib/gcc/pic32mx/4.8.3/../../../../pic32mx/lib/libxcpp.a(xfofind.o)
 .mdebug.abi32  0xa000a6e4        0x0 /opt/microchip/xc32/v2.20/bin/bin/../../lib/gcc/pic32mx/4.8.3/../../../../pic32mx/lib/libxcpp.a(xgenld.o)
 .mdebug.abi32  0xa000a6e4        0x0 /opt/microchip/xc32/v2.20/bin/bin/../../lib/gcc/pic32mx/4.8.3/../../../../pic32mx/lib/libxcpp.a(xldint.o)
 .mdebug.abi32  0xa000a6e4        0x0 /opt/microchip/xc32/v2.20/bin/bin/../../lib/gcc/pic32mx/4.8.3/../../../../pic32mx/lib/libxcpp.a(xldscale.o)
 .mdebug.abi32  0xa000a6e4        0x0 /opt/microchip/xc32/v2.20/bin/bin/../../lib/gcc/pic32mx/4.8.3/../../../../pic32mx/lib/libxcpp.a(xldtest.o)
 .mdebug.abi32  0xa000a6e4        0x0 /opt/microchip/xc32/v2.20/bin/bin/../../lib/gcc/pic32mx/4.8.3/../../../../pic32mx/lib/libxcpp.a(div.o)
 .mdebug.abi32  0xa000a6e4        0x0 /opt/microchip/xc32/v2.20/bin/bin/../../lib/gcc/pic32mx/4.8.3/../../../../pic32mx/lib/libxcpp.a(localeco.o)
 .mdebug.abi32  0xa000a6e4        0x0 /opt/microchip/xc32/v2.20/bin/bin/../../lib/gcc/pic32mx/4.8.3/../../../../pic32mx/lib/libxcpp.a(xdint.o)
 .mdebug.abi32  0xa000a6e4        0x0 /opt/microchip/xc32/v2.20/bin/bin/../../lib/gcc/pic32mx/4.8.3/../../../../pic32mx/lib/libxcpp.a(xdnorm.o)
 .mdebug.abi32  0xa000a6e4        0x0 /opt/microchip/xc32/v2.20/bin/bin/../../lib/gcc/pic32mx/4.8.3/../../../../pic32mx/lib/libxcpp.a(xdscale.o)
 .mdebug.abi32  0xa000a6e4        0x0 /opt/microchip/xc32/v2.20/bin/bin/../../lib/gcc/pic32mx/4.8.3/../../../../pic32mx/lib/libpic32.a(sbrk.o)
 .mdebug.abi32  0xa000a6e4        0x0 /opt/microchip/xc32/v2.20/bin/bin/../../lib/gcc/pic32mx/4.8.3/../../../../pic32mx/lib/libpic32.a(_exit.o)
 .mdebug.abi32  0xa000a6e4        0x0 /opt/microchip/xc32/v2.20/bin/bin/../../lib/gcc/pic32mx/4.8.3/../../../../pic32mx/lib/libpic32.a(isatty.o)
 .mdebug.abi32  0xa000a6e4        0x0 /opt/microchip/xc32/v2.20/bin/bin/../../lib/gcc/pic32mx/4.8.3/../../../../pic32mx/lib/libpic32.a(write.o)
 .mdebug.abi32  0xa000a6e4        0x0 /opt/microchip/xc32/v2.20/bin/bin/../../lib/gcc/pic32mx/4.8.3/../../../../pic32mx/lib/libpic32.a(close.o)
 .mdebug.abi32  0xa000a6e4        0x0 /opt/microchip/xc32/v2.20/bin/bin/../../lib/gcc/pic32mx/4.8.3/../../../../pic32mx/lib/libpic32.a(unlink.o)
 .mdebug.abi32  0xa000a6e4        0x0 /opt/microchip/xc32/v2.20/bin/bin/../../lib/gcc/pic32mx/4.8.3/../../../../pic32mx/lib/libpic32.a(kill.o)
 .mdebug.abi32  0xa000a6e4        0x0 /opt/microchip/xc32/v2.20/bin/bin/../../lib/gcc/pic32mx/4.8.3/../../../../pic32mx/lib/libpic32.a(getpid.o)
 .mdebug.abi32  0xa000a6e4        0x0 /opt/microchip/xc32/v2.20/bin/bin/../../lib/gcc/pic32mx/4.8.3/../../../../pic32mx/lib/libpic32.a(errno.o)
 .mdebug.abi32  0xa000a6e4        0x0 /opt/microchip/xc32/v2.20/bin/bin/../../lib/gcc/pic32mx/4.8.3/../../../../pic32mx/lib/libpic32.a(rmdir.o)
 .mdebug.abi32  0xa000a6e4        0x0 /opt/microchip/xc32/v2.20/bin/bin/../../lib/gcc/pic32mx/4.8.3/../../../../pic32mx/lib/libpic32.a(_mon_putc.o)
 .mdebug.abi32  0xa000a6e4        0x0 /opt/microchip/xc32/v2.20/bin/bin/../../lib/gcc/pic32mx/4.8.3/../../../../pic32mx/lib/libpic32.a(xc32_uart.o)
 .mdebug.abi32  0xa000a6e4        0x0 /opt/microchip/xc32/v2.20/bin/bin/../../lib/gcc/pic32mx/4.8.3/libgcc.a(_udivdi3.o)
 .mdebug.abi32  0xa000a6e4        0x0 /opt/microchip/xc32/v2.20/bin/bin/../../lib/gcc/pic32mx/4.8.3/libgcc.a(_umoddi3.o)

.mdebug.abiN32
 *(.mdebug.abiN32)

.mdebug.abi64
 *(.mdebug.abi64)

.mdebug.abiO64
 *(.mdebug.abiO64)

.mdebug.eabi32
 *(.mdebug.eabi32)

.mdebug.eabi64
 *(.mdebug.eabi64)

.gcc_compiled_long32
 *(.gcc_compiled_long32)

.gcc_compiled_long64
 *(.gcc_compiled_long64)

.stab
 *(.stab)

.stabstr
 *(.stabstr)

.stab.excl
 *(.stab.excl)

.stab.exclstr
 *(.stab.exclstr)

.stab.index
 *(.stab.index)

.stab.indexstr
 *(.stab.indexstr)

.comment        0x00000000      0x141
 *(.comment)
 .comment       0x00000000       0x3c ./OUT/bsp_utils.o
                                 0x3d (size before relaxing)
 .comment       0x00000000       0x3d ./OUT/bsp_accel_gyro_int.o
 .comment       0x00000000       0x3d ./OUT/bsp_xbee.o
 .comment       0x00000000       0x3d ./OUT/bsp.o
 .comment       0x00000000       0x3d ./OUT/PIC32INTlib.o
 .comment       0x00000000       0x3d ./OUT/os_app_hooks.o
 .comment       0x00000000       0x3d ./OUT/driver_flash.o
 .comment       0x00000000       0x3d ./OUT/driver_spi.o
 .comment       0x00000000       0x3d ./OUT/driver_uart.o
 .comment       0x00000000       0x3d ./OUT/driver_analog.o
 .comment       0x00000000       0x3d ./OUT/driver_pwm.o
 .comment       0x00000000       0x3d ./OUT/cpu_c.o
 .comment       0x00000000       0x3d ./OUT/cpu_core.o
 .comment       0x00000000       0x3d ./OUT/lib_ascii.o
 .comment       0x00000000       0x3d ./OUT/lib_math.o
 .comment       0x00000000       0x3d ./OUT/lib_str.o
 .comment       0x00000000       0x3d ./OUT/lib_mem.o
 .comment       0x00000000       0x3d ./OUT/os_msg.o
 .comment       0x00000000       0x3d ./OUT/os_flag.o
 .comment       0x00000000       0x3d ./OUT/os_mutex.o
 .comment       0x00000000       0x3d ./OUT/os_mem.o
 .comment       0x00000000       0x3d ./OUT/os_tick.o
 .comment       0x00000000       0x3d ./OUT/os_cpu_c.o
 .comment       0x00000000       0x3d ./OUT/os_var.o
 .comment       0x00000000       0x3d ./OUT/os_q.o
 .comment       0x00000000       0x3d ./OUT/os_dbg.o
 .comment       0x00000000       0x3d ./OUT/os_stat.o
 .comment       0x00000000       0x3d ./OUT/os_tmr.o
 .comment       0x00000000       0x3d ./OUT/os_pend_multi.o
 .comment       0x00000000       0x3d ./OUT/os_core.o
 .comment       0x00000000       0x3d ./OUT/os_cfg_app.o
 .comment       0x00000000       0x3d ./OUT/os_task.o
 .comment       0x00000000       0x3d ./OUT/os_sem.o
 .comment       0x00000000       0x3d ./OUT/os_time.o
 .comment       0x00000000       0x3d ./OUT/os_int.o
 .comment       0x00000000       0x3d ./OUT/os_prio.o
 .comment       0x00000000       0x3d ./OUT/comms_xbee.o
 .comment       0x00000000       0x3d ./OUT/bsp_motor.o
 .comment       0x00000000       0x3d ./OUT/bsp_accel_gyro.o
 .comment       0x00000000       0x3d ./OUT/app.o
 .comment       0x00000000       0x3d ./OUT/app_accel_gyro.o
 .comment       0x00000000       0x3d ./OUT/app_test.o
 .comment       0x00000000       0x3d ./OUT/driver_i2c.o
 .comment       0x00000000       0x3d ./OUT/alg_stabilizer.o
 .comment       0x0000003c       0x3c /opt/microchip/xc32/v2.20/bin/bin/../../lib/gcc/pic32mx/4.8.3/../../../../pic32mx/lib/libmchp_peripheral_32MX795F512L.a(pcache.o)
                                 0x3d (size before relaxing)
 .comment       0x00000000       0x3d /opt/microchip/xc32/v2.20/bin/bin/../../lib/gcc/pic32mx/4.8.3/libgcc.a(floatunsisf.o)
 .comment       0x00000078       0x18 /opt/microchip/xc32/v2.20/bin/bin/../../lib/gcc/pic32mx/4.8.3/../../../../pic32mx/lib/libpic32.a(memcmp.o)
                                 0x19 (size before relaxing)
 .comment       0x00000090       0x18 /opt/microchip/xc32/v2.20/bin/bin/../../lib/gcc/pic32mx/4.8.3/../../../../pic32mx/lib/libpic32.a(memset.o)
                                 0x19 (size before relaxing)
 .comment       0x00000000       0x3d /opt/microchip/xc32/v2.20/bin/bin/../../lib/gcc/pic32mx/4.8.3/../../../../pic32mx/lib/libpic32.a(default-bootstrap-exception-handler.o)
 .comment       0x00000000       0x3d /opt/microchip/xc32/v2.20/bin/bin/../../lib/gcc/pic32mx/4.8.3/../../../../pic32mx/lib/libpic32.a(default-on-reset.o)
 .comment       0x00000000       0x3d /opt/microchip/xc32/v2.20/bin/bin/../../lib/gcc/pic32mx/4.8.3/../../../../pic32mx/lib/libpic32.a(default-on-bootstrap.o)
 .comment       0x00000000       0x3d /opt/microchip/xc32/v2.20/bin/bin/../../lib/gcc/pic32mx/4.8.3/../../../../pic32mx/lib/libxcpp.a(atan2.o)
 .comment       0x00000000       0x3d /opt/microchip/xc32/v2.20/bin/bin/../../lib/gcc/pic32mx/4.8.3/../../../../pic32mx/lib/libxcpp.a(atan2f.o)
 .comment       0x00000000       0x3d /opt/microchip/xc32/v2.20/bin/bin/../../lib/gcc/pic32mx/4.8.3/../../../../pic32mx/lib/libxcpp.a(free.o)
 .comment       0x00000000       0x3d /opt/microchip/xc32/v2.20/bin/bin/../../lib/gcc/pic32mx/4.8.3/../../../../pic32mx/lib/libxcpp.a(malloc.o)
 .comment       0x00000000       0x3d /opt/microchip/xc32/v2.20/bin/bin/../../lib/gcc/pic32mx/4.8.3/../../../../pic32mx/lib/libxcpp.a(memmove.o)
 .comment       0x00000000       0x3d /opt/microchip/xc32/v2.20/bin/bin/../../lib/gcc/pic32mx/4.8.3/../../../../pic32mx/lib/libxcpp.a(realloc.o)
 .comment       0x00000000       0x3d /opt/microchip/xc32/v2.20/bin/bin/../../lib/gcc/pic32mx/4.8.3/../../../../pic32mx/lib/libxcpp.a(sqrtf.o)
 .comment       0x00000000       0x3d /opt/microchip/xc32/v2.20/bin/bin/../../lib/gcc/pic32mx/4.8.3/../../../../pic32mx/lib/libxcpp.a(vsnprint.o)
 .comment       0x00000000       0x3d /opt/microchip/xc32/v2.20/bin/bin/../../lib/gcc/pic32mx/4.8.3/../../../../pic32mx/lib/libxcpp.a(xassert.o)
 .comment       0x00000000       0x3d /opt/microchip/xc32/v2.20/bin/bin/../../lib/gcc/pic32mx/4.8.3/../../../../pic32mx/lib/libxcpp.a(xatan.o)
 .comment       0x00000000       0x3d /opt/microchip/xc32/v2.20/bin/bin/../../lib/gcc/pic32mx/4.8.3/../../../../pic32mx/lib/libxcpp.a(xdtest.o)
 .comment       0x00000000       0x3d /opt/microchip/xc32/v2.20/bin/bin/../../lib/gcc/pic32mx/4.8.3/../../../../pic32mx/lib/libxcpp.a(xfatan.o)
 .comment       0x00000000       0x3d /opt/microchip/xc32/v2.20/bin/bin/../../lib/gcc/pic32mx/4.8.3/../../../../pic32mx/lib/libxcpp.a(xfdscale.o)
 .comment       0x00000000       0x3d /opt/microchip/xc32/v2.20/bin/bin/../../lib/gcc/pic32mx/4.8.3/../../../../pic32mx/lib/libxcpp.a(xfdtest.o)
 .comment       0x00000000       0x3d /opt/microchip/xc32/v2.20/bin/bin/../../lib/gcc/pic32mx/4.8.3/../../../../pic32mx/lib/libxcpp.a(xfdunsca.o)
 .comment       0x00000000       0x3d /opt/microchip/xc32/v2.20/bin/bin/../../lib/gcc/pic32mx/4.8.3/../../../../pic32mx/lib/libxcpp.a(xferaise.o)
 .comment       0x00000000       0x3d /opt/microchip/xc32/v2.20/bin/bin/../../lib/gcc/pic32mx/4.8.3/../../../../pic32mx/lib/libxcpp.a(xfiles.o)
 .comment       0x00000000       0x3d /opt/microchip/xc32/v2.20/bin/bin/../../lib/gcc/pic32mx/4.8.3/../../../../pic32mx/lib/libxcpp.a(xfvalues.o)
 .comment       0x00000000       0x3d /opt/microchip/xc32/v2.20/bin/bin/../../lib/gcc/pic32mx/4.8.3/../../../../pic32mx/lib/libxcpp.a(xgetmem.o)
 .comment       0x00000000       0x3d /opt/microchip/xc32/v2.20/bin/bin/../../lib/gcc/pic32mx/4.8.3/../../../../pic32mx/lib/libxcpp.a(xprintf.o)
 .comment       0x00000000       0x3d /opt/microchip/xc32/v2.20/bin/bin/../../lib/gcc/pic32mx/4.8.3/../../../../pic32mx/lib/libxcpp.a(xputfld.o)
 .comment       0x00000000       0x3d /opt/microchip/xc32/v2.20/bin/bin/../../lib/gcc/pic32mx/4.8.3/../../../../pic32mx/lib/libxcpp.a(xputstr.o)
 .comment       0x00000000       0x3d /opt/microchip/xc32/v2.20/bin/bin/../../lib/gcc/pic32mx/4.8.3/../../../../pic32mx/lib/libxcpp.a(xputtxt.o)
 .comment       0x00000000       0x3d /opt/microchip/xc32/v2.20/bin/bin/../../lib/gcc/pic32mx/4.8.3/../../../../pic32mx/lib/libxcpp.a(xstate.o)
 .comment       0x00000000       0x3d /opt/microchip/xc32/v2.20/bin/bin/../../lib/gcc/pic32mx/4.8.3/../../../../pic32mx/lib/libxcpp.a(xvacopy.o)
 .comment       0x00000000       0x3d /opt/microchip/xc32/v2.20/bin/bin/../../lib/gcc/pic32mx/4.8.3/../../../../pic32mx/lib/libxcpp.a(xvalues.o)
 .comment       0x00000000       0x3d /opt/microchip/xc32/v2.20/bin/bin/../../lib/gcc/pic32mx/4.8.3/../../../../pic32mx/lib/libxcpp.a(xwctomb.o)
 .comment       0x00000000       0x3d /opt/microchip/xc32/v2.20/bin/bin/../../lib/gcc/pic32mx/4.8.3/../../../../pic32mx/lib/libxcpp.a(xfail_s.o)
 .comment       0x00000000       0x3d /opt/microchip/xc32/v2.20/bin/bin/../../lib/gcc/pic32mx/4.8.3/../../../../pic32mx/lib/libxcpp.a(feraiseexcept.o)
 .comment       0x00000000       0x3d /opt/microchip/xc32/v2.20/bin/bin/../../lib/gcc/pic32mx/4.8.3/../../../../pic32mx/lib/libxcpp.a(abort.o)
 .comment       0x00000000       0x3d /opt/microchip/xc32/v2.20/bin/bin/../../lib/gcc/pic32mx/4.8.3/../../../../pic32mx/lib/libxcpp.a(errno.o)
 .comment       0x00000000       0x3d /opt/microchip/xc32/v2.20/bin/bin/../../lib/gcc/pic32mx/4.8.3/../../../../pic32mx/lib/libxcpp.a(exit.o)
 .comment       0x00000000       0x3d /opt/microchip/xc32/v2.20/bin/bin/../../lib/gcc/pic32mx/4.8.3/../../../../pic32mx/lib/libxcpp.a(fflush.o)
 .comment       0x00000000       0x3d /opt/microchip/xc32/v2.20/bin/bin/../../lib/gcc/pic32mx/4.8.3/../../../../pic32mx/lib/libxcpp.a(fputc.o)
 .comment       0x00000000       0x3d /opt/microchip/xc32/v2.20/bin/bin/../../lib/gcc/pic32mx/4.8.3/../../../../pic32mx/lib/libxcpp.a(fputs.o)
 .comment       0x00000000       0x3d /opt/microchip/xc32/v2.20/bin/bin/../../lib/gcc/pic32mx/4.8.3/../../../../pic32mx/lib/libxcpp.a(memchr.o)
 .comment       0x00000000       0x3d /opt/microchip/xc32/v2.20/bin/bin/../../lib/gcc/pic32mx/4.8.3/../../../../pic32mx/lib/libxcpp.a(raise.o)
 .comment       0x00000000       0x3d /opt/microchip/xc32/v2.20/bin/bin/../../lib/gcc/pic32mx/4.8.3/../../../../pic32mx/lib/libxcpp.a(strchr.o)
 .comment       0x00000000       0x3d /opt/microchip/xc32/v2.20/bin/bin/../../lib/gcc/pic32mx/4.8.3/../../../../pic32mx/lib/libxcpp.a(strlen.o)
 .comment       0x00000000       0x3d /opt/microchip/xc32/v2.20/bin/bin/../../lib/gcc/pic32mx/4.8.3/../../../../pic32mx/lib/libxcpp.a(strrchr.o)
 .comment       0x00000000       0x3d /opt/microchip/xc32/v2.20/bin/bin/../../lib/gcc/pic32mx/4.8.3/../../../../pic32mx/lib/libxcpp.a(xctype.o)
 .comment       0x00000000       0x3d /opt/microchip/xc32/v2.20/bin/bin/../../lib/gcc/pic32mx/4.8.3/../../../../pic32mx/lib/libxcpp.a(xexit.o)
 .comment       0x00000000       0x3d /opt/microchip/xc32/v2.20/bin/bin/../../lib/gcc/pic32mx/4.8.3/../../../../pic32mx/lib/libxcpp.a(xfdnorm.o)
 .comment       0x00000000       0x3d /opt/microchip/xc32/v2.20/bin/bin/../../lib/gcc/pic32mx/4.8.3/../../../../pic32mx/lib/libxcpp.a(xfwprep.o)
 .comment       0x00000000       0x3d /opt/microchip/xc32/v2.20/bin/bin/../../lib/gcc/pic32mx/4.8.3/../../../../pic32mx/lib/libxcpp.a(xldtob.o)
 .comment       0x00000000       0x3d /opt/microchip/xc32/v2.20/bin/bin/../../lib/gcc/pic32mx/4.8.3/../../../../pic32mx/lib/libxcpp.a(xldunsca.o)
 .comment       0x00000000       0x3d /opt/microchip/xc32/v2.20/bin/bin/../../lib/gcc/pic32mx/4.8.3/../../../../pic32mx/lib/libxcpp.a(xlitob.o)
 .comment       0x00000000       0x3d /opt/microchip/xc32/v2.20/bin/bin/../../lib/gcc/pic32mx/4.8.3/../../../../pic32mx/lib/libxcpp.a(xlprec.o)
 .comment       0x00000000       0x3d /opt/microchip/xc32/v2.20/bin/bin/../../lib/gcc/pic32mx/4.8.3/../../../../pic32mx/lib/libxcpp.a(xlvalues.o)
 .comment       0x00000000       0x3d /opt/microchip/xc32/v2.20/bin/bin/../../lib/gcc/pic32mx/4.8.3/../../../../pic32mx/lib/libxcpp.a(xmbtowc.o)
 .comment       0x00000000       0x3d /opt/microchip/xc32/v2.20/bin/bin/../../lib/gcc/pic32mx/4.8.3/../../../../pic32mx/lib/libxcpp.a(xwcstate.o)
 .comment       0x00000000       0x3d /opt/microchip/xc32/v2.20/bin/bin/../../lib/gcc/pic32mx/4.8.3/../../../../pic32mx/lib/libxcpp.a(strnlen_s.o)
 .comment       0x00000000       0x3d /opt/microchip/xc32/v2.20/bin/bin/../../lib/gcc/pic32mx/4.8.3/../../../../pic32mx/lib/libxcpp.a(fclose.o)
 .comment       0x00000000       0x3d /opt/microchip/xc32/v2.20/bin/bin/../../lib/gcc/pic32mx/4.8.3/../../../../pic32mx/lib/libxcpp.a(ldexpl.o)
 .comment       0x00000000       0x3d /opt/microchip/xc32/v2.20/bin/bin/../../lib/gcc/pic32mx/4.8.3/../../../../pic32mx/lib/libxcpp.a(ldiv.o)
 .comment       0x00000000       0x3d /opt/microchip/xc32/v2.20/bin/bin/../../lib/gcc/pic32mx/4.8.3/../../../../pic32mx/lib/libxcpp.a(remove.o)
 .comment       0x00000000       0x3d /opt/microchip/xc32/v2.20/bin/bin/../../lib/gcc/pic32mx/4.8.3/../../../../pic32mx/lib/libxcpp.a(sqrtl.o)
 .comment       0x00000000       0x3d /opt/microchip/xc32/v2.20/bin/bin/../../lib/gcc/pic32mx/4.8.3/../../../../pic32mx/lib/libxcpp.a(xatexit.o)
 .comment       0x00000000       0x3d /opt/microchip/xc32/v2.20/bin/bin/../../lib/gcc/pic32mx/4.8.3/../../../../pic32mx/lib/libxcpp.a(xdunscal.o)
 .comment       0x00000000       0x3d /opt/microchip/xc32/v2.20/bin/bin/../../lib/gcc/pic32mx/4.8.3/../../../../pic32mx/lib/libxcpp.a(xfofind.o)
 .comment       0x00000000       0x3d /opt/microchip/xc32/v2.20/bin/bin/../../lib/gcc/pic32mx/4.8.3/../../../../pic32mx/lib/libxcpp.a(xgenld.o)
 .comment       0x00000000       0x3d /opt/microchip/xc32/v2.20/bin/bin/../../lib/gcc/pic32mx/4.8.3/../../../../pic32mx/lib/libxcpp.a(xldint.o)
 .comment       0x00000000       0x3d /opt/microchip/xc32/v2.20/bin/bin/../../lib/gcc/pic32mx/4.8.3/../../../../pic32mx/lib/libxcpp.a(xldscale.o)
 .comment       0x00000000       0x3d /opt/microchip/xc32/v2.20/bin/bin/../../lib/gcc/pic32mx/4.8.3/../../../../pic32mx/lib/libxcpp.a(xldtest.o)
 .comment       0x00000000       0x3d /opt/microchip/xc32/v2.20/bin/bin/../../lib/gcc/pic32mx/4.8.3/../../../../pic32mx/lib/libxcpp.a(div.o)
 .comment       0x00000000       0x3d /opt/microchip/xc32/v2.20/bin/bin/../../lib/gcc/pic32mx/4.8.3/../../../../pic32mx/lib/libxcpp.a(localeco.o)
 .comment       0x00000000       0x3d /opt/microchip/xc32/v2.20/bin/bin/../../lib/gcc/pic32mx/4.8.3/../../../../pic32mx/lib/libxcpp.a(xdint.o)
 .comment       0x00000000       0x3d /opt/microchip/xc32/v2.20/bin/bin/../../lib/gcc/pic32mx/4.8.3/../../../../pic32mx/lib/libxcpp.a(xdnorm.o)
 .comment       0x00000000       0x3d /opt/microchip/xc32/v2.20/bin/bin/../../lib/gcc/pic32mx/4.8.3/../../../../pic32mx/lib/libxcpp.a(xdscale.o)
 .comment       0x000000a8       0x4b /opt/microchip/xc32/v2.20/bin/bin/../../lib/gcc/pic32mx/4.8.3/../../../../pic32mx/lib/libpic32.a(sbrk.o)
                                 0x88 (size before relaxing)
 .comment       0x00000000       0x3d /opt/microchip/xc32/v2.20/bin/bin/../../lib/gcc/pic32mx/4.8.3/../../../../pic32mx/lib/libpic32.a(_exit.o)
 .comment       0x000000f3       0x4e /opt/microchip/xc32/v2.20/bin/bin/../../lib/gcc/pic32mx/4.8.3/../../../../pic32mx/lib/libpic32.a(isatty.o)
                                 0x8b (size before relaxing)
 .comment       0x00000000       0x3d /opt/microchip/xc32/v2.20/bin/bin/../../lib/gcc/pic32mx/4.8.3/../../../../pic32mx/lib/libpic32.a(write.o)
 .comment       0x00000000       0x3d /opt/microchip/xc32/v2.20/bin/bin/../../lib/gcc/pic32mx/4.8.3/../../../../pic32mx/lib/libpic32.a(close.o)
 .comment       0x00000000       0x3d /opt/microchip/xc32/v2.20/bin/bin/../../lib/gcc/pic32mx/4.8.3/../../../../pic32mx/lib/libpic32.a(unlink.o)
 .comment       0x00000000       0x3d /opt/microchip/xc32/v2.20/bin/bin/../../lib/gcc/pic32mx/4.8.3/../../../../pic32mx/lib/libpic32.a(kill.o)
 .comment       0x00000000       0x3d /opt/microchip/xc32/v2.20/bin/bin/../../lib/gcc/pic32mx/4.8.3/../../../../pic32mx/lib/libpic32.a(getpid.o)
 .comment       0x00000000       0x3d /opt/microchip/xc32/v2.20/bin/bin/../../lib/gcc/pic32mx/4.8.3/../../../../pic32mx/lib/libpic32.a(errno.o)
 .comment       0x00000000       0x3d /opt/microchip/xc32/v2.20/bin/bin/../../lib/gcc/pic32mx/4.8.3/../../../../pic32mx/lib/libpic32.a(rmdir.o)
 .comment       0x00000000       0x3d /opt/microchip/xc32/v2.20/bin/bin/../../lib/gcc/pic32mx/4.8.3/../../../../pic32mx/lib/libpic32.a(_mon_putc.o)
 .comment       0x00000000       0x3d /opt/microchip/xc32/v2.20/bin/bin/../../lib/gcc/pic32mx/4.8.3/../../../../pic32mx/lib/libpic32.a(xc32_uart.o)
 .comment       0x00000000       0x3d /opt/microchip/xc32/v2.20/bin/bin/../../lib/gcc/pic32mx/4.8.3/libgcc.a(_udivdi3.o)
 .comment       0x00000000       0x3d /opt/microchip/xc32/v2.20/bin/bin/../../lib/gcc/pic32mx/4.8.3/libgcc.a(_umoddi3.o)

.debug
 *(.debug)

.line
 *(.line)

.debug_srcinfo
 *(.debug_srcinfo)

.debug_sfnames
 *(.debug_sfnames)

.debug_aranges  0x00000000     0x10a0
 *(.debug_aranges)
 .debug_aranges
                0x00000000       0x20 ./OUT/bsp_utils.o
 .debug_aranges
                0x00000020       0x20 ./OUT/bsp_accel_gyro_int.o
 .debug_aranges
                0x00000040       0x20 ./OUT/bsp_xbee.o
 .debug_aranges
                0x00000060       0x20 ./OUT/bsp.o
 .debug_aranges
                0x00000080       0x20 ./OUT/PIC32INTlib.o
 .debug_aranges
                0x000000a0       0x20 ./OUT/os_app_hooks.o
 .debug_aranges
                0x000000c0       0x20 ./OUT/driver_flash.o
 .debug_aranges
                0x000000e0       0x20 ./OUT/driver_spi.o
 .debug_aranges
                0x00000100       0x20 ./OUT/driver_uart.o
 .debug_aranges
                0x00000120       0x20 ./OUT/driver_analog.o
 .debug_aranges
                0x00000140       0x20 ./OUT/driver_pwm.o
 .debug_aranges
                0x00000160       0x20 ./OUT/cpu_c.o
 .debug_aranges
                0x00000180       0x20 ./OUT/cpu_core.o
 .debug_aranges
                0x000001a0       0x20 ./OUT/lib_ascii.o
 .debug_aranges
                0x000001c0       0x20 ./OUT/lib_math.o
 .debug_aranges
                0x000001e0       0x20 ./OUT/lib_str.o
 .debug_aranges
                0x00000200       0x20 ./OUT/lib_mem.o
 .debug_aranges
                0x00000220       0x20 ./OUT/os_msg.o
 .debug_aranges
                0x00000240       0x20 ./OUT/os_flag.o
 .debug_aranges
                0x00000260       0x20 ./OUT/os_mutex.o
 .debug_aranges
                0x00000280       0x20 ./OUT/os_mem.o
 .debug_aranges
                0x000002a0       0x20 ./OUT/os_tick.o
 .debug_aranges
                0x000002c0       0x20 ./OUT/os_cpu_c.o
 .debug_aranges
                0x000002e0       0x18 ./OUT/os_var.o
 .debug_aranges
                0x000002f8       0x20 ./OUT/os_q.o
 .debug_aranges
                0x00000318       0x20 ./OUT/os_dbg.o
 .debug_aranges
                0x00000338       0x20 ./OUT/os_stat.o
 .debug_aranges
                0x00000358       0x20 ./OUT/os_tmr.o
 .debug_aranges
                0x00000378       0x18 ./OUT/os_pend_multi.o
 .debug_aranges
                0x00000390       0x20 ./OUT/os_core.o
 .debug_aranges
                0x000003b0       0x20 ./OUT/os_cfg_app.o
 .debug_aranges
                0x000003d0       0x20 ./OUT/os_task.o
 .debug_aranges
                0x000003f0       0x20 ./OUT/os_sem.o
 .debug_aranges
                0x00000410       0x20 ./OUT/os_time.o
 .debug_aranges
                0x00000430       0x20 ./OUT/os_int.o
 .debug_aranges
                0x00000450       0x20 ./OUT/os_prio.o
 .debug_aranges
                0x00000470       0x20 ./OUT/comms_xbee.o
 .debug_aranges
                0x00000490       0x20 ./OUT/bsp_motor.o
 .debug_aranges
                0x000004b0       0x20 ./OUT/bsp_accel_gyro.o
 .debug_aranges
                0x000004d0       0x20 ./OUT/app.o
 .debug_aranges
                0x000004f0       0x38 ./OUT/app_accel_gyro.o
 .debug_aranges
                0x00000528       0x20 ./OUT/app_test.o
 .debug_aranges
                0x00000548       0x20 ./OUT/driver_i2c.o
 .debug_aranges
                0x00000568       0x20 ./OUT/alg_stabilizer.o
 .debug_aranges
                0x00000588       0x28 /opt/microchip/xc32/v2.20/bin/bin/../../lib/gcc/pic32mx/4.8.3/../../../../pic32mx/lib/libmchp_peripheral_32MX795F512L.a(pcache.o)
 .debug_aranges
                0x000005b0       0x20 /opt/microchip/xc32/v2.20/bin/bin/../../lib/gcc/pic32mx/4.8.3/libgcc.a(floatunsisf.o)
 .debug_aranges
                0x000005d0       0x20 /opt/microchip/xc32/v2.20/bin/bin/../../lib/gcc/pic32mx/4.8.3/../../../../pic32mx/lib/libpic32.a(default-bootstrap-exception-handler.o)
 .debug_aranges
                0x000005f0       0x20 /opt/microchip/xc32/v2.20/bin/bin/../../lib/gcc/pic32mx/4.8.3/../../../../pic32mx/lib/libpic32.a(default-on-reset.o)
 .debug_aranges
                0x00000610       0x20 /opt/microchip/xc32/v2.20/bin/bin/../../lib/gcc/pic32mx/4.8.3/../../../../pic32mx/lib/libpic32.a(default-on-bootstrap.o)
 .debug_aranges
                0x00000630       0x20 /opt/microchip/xc32/v2.20/bin/bin/../../lib/gcc/pic32mx/4.8.3/../../../../pic32mx/lib/libxcpp.a(atan2.o)
 .debug_aranges
                0x00000650       0x20 /opt/microchip/xc32/v2.20/bin/bin/../../lib/gcc/pic32mx/4.8.3/../../../../pic32mx/lib/libxcpp.a(atan2f.o)
 .debug_aranges
                0x00000670       0x20 /opt/microchip/xc32/v2.20/bin/bin/../../lib/gcc/pic32mx/4.8.3/../../../../pic32mx/lib/libxcpp.a(free.o)
 .debug_aranges
                0x00000690       0x20 /opt/microchip/xc32/v2.20/bin/bin/../../lib/gcc/pic32mx/4.8.3/../../../../pic32mx/lib/libxcpp.a(malloc.o)
 .debug_aranges
                0x000006b0       0x20 /opt/microchip/xc32/v2.20/bin/bin/../../lib/gcc/pic32mx/4.8.3/../../../../pic32mx/lib/libxcpp.a(memmove.o)
 .debug_aranges
                0x000006d0       0x20 /opt/microchip/xc32/v2.20/bin/bin/../../lib/gcc/pic32mx/4.8.3/../../../../pic32mx/lib/libxcpp.a(realloc.o)
 .debug_aranges
                0x000006f0       0x20 /opt/microchip/xc32/v2.20/bin/bin/../../lib/gcc/pic32mx/4.8.3/../../../../pic32mx/lib/libxcpp.a(sqrtf.o)
 .debug_aranges
                0x00000710       0x28 /opt/microchip/xc32/v2.20/bin/bin/../../lib/gcc/pic32mx/4.8.3/../../../../pic32mx/lib/libxcpp.a(vsnprint.o)
 .debug_aranges
                0x00000738       0x20 /opt/microchip/xc32/v2.20/bin/bin/../../lib/gcc/pic32mx/4.8.3/../../../../pic32mx/lib/libxcpp.a(xassert.o)
 .debug_aranges
                0x00000758       0x20 /opt/microchip/xc32/v2.20/bin/bin/../../lib/gcc/pic32mx/4.8.3/../../../../pic32mx/lib/libxcpp.a(xatan.o)
 .debug_aranges
                0x00000778       0x20 /opt/microchip/xc32/v2.20/bin/bin/../../lib/gcc/pic32mx/4.8.3/../../../../pic32mx/lib/libxcpp.a(xdtest.o)
 .debug_aranges
                0x00000798       0x20 /opt/microchip/xc32/v2.20/bin/bin/../../lib/gcc/pic32mx/4.8.3/../../../../pic32mx/lib/libxcpp.a(xfatan.o)
 .debug_aranges
                0x000007b8       0x20 /opt/microchip/xc32/v2.20/bin/bin/../../lib/gcc/pic32mx/4.8.3/../../../../pic32mx/lib/libxcpp.a(xfdscale.o)
 .debug_aranges
                0x000007d8       0x20 /opt/microchip/xc32/v2.20/bin/bin/../../lib/gcc/pic32mx/4.8.3/../../../../pic32mx/lib/libxcpp.a(xfdtest.o)
 .debug_aranges
                0x000007f8       0x20 /opt/microchip/xc32/v2.20/bin/bin/../../lib/gcc/pic32mx/4.8.3/../../../../pic32mx/lib/libxcpp.a(xfdunsca.o)
 .debug_aranges
                0x00000818       0x20 /opt/microchip/xc32/v2.20/bin/bin/../../lib/gcc/pic32mx/4.8.3/../../../../pic32mx/lib/libxcpp.a(xferaise.o)
 .debug_aranges
                0x00000838       0x20 /opt/microchip/xc32/v2.20/bin/bin/../../lib/gcc/pic32mx/4.8.3/../../../../pic32mx/lib/libxcpp.a(xgetmem.o)
 .debug_aranges
                0x00000858       0x20 /opt/microchip/xc32/v2.20/bin/bin/../../lib/gcc/pic32mx/4.8.3/../../../../pic32mx/lib/libxcpp.a(xprintf.o)
 .debug_aranges
                0x00000878       0x20 /opt/microchip/xc32/v2.20/bin/bin/../../lib/gcc/pic32mx/4.8.3/../../../../pic32mx/lib/libxcpp.a(xputfld.o)
 .debug_aranges
                0x00000898       0x20 /opt/microchip/xc32/v2.20/bin/bin/../../lib/gcc/pic32mx/4.8.3/../../../../pic32mx/lib/libxcpp.a(xputstr.o)
 .debug_aranges
                0x000008b8       0x20 /opt/microchip/xc32/v2.20/bin/bin/../../lib/gcc/pic32mx/4.8.3/../../../../pic32mx/lib/libxcpp.a(xputtxt.o)
 .debug_aranges
                0x000008d8       0x28 /opt/microchip/xc32/v2.20/bin/bin/../../lib/gcc/pic32mx/4.8.3/../../../../pic32mx/lib/libxcpp.a(xstate.o)
 .debug_aranges
                0x00000900       0x20 /opt/microchip/xc32/v2.20/bin/bin/../../lib/gcc/pic32mx/4.8.3/../../../../pic32mx/lib/libxcpp.a(xvacopy.o)
 .debug_aranges
                0x00000920       0x28 /opt/microchip/xc32/v2.20/bin/bin/../../lib/gcc/pic32mx/4.8.3/../../../../pic32mx/lib/libxcpp.a(xwctomb.o)
 .debug_aranges
                0x00000948       0x38 /opt/microchip/xc32/v2.20/bin/bin/../../lib/gcc/pic32mx/4.8.3/../../../../pic32mx/lib/libxcpp.a(xfail_s.o)
 .debug_aranges
                0x00000980       0x20 /opt/microchip/xc32/v2.20/bin/bin/../../lib/gcc/pic32mx/4.8.3/../../../../pic32mx/lib/libxcpp.a(feraiseexcept.o)
 .debug_aranges
                0x000009a0       0x20 /opt/microchip/xc32/v2.20/bin/bin/../../lib/gcc/pic32mx/4.8.3/../../../../pic32mx/lib/libxcpp.a(abort.o)
 .debug_aranges
                0x000009c0       0x20 /opt/microchip/xc32/v2.20/bin/bin/../../lib/gcc/pic32mx/4.8.3/../../../../pic32mx/lib/libxcpp.a(errno.o)
 .debug_aranges
                0x000009e0       0x30 /opt/microchip/xc32/v2.20/bin/bin/../../lib/gcc/pic32mx/4.8.3/../../../../pic32mx/lib/libxcpp.a(exit.o)
 .debug_aranges
                0x00000a10       0x20 /opt/microchip/xc32/v2.20/bin/bin/../../lib/gcc/pic32mx/4.8.3/../../../../pic32mx/lib/libxcpp.a(fflush.o)
 .debug_aranges
                0x00000a30       0x20 /opt/microchip/xc32/v2.20/bin/bin/../../lib/gcc/pic32mx/4.8.3/../../../../pic32mx/lib/libxcpp.a(fputc.o)
 .debug_aranges
                0x00000a50       0x20 /opt/microchip/xc32/v2.20/bin/bin/../../lib/gcc/pic32mx/4.8.3/../../../../pic32mx/lib/libxcpp.a(fputs.o)
 .debug_aranges
                0x00000a70       0x20 /opt/microchip/xc32/v2.20/bin/bin/../../lib/gcc/pic32mx/4.8.3/../../../../pic32mx/lib/libxcpp.a(memchr.o)
 .debug_aranges
                0x00000a90       0x20 /opt/microchip/xc32/v2.20/bin/bin/../../lib/gcc/pic32mx/4.8.3/../../../../pic32mx/lib/libxcpp.a(raise.o)
 .debug_aranges
                0x00000ab0       0x20 /opt/microchip/xc32/v2.20/bin/bin/../../lib/gcc/pic32mx/4.8.3/../../../../pic32mx/lib/libxcpp.a(strchr.o)
 .debug_aranges
                0x00000ad0       0x20 /opt/microchip/xc32/v2.20/bin/bin/../../lib/gcc/pic32mx/4.8.3/../../../../pic32mx/lib/libxcpp.a(strlen.o)
 .debug_aranges
                0x00000af0       0x20 /opt/microchip/xc32/v2.20/bin/bin/../../lib/gcc/pic32mx/4.8.3/../../../../pic32mx/lib/libxcpp.a(strrchr.o)
 .debug_aranges
                0x00000b10       0x20 /opt/microchip/xc32/v2.20/bin/bin/../../lib/gcc/pic32mx/4.8.3/../../../../pic32mx/lib/libxcpp.a(xctype.o)
 .debug_aranges
                0x00000b30       0x20 /opt/microchip/xc32/v2.20/bin/bin/../../lib/gcc/pic32mx/4.8.3/../../../../pic32mx/lib/libxcpp.a(xexit.o)
 .debug_aranges
                0x00000b50       0x20 /opt/microchip/xc32/v2.20/bin/bin/../../lib/gcc/pic32mx/4.8.3/../../../../pic32mx/lib/libxcpp.a(xfdnorm.o)
 .debug_aranges
                0x00000b70       0x20 /opt/microchip/xc32/v2.20/bin/bin/../../lib/gcc/pic32mx/4.8.3/../../../../pic32mx/lib/libxcpp.a(xfwprep.o)
 .debug_aranges
                0x00000b90       0x20 /opt/microchip/xc32/v2.20/bin/bin/../../lib/gcc/pic32mx/4.8.3/../../../../pic32mx/lib/libxcpp.a(xldtob.o)
 .debug_aranges
                0x00000bb0       0x20 /opt/microchip/xc32/v2.20/bin/bin/../../lib/gcc/pic32mx/4.8.3/../../../../pic32mx/lib/libxcpp.a(xldunsca.o)
 .debug_aranges
                0x00000bd0       0x20 /opt/microchip/xc32/v2.20/bin/bin/../../lib/gcc/pic32mx/4.8.3/../../../../pic32mx/lib/libxcpp.a(xlitob.o)
 .debug_aranges
                0x00000bf0       0x70 /opt/microchip/xc32/v2.20/bin/bin/../../lib/gcc/pic32mx/4.8.3/../../../../pic32mx/lib/libxcpp.a(xlprec.o)
 .debug_aranges
                0x00000c60       0x28 /opt/microchip/xc32/v2.20/bin/bin/../../lib/gcc/pic32mx/4.8.3/../../../../pic32mx/lib/libxcpp.a(xmbtowc.o)
 .debug_aranges
                0x00000c88       0x20 /opt/microchip/xc32/v2.20/bin/bin/../../lib/gcc/pic32mx/4.8.3/../../../../pic32mx/lib/libxcpp.a(xwcstate.o)
 .debug_aranges
                0x00000ca8       0x20 /opt/microchip/xc32/v2.20/bin/bin/../../lib/gcc/pic32mx/4.8.3/../../../../pic32mx/lib/libxcpp.a(strnlen_s.o)
 .debug_aranges
                0x00000cc8       0x30 /opt/microchip/xc32/v2.20/bin/bin/../../lib/gcc/pic32mx/4.8.3/../../../../pic32mx/lib/libxcpp.a(fclose.o)
 .debug_aranges
                0x00000cf8       0x20 /opt/microchip/xc32/v2.20/bin/bin/../../lib/gcc/pic32mx/4.8.3/../../../../pic32mx/lib/libxcpp.a(ldexpl.o)
 .debug_aranges
                0x00000d18       0x20 /opt/microchip/xc32/v2.20/bin/bin/../../lib/gcc/pic32mx/4.8.3/../../../../pic32mx/lib/libxcpp.a(ldiv.o)
 .debug_aranges
                0x00000d38       0x20 /opt/microchip/xc32/v2.20/bin/bin/../../lib/gcc/pic32mx/4.8.3/../../../../pic32mx/lib/libxcpp.a(remove.o)
 .debug_aranges
                0x00000d58       0x20 /opt/microchip/xc32/v2.20/bin/bin/../../lib/gcc/pic32mx/4.8.3/../../../../pic32mx/lib/libxcpp.a(sqrtl.o)
 .debug_aranges
                0x00000d78       0x20 /opt/microchip/xc32/v2.20/bin/bin/../../lib/gcc/pic32mx/4.8.3/../../../../pic32mx/lib/libxcpp.a(xatexit.o)
 .debug_aranges
                0x00000d98       0x20 /opt/microchip/xc32/v2.20/bin/bin/../../lib/gcc/pic32mx/4.8.3/../../../../pic32mx/lib/libxcpp.a(xdunscal.o)
 .debug_aranges
                0x00000db8       0x28 /opt/microchip/xc32/v2.20/bin/bin/../../lib/gcc/pic32mx/4.8.3/../../../../pic32mx/lib/libxcpp.a(xfofind.o)
 .debug_aranges
                0x00000de0       0x20 /opt/microchip/xc32/v2.20/bin/bin/../../lib/gcc/pic32mx/4.8.3/../../../../pic32mx/lib/libxcpp.a(xgenld.o)
 .debug_aranges
                0x00000e00       0x20 /opt/microchip/xc32/v2.20/bin/bin/../../lib/gcc/pic32mx/4.8.3/../../../../pic32mx/lib/libxcpp.a(xldint.o)
 .debug_aranges
                0x00000e20       0x20 /opt/microchip/xc32/v2.20/bin/bin/../../lib/gcc/pic32mx/4.8.3/../../../../pic32mx/lib/libxcpp.a(xldscale.o)
 .debug_aranges
                0x00000e40       0x20 /opt/microchip/xc32/v2.20/bin/bin/../../lib/gcc/pic32mx/4.8.3/../../../../pic32mx/lib/libxcpp.a(xldtest.o)
 .debug_aranges
                0x00000e60       0x20 /opt/microchip/xc32/v2.20/bin/bin/../../lib/gcc/pic32mx/4.8.3/../../../../pic32mx/lib/libxcpp.a(div.o)
 .debug_aranges
                0x00000e80       0x20 /opt/microchip/xc32/v2.20/bin/bin/../../lib/gcc/pic32mx/4.8.3/../../../../pic32mx/lib/libxcpp.a(localeco.o)
 .debug_aranges
                0x00000ea0       0x20 /opt/microchip/xc32/v2.20/bin/bin/../../lib/gcc/pic32mx/4.8.3/../../../../pic32mx/lib/libxcpp.a(xdint.o)
 .debug_aranges
                0x00000ec0       0x20 /opt/microchip/xc32/v2.20/bin/bin/../../lib/gcc/pic32mx/4.8.3/../../../../pic32mx/lib/libxcpp.a(xdnorm.o)
 .debug_aranges
                0x00000ee0       0x20 /opt/microchip/xc32/v2.20/bin/bin/../../lib/gcc/pic32mx/4.8.3/../../../../pic32mx/lib/libxcpp.a(xdscale.o)
 .debug_aranges
                0x00000f00       0x40 /opt/microchip/xc32/v2.20/bin/bin/../../lib/gcc/pic32mx/4.8.3/../../../../pic32mx/lib/libpic32.a(sbrk.o)
 .debug_aranges
                0x00000f40       0x20 /opt/microchip/xc32/v2.20/bin/bin/../../lib/gcc/pic32mx/4.8.3/../../../../pic32mx/lib/libpic32.a(_exit.o)
 .debug_aranges
                0x00000f60       0x20 /opt/microchip/xc32/v2.20/bin/bin/../../lib/gcc/pic32mx/4.8.3/../../../../pic32mx/lib/libpic32.a(isatty.o)
 .debug_aranges
                0x00000f80       0x20 /opt/microchip/xc32/v2.20/bin/bin/../../lib/gcc/pic32mx/4.8.3/../../../../pic32mx/lib/libpic32.a(write.o)
 .debug_aranges
                0x00000fa0       0x20 /opt/microchip/xc32/v2.20/bin/bin/../../lib/gcc/pic32mx/4.8.3/../../../../pic32mx/lib/libpic32.a(close.o)
 .debug_aranges
                0x00000fc0       0x20 /opt/microchip/xc32/v2.20/bin/bin/../../lib/gcc/pic32mx/4.8.3/../../../../pic32mx/lib/libpic32.a(unlink.o)
 .debug_aranges
                0x00000fe0       0x20 /opt/microchip/xc32/v2.20/bin/bin/../../lib/gcc/pic32mx/4.8.3/../../../../pic32mx/lib/libpic32.a(kill.o)
 .debug_aranges
                0x00001000       0x20 /opt/microchip/xc32/v2.20/bin/bin/../../lib/gcc/pic32mx/4.8.3/../../../../pic32mx/lib/libpic32.a(getpid.o)
 .debug_aranges
                0x00001020       0x20 /opt/microchip/xc32/v2.20/bin/bin/../../lib/gcc/pic32mx/4.8.3/../../../../pic32mx/lib/libpic32.a(rmdir.o)
 .debug_aranges
                0x00001040       0x20 /opt/microchip/xc32/v2.20/bin/bin/../../lib/gcc/pic32mx/4.8.3/../../../../pic32mx/lib/libpic32.a(_mon_putc.o)
 .debug_aranges
                0x00001060       0x20 /opt/microchip/xc32/v2.20/bin/bin/../../lib/gcc/pic32mx/4.8.3/libgcc.a(_udivdi3.o)
 .debug_aranges
                0x00001080       0x20 /opt/microchip/xc32/v2.20/bin/bin/../../lib/gcc/pic32mx/4.8.3/libgcc.a(_umoddi3.o)

.debug_pubnames
 *(.debug_pubnames)

.debug_info     0x00000000    0x4443c
 *(.debug_info .gnu.linkonce.wi.*)
 .debug_info    0x00000000      0x2f8 ./OUT/bsp_utils.o
 .debug_info    0x000002f8     0x1730 ./OUT/bsp_accel_gyro_int.o
 .debug_info    0x00001a28     0x24d9 ./OUT/bsp_xbee.o
 .debug_info    0x00003f01     0x2146 ./OUT/bsp.o
 .debug_info    0x00006047      0x6ee ./OUT/PIC32INTlib.o
 .debug_info    0x00006735      0xc46 ./OUT/os_app_hooks.o
 .debug_info    0x0000737b      0x307 ./OUT/driver_flash.o
 .debug_info    0x00007682     0x2756 ./OUT/driver_spi.o
 .debug_info    0x00009dd8      0x668 ./OUT/driver_uart.o
 .debug_info    0x0000a440      0xfac ./OUT/driver_analog.o
 .debug_info    0x0000b3ec     0x1ab4 ./OUT/driver_pwm.o
 .debug_info    0x0000cea0      0x208 ./OUT/cpu_c.o
 .debug_info    0x0000d0a8      0x52b ./OUT/cpu_core.o
 .debug_info    0x0000d5d3      0x5ee ./OUT/lib_ascii.o
 .debug_info    0x0000dbc1      0x278 ./OUT/lib_math.o
 .debug_info    0x0000de39     0x11b5 ./OUT/lib_str.o
 .debug_info    0x0000efee      0xdb4 ./OUT/lib_mem.o
 .debug_info    0x0000fda2      0x6b4 ./OUT/os_msg.o
 .debug_info    0x00010456     0x1115 ./OUT/os_flag.o
 .debug_info    0x0001156b      0xf1a ./OUT/os_mutex.o
 .debug_info    0x00012485      0x590 ./OUT/os_mem.o
 .debug_info    0x00012a15      0xe12 ./OUT/os_tick.o
 .debug_info    0x00013827      0xc8d ./OUT/os_cpu_c.o
 .debug_info    0x000144b4     0x16f6 ./OUT/os_var.o
 .debug_info    0x00015baa      0xfe1 ./OUT/os_q.o
 .debug_info    0x00016b8b     0x1d9f ./OUT/os_dbg.o
 .debug_info    0x0001892a      0xe40 ./OUT/os_stat.o
 .debug_info    0x0001976a     0x131e ./OUT/os_tmr.o
 .debug_info    0x0001aa88      0x13b ./OUT/os_pend_multi.o
 .debug_info    0x0001abc3     0x18d2 ./OUT/os_core.o
 .debug_info    0x0001c495     0x1321 ./OUT/os_cfg_app.o
 .debug_info    0x0001d7b6     0x15da ./OUT/os_task.o
 .debug_info    0x0001ed90      0xfaf ./OUT/os_sem.o
 .debug_info    0x0001fd3f      0xd46 ./OUT/os_time.o
 .debug_info    0x00020a85     0x10cf ./OUT/os_int.o
 .debug_info    0x00021b54      0x2f3 ./OUT/os_prio.o
 .debug_info    0x00021e47     0x1a7a ./OUT/comms_xbee.o
 .debug_info    0x000238c1      0x520 ./OUT/bsp_motor.o
 .debug_info    0x00023de1     0x9cfb ./OUT/bsp_accel_gyro.o
 .debug_info    0x0002dadc      0xd2e ./OUT/app.o
 .debug_info    0x0002e80a     0x65df ./OUT/app_accel_gyro.o
 .debug_info    0x00034de9      0xfac ./OUT/app_test.o
 .debug_info    0x00035d95     0x1e40 ./OUT/driver_i2c.o
 .debug_info    0x00037bd5     0x7adb ./OUT/alg_stabilizer.o
 .debug_info    0x0003f6b0       0xbe /opt/microchip/xc32/v2.20/bin/bin/../../lib/gcc/pic32mx/4.8.3/../../../../pic32mx/lib/libmchp_peripheral_32MX795F512L.a(pcache.o)
 .debug_info    0x0003f76e      0x129 /opt/microchip/xc32/v2.20/bin/bin/../../lib/gcc/pic32mx/4.8.3/libgcc.a(floatunsisf.o)
 .debug_info    0x0003f897       0xf4 /opt/microchip/xc32/v2.20/bin/bin/../../lib/gcc/pic32mx/4.8.3/../../../../pic32mx/lib/libpic32.a(default-bootstrap-exception-handler.o)
 .debug_info    0x0003f98b       0xcd /opt/microchip/xc32/v2.20/bin/bin/../../lib/gcc/pic32mx/4.8.3/../../../../pic32mx/lib/libpic32.a(default-on-reset.o)
 .debug_info    0x0003fa58       0xd5 /opt/microchip/xc32/v2.20/bin/bin/../../lib/gcc/pic32mx/4.8.3/../../../../pic32mx/lib/libpic32.a(default-on-bootstrap.o)
 .debug_info    0x0003fb2d       0xb9 /opt/microchip/xc32/v2.20/bin/bin/../../lib/gcc/pic32mx/4.8.3/../../../../pic32mx/lib/libxcpp.a(atan2.o)
 .debug_info    0x0003fbe6       0xbb /opt/microchip/xc32/v2.20/bin/bin/../../lib/gcc/pic32mx/4.8.3/../../../../pic32mx/lib/libxcpp.a(atan2f.o)
 .debug_info    0x0003fca1       0xb7 /opt/microchip/xc32/v2.20/bin/bin/../../lib/gcc/pic32mx/4.8.3/../../../../pic32mx/lib/libxcpp.a(free.o)
 .debug_info    0x0003fd58       0xc7 /opt/microchip/xc32/v2.20/bin/bin/../../lib/gcc/pic32mx/4.8.3/../../../../pic32mx/lib/libxcpp.a(malloc.o)
 .debug_info    0x0003fe1f       0xbd /opt/microchip/xc32/v2.20/bin/bin/../../lib/gcc/pic32mx/4.8.3/../../../../pic32mx/lib/libxcpp.a(memmove.o)
 .debug_info    0x0003fedc       0xcb /opt/microchip/xc32/v2.20/bin/bin/../../lib/gcc/pic32mx/4.8.3/../../../../pic32mx/lib/libxcpp.a(realloc.o)
 .debug_info    0x0003ffa7       0xb9 /opt/microchip/xc32/v2.20/bin/bin/../../lib/gcc/pic32mx/4.8.3/../../../../pic32mx/lib/libxcpp.a(sqrtf.o)
 .debug_info    0x00040060       0xd4 /opt/microchip/xc32/v2.20/bin/bin/../../lib/gcc/pic32mx/4.8.3/../../../../pic32mx/lib/libxcpp.a(vsnprint.o)
 .debug_info    0x00040134       0xbd /opt/microchip/xc32/v2.20/bin/bin/../../lib/gcc/pic32mx/4.8.3/../../../../pic32mx/lib/libxcpp.a(xassert.o)
 .debug_info    0x000401f1       0xb9 /opt/microchip/xc32/v2.20/bin/bin/../../lib/gcc/pic32mx/4.8.3/../../../../pic32mx/lib/libxcpp.a(xatan.o)
 .debug_info    0x000402aa       0xbb /opt/microchip/xc32/v2.20/bin/bin/../../lib/gcc/pic32mx/4.8.3/../../../../pic32mx/lib/libxcpp.a(xdtest.o)
 .debug_info    0x00040365       0xbb /opt/microchip/xc32/v2.20/bin/bin/../../lib/gcc/pic32mx/4.8.3/../../../../pic32mx/lib/libxcpp.a(xfatan.o)
 .debug_info    0x00040420       0xbf /opt/microchip/xc32/v2.20/bin/bin/../../lib/gcc/pic32mx/4.8.3/../../../../pic32mx/lib/libxcpp.a(xfdscale.o)
 .debug_info    0x000404df       0xbd /opt/microchip/xc32/v2.20/bin/bin/../../lib/gcc/pic32mx/4.8.3/../../../../pic32mx/lib/libxcpp.a(xfdtest.o)
 .debug_info    0x0004059c       0xc1 /opt/microchip/xc32/v2.20/bin/bin/../../lib/gcc/pic32mx/4.8.3/../../../../pic32mx/lib/libxcpp.a(xfdunsca.o)
 .debug_info    0x0004065d       0xbf /opt/microchip/xc32/v2.20/bin/bin/../../lib/gcc/pic32mx/4.8.3/../../../../pic32mx/lib/libxcpp.a(xferaise.o)
 .debug_info    0x0004071c       0xbd /opt/microchip/xc32/v2.20/bin/bin/../../lib/gcc/pic32mx/4.8.3/../../../../pic32mx/lib/libxcpp.a(xgetmem.o)
 .debug_info    0x000407d9       0xbd /opt/microchip/xc32/v2.20/bin/bin/../../lib/gcc/pic32mx/4.8.3/../../../../pic32mx/lib/libxcpp.a(xprintf.o)
 .debug_info    0x00040896       0xbd /opt/microchip/xc32/v2.20/bin/bin/../../lib/gcc/pic32mx/4.8.3/../../../../pic32mx/lib/libxcpp.a(xputfld.o)
 .debug_info    0x00040953       0xbd /opt/microchip/xc32/v2.20/bin/bin/../../lib/gcc/pic32mx/4.8.3/../../../../pic32mx/lib/libxcpp.a(xputstr.o)
 .debug_info    0x00040a10       0xbd /opt/microchip/xc32/v2.20/bin/bin/../../lib/gcc/pic32mx/4.8.3/../../../../pic32mx/lib/libxcpp.a(xputtxt.o)
 .debug_info    0x00040acd       0xdd /opt/microchip/xc32/v2.20/bin/bin/../../lib/gcc/pic32mx/4.8.3/../../../../pic32mx/lib/libxcpp.a(xstate.o)
 .debug_info    0x00040baa       0xbd /opt/microchip/xc32/v2.20/bin/bin/../../lib/gcc/pic32mx/4.8.3/../../../../pic32mx/lib/libxcpp.a(xvacopy.o)
 .debug_info    0x00040c67       0xd5 /opt/microchip/xc32/v2.20/bin/bin/../../lib/gcc/pic32mx/4.8.3/../../../../pic32mx/lib/libxcpp.a(xwctomb.o)
 .debug_info    0x00040d3c      0x12b /opt/microchip/xc32/v2.20/bin/bin/../../lib/gcc/pic32mx/4.8.3/../../../../pic32mx/lib/libxcpp.a(xfail_s.o)
 .debug_info    0x00040e67       0xc5 /opt/microchip/xc32/v2.20/bin/bin/../../lib/gcc/pic32mx/4.8.3/../../../../pic32mx/lib/libxcpp.a(feraiseexcept.o)
 .debug_info    0x00040f2c       0xb9 /opt/microchip/xc32/v2.20/bin/bin/../../lib/gcc/pic32mx/4.8.3/../../../../pic32mx/lib/libxcpp.a(abort.o)
 .debug_info    0x00040fe5       0xbd /opt/microchip/xc32/v2.20/bin/bin/../../lib/gcc/pic32mx/4.8.3/../../../../pic32mx/lib/libxcpp.a(errno.o)
 .debug_info    0x000410a2       0xe7 /opt/microchip/xc32/v2.20/bin/bin/../../lib/gcc/pic32mx/4.8.3/../../../../pic32mx/lib/libxcpp.a(exit.o)
 .debug_info    0x00041189       0xbb /opt/microchip/xc32/v2.20/bin/bin/../../lib/gcc/pic32mx/4.8.3/../../../../pic32mx/lib/libxcpp.a(fflush.o)
 .debug_info    0x00041244       0xb9 /opt/microchip/xc32/v2.20/bin/bin/../../lib/gcc/pic32mx/4.8.3/../../../../pic32mx/lib/libxcpp.a(fputc.o)
 .debug_info    0x000412fd       0xb9 /opt/microchip/xc32/v2.20/bin/bin/../../lib/gcc/pic32mx/4.8.3/../../../../pic32mx/lib/libxcpp.a(fputs.o)
 .debug_info    0x000413b6       0xbb /opt/microchip/xc32/v2.20/bin/bin/../../lib/gcc/pic32mx/4.8.3/../../../../pic32mx/lib/libxcpp.a(memchr.o)
 .debug_info    0x00041471       0xb9 /opt/microchip/xc32/v2.20/bin/bin/../../lib/gcc/pic32mx/4.8.3/../../../../pic32mx/lib/libxcpp.a(raise.o)
 .debug_info    0x0004152a       0xbb /opt/microchip/xc32/v2.20/bin/bin/../../lib/gcc/pic32mx/4.8.3/../../../../pic32mx/lib/libxcpp.a(strchr.o)
 .debug_info    0x000415e5       0xbb /opt/microchip/xc32/v2.20/bin/bin/../../lib/gcc/pic32mx/4.8.3/../../../../pic32mx/lib/libxcpp.a(strlen.o)
 .debug_info    0x000416a0       0xbd /opt/microchip/xc32/v2.20/bin/bin/../../lib/gcc/pic32mx/4.8.3/../../../../pic32mx/lib/libxcpp.a(strrchr.o)
 .debug_info    0x0004175d       0xbf /opt/microchip/xc32/v2.20/bin/bin/../../lib/gcc/pic32mx/4.8.3/../../../../pic32mx/lib/libxcpp.a(xctype.o)
 .debug_info    0x0004181c       0xb9 /opt/microchip/xc32/v2.20/bin/bin/../../lib/gcc/pic32mx/4.8.3/../../../../pic32mx/lib/libxcpp.a(xexit.o)
 .debug_info    0x000418d5       0xbd /opt/microchip/xc32/v2.20/bin/bin/../../lib/gcc/pic32mx/4.8.3/../../../../pic32mx/lib/libxcpp.a(xfdnorm.o)
 .debug_info    0x00041992       0xbd /opt/microchip/xc32/v2.20/bin/bin/../../lib/gcc/pic32mx/4.8.3/../../../../pic32mx/lib/libxcpp.a(xfwprep.o)
 .debug_info    0x00041a4f       0xbb /opt/microchip/xc32/v2.20/bin/bin/../../lib/gcc/pic32mx/4.8.3/../../../../pic32mx/lib/libxcpp.a(xldtob.o)
 .debug_info    0x00041b0a       0xc1 /opt/microchip/xc32/v2.20/bin/bin/../../lib/gcc/pic32mx/4.8.3/../../../../pic32mx/lib/libxcpp.a(xldunsca.o)
 .debug_info    0x00041bcb       0xbb /opt/microchip/xc32/v2.20/bin/bin/../../lib/gcc/pic32mx/4.8.3/../../../../pic32mx/lib/libxcpp.a(xlitob.o)
 .debug_info    0x00041c86      0x1cc /opt/microchip/xc32/v2.20/bin/bin/../../lib/gcc/pic32mx/4.8.3/../../../../pic32mx/lib/libxcpp.a(xlprec.o)
 .debug_info    0x00041e52       0xd5 /opt/microchip/xc32/v2.20/bin/bin/../../lib/gcc/pic32mx/4.8.3/../../../../pic32mx/lib/libxcpp.a(xmbtowc.o)
 .debug_info    0x00041f27       0xc3 /opt/microchip/xc32/v2.20/bin/bin/../../lib/gcc/pic32mx/4.8.3/../../../../pic32mx/lib/libxcpp.a(xwcstate.o)
 .debug_info    0x00041fea       0xc8 /opt/microchip/xc32/v2.20/bin/bin/../../lib/gcc/pic32mx/4.8.3/../../../../pic32mx/lib/libxcpp.a(strnlen_s.o)
 .debug_info    0x000420b2       0xfa /opt/microchip/xc32/v2.20/bin/bin/../../lib/gcc/pic32mx/4.8.3/../../../../pic32mx/lib/libxcpp.a(fclose.o)
 .debug_info    0x000421ac       0xbb /opt/microchip/xc32/v2.20/bin/bin/../../lib/gcc/pic32mx/4.8.3/../../../../pic32mx/lib/libxcpp.a(ldexpl.o)
 .debug_info    0x00042267       0xb7 /opt/microchip/xc32/v2.20/bin/bin/../../lib/gcc/pic32mx/4.8.3/../../../../pic32mx/lib/libxcpp.a(ldiv.o)
 .debug_info    0x0004231e       0xbb /opt/microchip/xc32/v2.20/bin/bin/../../lib/gcc/pic32mx/4.8.3/../../../../pic32mx/lib/libxcpp.a(remove.o)
 .debug_info    0x000423d9       0xb9 /opt/microchip/xc32/v2.20/bin/bin/../../lib/gcc/pic32mx/4.8.3/../../../../pic32mx/lib/libxcpp.a(sqrtl.o)
 .debug_info    0x00042492       0xbd /opt/microchip/xc32/v2.20/bin/bin/../../lib/gcc/pic32mx/4.8.3/../../../../pic32mx/lib/libxcpp.a(xatexit.o)
 .debug_info    0x0004254f       0xc0 /opt/microchip/xc32/v2.20/bin/bin/../../lib/gcc/pic32mx/4.8.3/../../../../pic32mx/lib/libxcpp.a(xdunscal.o)
 .debug_info    0x0004260f       0xd4 /opt/microchip/xc32/v2.20/bin/bin/../../lib/gcc/pic32mx/4.8.3/../../../../pic32mx/lib/libxcpp.a(xfofind.o)
 .debug_info    0x000426e3       0xbb /opt/microchip/xc32/v2.20/bin/bin/../../lib/gcc/pic32mx/4.8.3/../../../../pic32mx/lib/libxcpp.a(xgenld.o)
 .debug_info    0x0004279e       0xbb /opt/microchip/xc32/v2.20/bin/bin/../../lib/gcc/pic32mx/4.8.3/../../../../pic32mx/lib/libxcpp.a(xldint.o)
 .debug_info    0x00042859       0xbf /opt/microchip/xc32/v2.20/bin/bin/../../lib/gcc/pic32mx/4.8.3/../../../../pic32mx/lib/libxcpp.a(xldscale.o)
 .debug_info    0x00042918       0xbd /opt/microchip/xc32/v2.20/bin/bin/../../lib/gcc/pic32mx/4.8.3/../../../../pic32mx/lib/libxcpp.a(xldtest.o)
 .debug_info    0x000429d5       0xb5 /opt/microchip/xc32/v2.20/bin/bin/../../lib/gcc/pic32mx/4.8.3/../../../../pic32mx/lib/libxcpp.a(div.o)
 .debug_info    0x00042a8a       0xc1 /opt/microchip/xc32/v2.20/bin/bin/../../lib/gcc/pic32mx/4.8.3/../../../../pic32mx/lib/libxcpp.a(localeco.o)
 .debug_info    0x00042b4b       0xb9 /opt/microchip/xc32/v2.20/bin/bin/../../lib/gcc/pic32mx/4.8.3/../../../../pic32mx/lib/libxcpp.a(xdint.o)
 .debug_info    0x00042c04       0xbb /opt/microchip/xc32/v2.20/bin/bin/../../lib/gcc/pic32mx/4.8.3/../../../../pic32mx/lib/libxcpp.a(xdnorm.o)