Archive member included because of file (symbol)

/opt/microchip/xc32/v1.31/bin/../lib/gcc/pic32mx/4.5.2/../../../../pic32mx/lib/libsupc++.a(eh_personality.o)
                              build/default/production/drivers/src/driver_i2c.o (__gxx_personality_sj0)
/opt/microchip/xc32/v1.31/bin/../lib/gcc/pic32mx/4.5.2/../../../../pic32mx/lib/libsupc++.a(eh_terminate.o)
                              /opt/microchip/xc32/v1.31/bin/../lib/gcc/pic32mx/4.5.2/../../../../pic32mx/lib/libsupc++.a(eh_personality.o) (_ZN10__cxxabiv111__terminateEPFvvE)
/opt/microchip/xc32/v1.31/bin/../lib/gcc/pic32mx/4.5.2/../../../../pic32mx/lib/libsupc++.a(eh_throw.o)
                              /opt/microchip/xc32/v1.31/bin/../lib/gcc/pic32mx/4.5.2/../../../../pic32mx/lib/libsupc++.a(eh_personality.o) (__cxa_throw)
/opt/microchip/xc32/v1.31/bin/../lib/gcc/pic32mx/4.5.2/../../../../pic32mx/lib/libsupc++.a(eh_unex_handler.o)
                              /opt/microchip/xc32/v1.31/bin/../lib/gcc/pic32mx/4.5.2/../../../../pic32mx/lib/libsupc++.a(eh_terminate.o) (_ZN10__cxxabiv120__unexpected_handlerE)
/opt/microchip/xc32/v1.31/bin/../lib/gcc/pic32mx/4.5.2/../../../../pic32mx/lib/libsupc++.a(eh_alloc.o)
                              /opt/microchip/xc32/v1.31/bin/../lib/gcc/pic32mx/4.5.2/../../../../pic32mx/lib/libsupc++.a(eh_personality.o) (__cxa_allocate_exception)
/opt/microchip/xc32/v1.31/bin/../lib/gcc/pic32mx/4.5.2/../../../../pic32mx/lib/libsupc++.a(eh_call.o)
                              /opt/microchip/xc32/v1.31/bin/../lib/gcc/pic32mx/4.5.2/../../../../pic32mx/lib/libsupc++.a(eh_personality.o) (__cxa_call_terminate)
/opt/microchip/xc32/v1.31/bin/../lib/gcc/pic32mx/4.5.2/../../../../pic32mx/lib/libsupc++.a(eh_catch.o)
                              /opt/microchip/xc32/v1.31/bin/../lib/gcc/pic32mx/4.5.2/../../../../pic32mx/lib/libsupc++.a(eh_personality.o) (__cxa_begin_catch)
/opt/microchip/xc32/v1.31/bin/../lib/gcc/pic32mx/4.5.2/../../../../pic32mx/lib/libsupc++.a(eh_exception.o)
                              /opt/microchip/xc32/v1.31/bin/../lib/gcc/pic32mx/4.5.2/../../../../pic32mx/lib/libsupc++.a(eh_personality.o) (_ZNSt13bad_exceptionD1Ev)
/opt/microchip/xc32/v1.31/bin/../lib/gcc/pic32mx/4.5.2/../../../../pic32mx/lib/libsupc++.a(eh_globals.o)
                              /opt/microchip/xc32/v1.31/bin/../lib/gcc/pic32mx/4.5.2/../../../../pic32mx/lib/libsupc++.a(eh_personality.o) (__cxa_get_globals_fast)
/opt/microchip/xc32/v1.31/bin/../lib/gcc/pic32mx/4.5.2/../../../../pic32mx/lib/libsupc++.a(eh_term_handler.o)
                              /opt/microchip/xc32/v1.31/bin/../lib/gcc/pic32mx/4.5.2/../../../../pic32mx/lib/libsupc++.a(eh_terminate.o) (_ZN10__cxxabiv119__terminate_handlerE)
/opt/microchip/xc32/v1.31/bin/../lib/gcc/pic32mx/4.5.2/../../../../pic32mx/lib/libsupc++.a(si_class_type_info.o)
                              /opt/microchip/xc32/v1.31/bin/../lib/gcc/pic32mx/4.5.2/../../../../pic32mx/lib/libsupc++.a(eh_exception.o) (_ZTVN10__cxxabiv120__si_class_type_infoE)
/opt/microchip/xc32/v1.31/bin/../lib/gcc/pic32mx/4.5.2/../../../../pic32mx/lib/libsupc++.a(tinfo.o)
                              /opt/microchip/xc32/v1.31/bin/../lib/gcc/pic32mx/4.5.2/../../../../pic32mx/lib/libsupc++.a(si_class_type_info.o) (_ZNKSt9type_info14__is_pointer_pEv)
/opt/microchip/xc32/v1.31/bin/../lib/gcc/pic32mx/4.5.2/../../../../pic32mx/lib/libsupc++.a(pure.o)
                              /opt/microchip/xc32/v1.31/bin/../lib/gcc/pic32mx/4.5.2/../../../../pic32mx/lib/libsupc++.a(eh_exception.o) (__cxa_pure_virtual)
/opt/microchip/xc32/v1.31/bin/../lib/gcc/pic32mx/4.5.2/../../../../pic32mx/lib/libsupc++.a(class_type_info.o)
                              /opt/microchip/xc32/v1.31/bin/../lib/gcc/pic32mx/4.5.2/../../../../pic32mx/lib/libsupc++.a(si_class_type_info.o) (_ZNK10__cxxabiv117__class_type_info11__do_upcastEPKS0_PPv)
/opt/microchip/xc32/v1.31/bin/../lib/gcc/pic32mx/4.5.2/../../../../pic32mx/lib/libsupc++.a(del_op.o)
                              /opt/microchip/xc32/v1.31/bin/../lib/gcc/pic32mx/4.5.2/../../../../pic32mx/lib/libsupc++.a(eh_exception.o) (_ZdlPv)
/opt/microchip/xc32/v1.31/bin/../lib/gcc/pic32mx/4.5.2/../../../../pic32mx/lib/libm.a(fp32.o)
                              build/default/production/drivers/src/driver_i2c.o (fpsub)
/opt/microchip/xc32/v1.31/bin/../lib/gcc/pic32mx/4.5.2/../../../../pic32mx/lib/libmchp_peripheral_32MX795F512L.a(pcache.o)
                              build/default/production/BSP/src/bsp.o (CheKseg0CacheOn)
/opt/microchip/xc32/v1.31/bin/../lib/gcc/pic32mx/4.5.2/libgcc.a(unwind-sjlj.o)
                              build/default/production/drivers/src/driver_i2c.o (_Unwind_SjLj_Register)
/opt/microchip/xc32/v1.31/bin/../lib/gcc/pic32mx/4.5.2/../../../../pic32mx/lib/libpic32.a(memset.o)
                              build/default/production/app/src/app_accel_gyro.o (memset)
/opt/microchip/xc32/v1.31/bin/../lib/gcc/pic32mx/4.5.2/../../../../pic32mx/lib/libpic32.a(strcmp.o)
[...]
Memory Configuration

Name             Origin             Length             Attributes
kseg0_program_mem 0x9d000000         0x00080000         xr
kseg0_boot_mem   0x9fc00490         0x00000970
exception_mem    0x9fc01000         0x00001000
kseg1_boot_mem   0xbfc00000         0x00000490
debug_exec_mem   0xbfc02000         0x00000ff0
config3          0xbfc02ff0         0x00000004
config2          0xbfc02ff4         0x00000004
config1          0xbfc02ff8         0x00000004
config0          0xbfc02ffc         0x00000004
kseg1_data_mem   0xa0000000         0x00020000         w !x
sfrs             0xbf800000         0x00100000
configsfrs       0xbfc02ff0         0x00000010
*default*        0x00000000         0xffffffff

Linker script and memory map

LOAD build/default/production/app/src/os_app_hooks.o
LOAD build/default/production/app/src/button_reader.o
LOAD build/default/production/app/src/app.o
LOAD build/default/production/app/src/app_accel_gyro.o
LOAD build/default/production/BSP/src/bsp.o
LOAD build/default/production/BSP/src/bsp_a.o
LOAD build/default/production/BSP/src/crt0.o
LOAD build/default/production/BSP/src/bsp_utils.o
LOAD build/default/production/BSP/src/bsp_accel_gyro.o
LOAD build/default/production/CPU/src/PIC32INTlib.o
LOAD build/default/production/drivers/src/driver_i2c.o
LOAD build/default/production/drivers/src/driver_uart.o
LOAD build/default/production/uC-CPU/src/cpu_a.o
LOAD build/default/production/uC-CPU/src/cpu_c.o
LOAD build/default/production/uC-CPU/src/cpu_core.o
LOAD build/default/production/uC-LIB/src/lib_ascii.o
LOAD build/default/production/uC-LIB/src/lib_math.o
LOAD build/default/production/uC-LIB/src/lib_mem.o
LOAD build/default/production/uC-LIB/src/lib_str.o
LOAD build/default/production/uCOS-III/src/os_cfg_app.o
LOAD build/default/production/uCOS-III/src/os_core.o
LOAD build/default/production/uCOS-III/src/os_cpu_a.o
LOAD build/default/production/uCOS-III/src/os_cpu_c.o
LOAD build/default/production/uCOS-III/src/os_dbg.o
LOAD build/default/production/uCOS-III/src/os_flag.o
LOAD build/default/production/uCOS-III/src/os_int.o
LOAD build/default/production/uCOS-III/src/os_mem.o
LOAD build/default/production/uCOS-III/src/os_msg.o
LOAD build/default/production/uCOS-III/src/os_mutex.o
LOAD build/default/production/uCOS-III/src/os_pend_multi.o
LOAD build/default/production/uCOS-III/src/os_prio.o
LOAD build/default/production/uCOS-III/src/os_q.o
LOAD build/default/production/uCOS-III/src/os_sem.o
LOAD build/default/production/uCOS-III/src/os_stat.o
LOAD build/default/production/uCOS-III/src/os_task.o
LOAD build/default/production/uCOS-III/src/os_tick.o
LOAD build/default/production/uCOS-III/src/os_time.o
LOAD build/default/production/uCOS-III/src/os_tmr.o
LOAD build/default/production/uCOS-III/src/os_var.o
                0x00000001                __MPLAB_BUILD = 0x1
                0x00000080                _min_heap_size = 0x80
LOAD /opt/microchip/xc32/v1.31/bin/../lib/gcc/pic32mx/4.5.2/../../../../pic32mx/lib/libsupc++.a
LOAD /opt/microchip/xc32/v1.31/bin/../lib/gcc/pic32mx/4.5.2/../../../../pic32mx/lib/libm.a
LOAD /opt/microchip/xc32/v1.31/bin/../lib/gcc/pic32mx/4.5.2/../../../../pic32mx/lib/./proc/32MX795F512L/default_isr_vectors.o
                0x00000400                PROVIDE (_min_stack_size, 0x400)
LOAD /opt/microchip/xc32/v1.31/bin/../lib/gcc/pic32mx/4.5.2/../../../../pic32mx/lib/./proc/32MX795F512L/processor.o
START GROUP
LOAD /opt/microchip/xc32/v1.31/bin/../lib/gcc/pic32mx/4.5.2/../../../../pic32mx/lib/libmchp_peripheral.a
END GROUP
START GROUP
LOAD /opt/microchip/xc32/v1.31/bin/../lib/gcc/pic32mx/4.5.2/../../../../pic32mx/lib/libmchp_peripheral_32MX795F512L.a
END GROUP
                0x00000001                PROVIDE (_vector_spacing, 0x1)
                0x9fc01000                _ebase_address = 0x9fc01000
                0xbfc00000                _RESET_ADDR = 0xbfc00000
                0xbfc00380                _BEV_EXCPT_ADDR = 0xbfc00380
                0xbfc00480                _DBG_EXCPT_ADDR = 0xbfc00480
                0xbfc02000                _DBG_CODE_ADDR = 0xbfc02000
                0x00000ff0                _DBG_CODE_SIZE = 0xff0
                0x9fc01180                _GEN_EXCPT_ADDR = (_ebase_address + 0x180)

.config_BFC02FF0
 *(.config_BFC02FF0)

.config_BFC02FF4
                0xbfc02ff4        0x4
 *(.config_BFC02FF4)
 .config_BFC02FF4
                0xbfc02ff4        0x4 build/default/production/app/src/app.o

.config_BFC02FF8
                0xbfc02ff8        0x4
 *(.config_BFC02FF8)
 .config_BFC02FF8
                0xbfc02ff8        0x4 build/default/production/app/src/app.o

.config_BFC02FFC
                0xbfc02ffc        0x4
 *(.config_BFC02FFC)
 .config_BFC02FFC
                0xbfc02ffc        0x4 build/default/production/app/src/app.o
                0xbfc02000                PROVIDE (_DBG_CODE_ADDR, 0xbfc02000)
                0x00000ff0                PROVIDE (_DBG_CODE_SIZE, 0xff0)

.reset          0xbfc00000      0x1f4
 *(.reset)
 .reset         0xbfc00000       0x10 build/default/production/BSP/src/crt0.o
                0xbfc00000                _reset
 *(.reset.startup)
 .reset.startup
                0xbfc00010      0x1e4 build/default/production/BSP/src/crt0.o

.bev_excpt      0xbfc00380       0x10
 *(.bev_handler)
 .bev_handler   0xbfc00380       0x10 build/default/production/BSP/src/crt0.o

.dbg_excpt      0xbfc00480        0x0
                0xbfc00480                . = (. + DEFINED (_DEBUGGER)?0x8:0x0)

.dbg_code       0xbfc02000        0x0
                0xbfc02000                . = (. + DEFINED (_DEBUGGER)?_DBG_CODE_SIZE:0x0)

.app_excpt      0x9fc01180       0x10
 *(.gen_handler)
 .gen_handler   0x9fc01180       0x10 build/default/production/BSP/src/crt0.o

.vector_0       0x9fc01200       0x18
 *(.vector_0)
 .vector_0      0x9fc01200       0x10 build/default/production/BSP/src/crt0.o
 .vector_0      0x9fc01210        0x8 /opt/microchip/xc32/v1.31/bin/../lib/gcc/pic32mx/4.5.2/../../../../pic32mx/lib/libpic32.a(vector0.o)
                0x9fc01210                __vector_dispatch_0
                0x00000001                ASSERT (((_vector_spacing == 0x0) || (SIZEOF (.vector_0) <= (_vector_spacing << 0x5))), function at exception vector 0 too large)

.vector_1       0x9fc01220       0x18
 *(.vector_1)
 .vector_1      0x9fc01220       0x10 build/default/production/BSP/src/bsp_a.o
 .vector_1      0x9fc01230        0x8 /opt/microchip/xc32/v1.31/bin/../lib/gcc/pic32mx/4.5.2/../../../../pic32mx/lib/libpic32.a(vector1.o)
                0x9fc01230                __vector_dispatch_1
                0x00000001                ASSERT (((_vector_spacing == 0x0) || (SIZEOF (.vector_1) <= (_vector_spacing << 0x5))), function at exception vector 1 too large)

.vector_2       0x9fc01240       0x18
 *(.vector_2)
 .vector_2      0x9fc01240       0x10 build/default/production/BSP/src/bsp_a.o
 .vector_2      0x9fc01250        0x8 /opt/microchip/xc32/v1.31/bin/../lib/gcc/pic32mx/4.5.2/../../../../pic32mx/lib/libpic32.a(vector2.o)
                0x9fc01250                __vector_dispatch_2
                0x00000001                ASSERT (((_vector_spacing == 0x0) || (SIZEOF (.vector_2) <= (_vector_spacing << 0x5))), function at exception vector 2 too large)

.vector_3       0x9fc01260       0x18
 *(.vector_3)
 .vector_3      0x9fc01260       0x10 build/default/production/BSP/src/bsp_a.o
 .vector_3      0x9fc01270        0x8 /opt/microchip/xc32/v1.31/bin/../lib/gcc/pic32mx/4.5.2/../../../../pic32mx/lib/libpic32.a(vector3.o)
                0x9fc01270                __vector_dispatch_3
                0x00000001                ASSERT (((_vector_spacing == 0x0) || (SIZEOF (.vector_3) <= (_vector_spacing << 0x5))), function at exception vector 3 too large)

.vector_4       0x9fc01280       0x18
 *(.vector_4)
 .vector_4      0x9fc01280       0x10 build/default/production/BSP/src/bsp_a.o
 .vector_4      0x9fc01290        0x8 /opt/microchip/xc32/v1.31/bin/../lib/gcc/pic32mx/4.5.2/../../../../pic32mx/lib/libpic32.a(vector4.o)
                0x9fc01290                __vector_dispatch_4
                0x00000001                ASSERT (((_vector_spacing == 0x0) || (SIZEOF (.vector_4) <= (_vector_spacing << 0x5))), function at exception vector 4 too large)

.vector_5       0x9fc012a0       0x18
 *(.vector_5)
 .vector_5      0x9fc012a0       0x10 build/default/production/BSP/src/bsp_a.o
 .vector_5      0x9fc012b0        0x8 /opt/microchip/xc32/v1.31/bin/../lib/gcc/pic32mx/4.5.2/../../../../pic32mx/lib/libpic32.a(vector5.o)
                0x9fc012b0                __vector_dispatch_5
                0x00000001                ASSERT (((_vector_spacing == 0x0) || (SIZEOF (.vector_5) <= (_vector_spacing << 0x5))), function at exception vector 5 too large)

.vector_6       0x9fc012c0       0x18
 *(.vector_6)
 .vector_6      0x9fc012c0       0x10 build/default/production/BSP/src/bsp_a.o
 .vector_6      0x9fc012d0        0x8 /opt/microchip/xc32/v1.31/bin/../lib/gcc/pic32mx/4.5.2/../../../../pic32mx/lib/libpic32.a(vector6.o)
                0x9fc012d0                __vector_dispatch_6
                0x00000001                ASSERT (((_vector_spacing == 0x0) || (SIZEOF (.vector_6) <= (_vector_spacing << 0x5))), function at exception vector 6 too large)

.vector_7       0x9fc012e0       0x18
 *(.vector_7)
 .vector_7      0x9fc012e0       0x10 build/default/production/BSP/src/bsp_a.o
 .vector_7      0x9fc012f0        0x8 /opt/microchip/xc32/v1.31/bin/../lib/gcc/pic32mx/4.5.2/../../../../pic32mx/lib/libpic32.a(vector7.o)
                0x9fc012f0                __vector_dispatch_7
                0x00000001                ASSERT (((_vector_spacing == 0x0) || (SIZEOF (.vector_7) <= (_vector_spacing << 0x5))), function at exception vector 7 too large)

.vector_8       0x9fc01300       0x18
 *(.vector_8)
 .vector_8      0x9fc01300       0x10 build/default/production/BSP/src/bsp_a.o
 .vector_8      0x9fc01310        0x8 /opt/microchip/xc32/v1.31/bin/../lib/gcc/pic32mx/4.5.2/../../../../pic32mx/lib/libpic32.a(vector8.o)
                0x9fc01310                __vector_dispatch_8
                0x00000001                ASSERT (((_vector_spacing == 0x0) || (SIZEOF (.vector_8) <= (_vector_spacing << 0x5))), function at exception vector 8 too large)

.vector_9       0x9fc01320       0x18
 *(.vector_9)
 .vector_9      0x9fc01320       0x10 build/default/production/BSP/src/bsp_a.o
 .vector_9      0x9fc01330        0x8 /opt/microchip/xc32/v1.31/bin/../lib/gcc/pic32mx/4.5.2/../../../../pic32mx/lib/libpic32.a(vector9.o)
                0x9fc01330                __vector_dispatch_9
                0x00000001                ASSERT (((_vector_spacing == 0x0) || (SIZEOF (.vector_9) <= (_vector_spacing << 0x5))), function at exception vector 9 too large)

.vector_10      0x9fc01340       0x18
 *(.vector_10)
 .vector_10     0x9fc01340       0x10 build/default/production/BSP/src/bsp_a.o
 .vector_10     0x9fc01350        0x8 /opt/microchip/xc32/v1.31/bin/../lib/gcc/pic32mx/4.5.2/../../../../pic32mx/lib/libpic32.a(vector10.o)
                0x9fc01350                __vector_dispatch_10
                0x00000001                ASSERT (((_vector_spacing == 0x0) || (SIZEOF (.vector_10) <= (_vector_spacing << 0x5))), function at exception vector 10 too large)

.vector_11      0x9fc01360       0x18
 *(.vector_11)
 .vector_11     0x9fc01360       0x10 build/default/production/BSP/src/bsp_a.o
 .vector_11     0x9fc01370        0x8 /opt/microchip/xc32/v1.31/bin/../lib/gcc/pic32mx/4.5.2/../../../../pic32mx/lib/libpic32.a(vector11.o)
                0x9fc01370                __vector_dispatch_11
                0x00000001                ASSERT (((_vector_spacing == 0x0) || (SIZEOF (.vector_11) <= (_vector_spacing << 0x5))), function at exception vector 11 too large)

.vector_12      0x9fc01380       0x18
 *(.vector_12)
 .vector_12     0x9fc01380       0x10 build/default/production/BSP/src/bsp_a.o
 .vector_12     0x9fc01390        0x8 /opt/microchip/xc32/v1.31/bin/../lib/gcc/pic32mx/4.5.2/../../../../pic32mx/lib/libpic32.a(vector12.o)
                0x9fc01390                __vector_dispatch_12
                0x00000001                ASSERT (((_vector_spacing == 0x0) || (SIZEOF (.vector_12) <= (_vector_spacing << 0x5))), function at exception vector 12 too large)

.vector_13      0x9fc013a0       0x18
 *(.vector_13)
 .vector_13     0x9fc013a0       0x10 build/default/production/BSP/src/bsp_a.o
 .vector_13     0x9fc013b0        0x8 /opt/microchip/xc32/v1.31/bin/../lib/gcc/pic32mx/4.5.2/../../../../pic32mx/lib/libpic32.a(vector13.o)
                0x9fc013b0                __vector_dispatch_13
                0x00000001                ASSERT (((_vector_spacing == 0x0) || (SIZEOF (.vector_13) <= (_vector_spacing << 0x5))), function at exception vector 13 too large)

.vector_14      0x9fc013c0       0x18
 *(.vector_14)
 .vector_14     0x9fc013c0       0x10 build/default/production/BSP/src/bsp_a.o
 .vector_14     0x9fc013d0        0x8 /opt/microchip/xc32/v1.31/bin/../lib/gcc/pic32mx/4.5.2/../../../../pic32mx/lib/libpic32.a(vector14.o)
                0x9fc013d0                __vector_dispatch_14
                0x00000001                ASSERT (((_vector_spacing == 0x0) || (SIZEOF (.vector_14) <= (_vector_spacing << 0x5))), function at exception vector 14 too large)

.vector_15      0x9fc013e0       0x18
 *(.vector_15)
 .vector_15     0x9fc013e0       0x10 build/default/production/BSP/src/bsp_a.o
 .vector_15     0x9fc013f0        0x8 /opt/microchip/xc32/v1.31/bin/../lib/gcc/pic32mx/4.5.2/../../../../pic32mx/lib/libpic32.a(vector15.o)
                0x9fc013f0                __vector_dispatch_15
                0x00000001                ASSERT (((_vector_spacing == 0x0) || (SIZEOF (.vector_15) <= (_vector_spacing << 0x5))), function at exception vector 15 too large)

.vector_16      0x9fc01400       0x18
 *(.vector_16)
 .vector_16     0x9fc01400       0x10 build/default/production/BSP/src/bsp_a.o
 .vector_16     0x9fc01410        0x8 /opt/microchip/xc32/v1.31/bin/../lib/gcc/pic32mx/4.5.2/../../../../pic32mx/lib/libpic32.a(vector16.o)
                0x9fc01410                __vector_dispatch_16
                0x00000001                ASSERT (((_vector_spacing == 0x0) || (SIZEOF (.vector_16) <= (_vector_spacing << 0x5))), function at exception vector 16 too large)

.vector_17      0x9fc01420       0x18
 *(.vector_17)
 .vector_17     0x9fc01420       0x10 build/default/production/BSP/src/bsp_a.o
 .vector_17     0x9fc01430        0x8 /opt/microchip/xc32/v1.31/bin/../lib/gcc/pic32mx/4.5.2/../../../../pic32mx/lib/libpic32.a(vector17.o)
                0x9fc01430                __vector_dispatch_17
                0x00000001                ASSERT (((_vector_spacing == 0x0) || (SIZEOF (.vector_17) <= (_vector_spacing << 0x5))), function at exception vector 17 too large)

.vector_18      0x9fc01440       0x18
 *(.vector_18)
 .vector_18     0x9fc01440       0x10 build/default/production/BSP/src/bsp_a.o
 .vector_18     0x9fc01450        0x8 /opt/microchip/xc32/v1.31/bin/../lib/gcc/pic32mx/4.5.2/../../../../pic32mx/lib/libpic32.a(vector18.o)
                0x9fc01450                __vector_dispatch_18
                0x00000001                ASSERT (((_vector_spacing == 0x0) || (SIZEOF (.vector_18) <= (_vector_spacing << 0x5))), function at exception vector 18 too large)

.vector_19      0x9fc01460       0x18
 *(.vector_19)
 .vector_19     0x9fc01460       0x10 build/default/production/BSP/src/bsp_a.o
 .vector_19     0x9fc01470        0x8 /opt/microchip/xc32/v1.31/bin/../lib/gcc/pic32mx/4.5.2/../../../../pic32mx/lib/libpic32.a(vector19.o)
                0x9fc01470                __vector_dispatch_19
                0x00000001                ASSERT (((_vector_spacing == 0x0) || (SIZEOF (.vector_19) <= (_vector_spacing << 0x5))), function at exception vector 19 too large)

.vector_20      0x9fc01480       0x18
 *(.vector_20)
 .vector_20     0x9fc01480       0x10 build/default/production/BSP/src/bsp_a.o
 .vector_20     0x9fc01490        0x8 /opt/microchip/xc32/v1.31/bin/../lib/gcc/pic32mx/4.5.2/../../../../pic32mx/lib/libpic32.a(vector20.o)
                0x9fc01490                __vector_dispatch_20
                0x00000001                ASSERT (((_vector_spacing == 0x0) || (SIZEOF (.vector_20) <= (_vector_spacing << 0x5))), function at exception vector 20 too large)

.vector_21      0x9fc014a0       0x18
 *(.vector_21)
 .vector_21     0x9fc014a0       0x10 build/default/production/BSP/src/bsp_a.o
 .vector_21     0x9fc014b0        0x8 /opt/microchip/xc32/v1.31/bin/../lib/gcc/pic32mx/4.5.2/../../../../pic32mx/lib/libpic32.a(vector21.o)
                0x9fc014b0                __vector_dispatch_21
                0x00000001                ASSERT (((_vector_spacing == 0x0) || (SIZEOF (.vector_21) <= (_vector_spacing << 0x5))), function at exception vector 21 too large)

.vector_22      0x9fc014c0       0x18
 *(.vector_22)
 .vector_22     0x9fc014c0       0x10 build/default/production/BSP/src/bsp_a.o
 .vector_22     0x9fc014d0        0x8 /opt/microchip/xc32/v1.31/bin/../lib/gcc/pic32mx/4.5.2/../../../../pic32mx/lib/libpic32.a(vector22.o)
                0x9fc014d0                __vector_dispatch_22
                0x00000001                ASSERT (((_vector_spacing == 0x0) || (SIZEOF (.vector_22) <= (_vector_spacing << 0x5))), function at exception vector 22 too large)

.vector_23      0x9fc014e0       0x18
 *(.vector_23)
 .vector_23     0x9fc014e0       0x10 build/default/production/BSP/src/bsp_a.o
 .vector_23     0x9fc014f0        0x8 /opt/microchip/xc32/v1.31/bin/../lib/gcc/pic32mx/4.5.2/../../../../pic32mx/lib/libpic32.a(vector23.o)
                0x9fc014f0                __vector_dispatch_23
                0x00000001                ASSERT (((_vector_spacing == 0x0) || (SIZEOF (.vector_23) <= (_vector_spacing << 0x5))), function at exception vector 23 too large)

.vector_24      0x9fc01500       0x18
 *(.vector_24)
 .vector_24     0x9fc01500       0x10 build/default/production/BSP/src/bsp_a.o
 .vector_24     0x9fc01510        0x8 /opt/microchip/xc32/v1.31/bin/../lib/gcc/pic32mx/4.5.2/../../../../pic32mx/lib/libpic32.a(vector24.o)
                0x9fc01510                __vector_dispatch_24
                0x00000001                ASSERT (((_vector_spacing == 0x0) || (SIZEOF (.vector_24) <= (_vector_spacing << 0x5))), function at exception vector 24 too large)

.vector_25      0x9fc01520       0x18
 *(.vector_25)
 .vector_25     0x9fc01520       0x10 build/default/production/BSP/src/bsp_a.o
 .vector_25     0x9fc01530        0x8 /opt/microchip/xc32/v1.31/bin/../lib/gcc/pic32mx/4.5.2/../../../../pic32mx/lib/libpic32.a(vector25.o)
                0x9fc01530                __vector_dispatch_25
                0x00000001                ASSERT (((_vector_spacing == 0x0) || (SIZEOF (.vector_25) <= (_vector_spacing << 0x5))), function at exception vector 25 too large)

.vector_26      0x9fc01540       0x18
 *(.vector_26)
 .vector_26     0x9fc01540       0x10 build/default/production/BSP/src/bsp_a.o
 .vector_26     0x9fc01550        0x8 /opt/microchip/xc32/v1.31/bin/../lib/gcc/pic32mx/4.5.2/../../../../pic32mx/lib/libpic32.a(vector26.o)
                0x9fc01550                __vector_dispatch_26
                0x00000001                ASSERT (((_vector_spacing == 0x0) || (SIZEOF (.vector_26) <= (_vector_spacing << 0x5))), function at exception vector 26 too large)

.vector_27      0x9fc01560       0x18
 *(.vector_27)
 .vector_27     0x9fc01560       0x10 build/default/production/BSP/src/bsp_a.o
 .vector_27     0x9fc01570        0x8 /opt/microchip/xc32/v1.31/bin/../lib/gcc/pic32mx/4.5.2/../../../../pic32mx/lib/libpic32.a(vector27.o)
                0x9fc01570                __vector_dispatch_27
                0x00000001                ASSERT (((_vector_spacing == 0x0) || (SIZEOF (.vector_27) <= (_vector_spacing << 0x5))), function at exception vector 27 too large)

.vector_28      0x9fc01580       0x18
 *(.vector_28)
 .vector_28     0x9fc01580       0x10 build/default/production/BSP/src/bsp_a.o
 .vector_28     0x9fc01590        0x8 /opt/microchip/xc32/v1.31/bin/../lib/gcc/pic32mx/4.5.2/../../../../pic32mx/lib/libpic32.a(vector28.o)
                0x9fc01590                __vector_dispatch_28
                0x00000001                ASSERT (((_vector_spacing == 0x0) || (SIZEOF (.vector_28) <= (_vector_spacing << 0x5))), function at exception vector 28 too large)

.vector_29      0x9fc015a0       0x18
 *(.vector_29)
 .vector_29     0x9fc015a0       0x10 build/default/production/BSP/src/bsp_a.o
 .vector_29     0x9fc015b0        0x8 /opt/microchip/xc32/v1.31/bin/../lib/gcc/pic32mx/4.5.2/../../../../pic32mx/lib/libpic32.a(vector29.o)
                0x9fc015b0                __vector_dispatch_29
                0x00000001                ASSERT (((_vector_spacing == 0x0) || (SIZEOF (.vector_29) <= (_vector_spacing << 0x5))), function at exception vector 29 too large)

.vector_30      0x9fc015c0       0x18
 *(.vector_30)
 .vector_30     0x9fc015c0       0x10 build/default/production/BSP/src/bsp_a.o
 .vector_30     0x9fc015d0        0x8 /opt/microchip/xc32/v1.31/bin/../lib/gcc/pic32mx/4.5.2/../../../../pic32mx/lib/libpic32.a(vector30.o)
                0x9fc015d0                __vector_dispatch_30
                0x00000001                ASSERT (((_vector_spacing == 0x0) || (SIZEOF (.vector_30) <= (_vector_spacing << 0x5))), function at exception vector 30 too large)

.vector_31      0x9fc015e0       0x18
 *(.vector_31)
 .vector_31     0x9fc015e0       0x10 build/default/production/BSP/src/bsp_a.o
 .vector_31     0x9fc015f0        0x8 /opt/microchip/xc32/v1.31/bin/../lib/gcc/pic32mx/4.5.2/../../../../pic32mx/lib/libpic32.a(vector31.o)
                0x9fc015f0                __vector_dispatch_31
                0x00000001                ASSERT (((_vector_spacing == 0x0) || (SIZEOF (.vector_31) <= (_vector_spacing << 0x5))), function at exception vector 31 too large)

.vector_32      0x9fc01600       0x18
 *(.vector_32)
 .vector_32     0x9fc01600       0x10 build/default/production/BSP/src/bsp_a.o
 .vector_32     0x9fc01610        0x8 /opt/microchip/xc32/v1.31/bin/../lib/gcc/pic32mx/4.5.2/../../../../pic32mx/lib/libpic32.a(vector32.o)
                0x9fc01610                __vector_dispatch_32
                0x00000001                ASSERT (((_vector_spacing == 0x0) || (SIZEOF (.vector_32) <= (_vector_spacing << 0x5))), function at exception vector 32 too large)

.vector_33      0x9fc01620       0x18
 *(.vector_33)
 .vector_33     0x9fc01620       0x10 build/default/production/BSP/src/bsp_a.o
 .vector_33     0x9fc01630        0x8 /opt/microchip/xc32/v1.31/bin/../lib/gcc/pic32mx/4.5.2/../../../../pic32mx/lib/libpic32.a(vector33.o)
                0x9fc01630                __vector_dispatch_33
                0x00000001                ASSERT (((_vector_spacing == 0x0) || (SIZEOF (.vector_33) <= (_vector_spacing << 0x5))), function at exception vector 33 too large)

.vector_34      0x9fc01640       0x18
 *(.vector_34)
 .vector_34     0x9fc01640       0x10 build/default/production/BSP/src/bsp_a.o
 .vector_34     0x9fc01650        0x8 /opt/microchip/xc32/v1.31/bin/../lib/gcc/pic32mx/4.5.2/../../../../pic32mx/lib/libpic32.a(vector34.o)
                0x9fc01650                __vector_dispatch_34
                0x00000001                ASSERT (((_vector_spacing == 0x0) || (SIZEOF (.vector_34) <= (_vector_spacing << 0x5))), function at exception vector 34 too large)

.vector_35      0x9fc01660       0x18
 *(.vector_35)
 .vector_35     0x9fc01660       0x10 build/default/production/BSP/src/bsp_a.o
 .vector_35     0x9fc01670        0x8 /opt/microchip/xc32/v1.31/bin/../lib/gcc/pic32mx/4.5.2/../../../../pic32mx/lib/libpic32.a(vector35.o)
                0x9fc01670                __vector_dispatch_35
                0x00000001                ASSERT (((_vector_spacing == 0x0) || (SIZEOF (.vector_35) <= (_vector_spacing << 0x5))), function at exception vector 35 too large)

.vector_36      0x9fc01680       0x18
 *(.vector_36)
 .vector_36     0x9fc01680       0x10 build/default/production/BSP/src/bsp_a.o
 .vector_36     0x9fc01690        0x8 /opt/microchip/xc32/v1.31/bin/../lib/gcc/pic32mx/4.5.2/../../../../pic32mx/lib/libpic32.a(vector36.o)
                0x9fc01690                __vector_dispatch_36
                0x00000001                ASSERT (((_vector_spacing == 0x0) || (SIZEOF (.vector_36) <= (_vector_spacing << 0x5))), function at exception vector 36 too large)

.vector_37      0x9fc016a0       0x18
 *(.vector_37)
 .vector_37     0x9fc016a0       0x10 build/default/production/BSP/src/bsp_a.o
 .vector_37     0x9fc016b0        0x8 /opt/microchip/xc32/v1.31/bin/../lib/gcc/pic32mx/4.5.2/../../../../pic32mx/lib/libpic32.a(vector37.o)
                0x9fc016b0                __vector_dispatch_37
                0x00000001                ASSERT (((_vector_spacing == 0x0) || (SIZEOF (.vector_37) <= (_vector_spacing << 0x5))), function at exception vector 37 too large)

.vector_38      0x9fc016c0       0x18
 *(.vector_38)
 .vector_38     0x9fc016c0       0x10 build/default/production/BSP/src/bsp_a.o
 .vector_38     0x9fc016d0        0x8 /opt/microchip/xc32/v1.31/bin/../lib/gcc/pic32mx/4.5.2/../../../../pic32mx/lib/libpic32.a(vector38.o)
                0x9fc016d0                __vector_dispatch_38
                0x00000001                ASSERT (((_vector_spacing == 0x0) || (SIZEOF (.vector_38) <= (_vector_spacing << 0x5))), function at exception vector 38 too large)

.vector_39      0x9fc016e0       0x18
 *(.vector_39)
 .vector_39     0x9fc016e0       0x10 build/default/production/BSP/src/bsp_a.o
 .vector_39     0x9fc016f0        0x8 /opt/microchip/xc32/v1.31/bin/../lib/gcc/pic32mx/4.5.2/../../../../pic32mx/lib/libpic32.a(vector39.o)
                0x9fc016f0                __vector_dispatch_39
                0x00000001                ASSERT (((_vector_spacing == 0x0) || (SIZEOF (.vector_39) <= (_vector_spacing << 0x5))), function at exception vector 39 too large)

.vector_40      0x9fc01700       0x18
 *(.vector_40)
 .vector_40     0x9fc01700       0x10 build/default/production/BSP/src/bsp_a.o
 .vector_40     0x9fc01710        0x8 /opt/microchip/xc32/v1.31/bin/../lib/gcc/pic32mx/4.5.2/../../../../pic32mx/lib/libpic32.a(vector40.o)
                0x9fc01710                __vector_dispatch_40
                0x00000001                ASSERT (((_vector_spacing == 0x0) || (SIZEOF (.vector_40) <= (_vector_spacing << 0x5))), function at exception vector 40 too large)

.vector_41      0x9fc01720       0x18
 *(.vector_41)
 .vector_41     0x9fc01720       0x10 build/default/production/BSP/src/bsp_a.o
 .vector_41     0x9fc01730        0x8 /opt/microchip/xc32/v1.31/bin/../lib/gcc/pic32mx/4.5.2/../../../../pic32mx/lib/libpic32.a(vector41.o)
                0x9fc01730                __vector_dispatch_41
                0x00000001                ASSERT (((_vector_spacing == 0x0) || (SIZEOF (.vector_41) <= (_vector_spacing << 0x5))), function at exception vector 41 too large)

.vector_42      0x9fc01740       0x18
 *(.vector_42)
 .vector_42     0x9fc01740       0x10 build/default/production/BSP/src/bsp_a.o
 .vector_42     0x9fc01750        0x8 /opt/microchip/xc32/v1.31/bin/../lib/gcc/pic32mx/4.5.2/../../../../pic32mx/lib/libpic32.a(vector42.o)
                0x9fc01750                __vector_dispatch_42
                0x00000001                ASSERT (((_vector_spacing == 0x0) || (SIZEOF (.vector_42) <= (_vector_spacing << 0x5))), function at exception vector 42 too large)

.vector_43      0x9fc01760       0x18
 *(.vector_43)
 .vector_43     0x9fc01760       0x10 build/default/production/BSP/src/bsp_a.o
 .vector_43     0x9fc01770        0x8 /opt/microchip/xc32/v1.31/bin/../lib/gcc/pic32mx/4.5.2/../../../../pic32mx/lib/libpic32.a(vector43.o)
                0x9fc01770                __vector_dispatch_43
                0x00000001                ASSERT (((_vector_spacing == 0x0) || (SIZEOF (.vector_43) <= (_vector_spacing << 0x5))), function at exception vector 43 too large)

.vector_44      0x9fc01780       0x18
 *(.vector_44)
 .vector_44     0x9fc01780       0x10 build/default/production/BSP/src/bsp_a.o
 .vector_44     0x9fc01790        0x8 /opt/microchip/xc32/v1.31/bin/../lib/gcc/pic32mx/4.5.2/../../../../pic32mx/lib/libpic32.a(vector44.o)
                0x9fc01790                __vector_dispatch_44
                0x00000001                ASSERT (((_vector_spacing == 0x0) || (SIZEOF (.vector_44) <= (_vector_spacing << 0x5))), function at exception vector 44 too large)

.vector_45      0x9fc017a0       0x18
 *(.vector_45)
 .vector_45     0x9fc017a0       0x10 build/default/production/BSP/src/bsp_a.o
 .vector_45     0x9fc017b0        0x8 /opt/microchip/xc32/v1.31/bin/../lib/gcc/pic32mx/4.5.2/../../../../pic32mx/lib/libpic32.a(vector45.o)
                0x9fc017b0                __vector_dispatch_45
                0x00000001                ASSERT (((_vector_spacing == 0x0) || (SIZEOF (.vector_45) <= (_vector_spacing << 0x5))), function at exception vector 45 too large)

.vector_46      0x9fc017c0       0x18
 *(.vector_46)
 .vector_46     0x9fc017c0       0x10 build/default/production/BSP/src/bsp_a.o
 .vector_46     0x9fc017d0        0x8 /opt/microchip/xc32/v1.31/bin/../lib/gcc/pic32mx/4.5.2/../../../../pic32mx/lib/libpic32.a(vector46.o)
                0x9fc017d0                __vector_dispatch_46
                0x00000001                ASSERT (((_vector_spacing == 0x0) || (SIZEOF (.vector_46) <= (_vector_spacing << 0x5))), function at exception vector 46 too large)

.vector_47      0x9fc017e0       0x18
 *(.vector_47)
 .vector_47     0x9fc017e0       0x10 build/default/production/BSP/src/bsp_a.o
 .vector_47     0x9fc017f0        0x8 /opt/microchip/xc32/v1.31/bin/../lib/gcc/pic32mx/4.5.2/../../../../pic32mx/lib/libpic32.a(vector47.o)
                0x9fc017f0                __vector_dispatch_47
                0x00000001                ASSERT (((_vector_spacing == 0x0) || (SIZEOF (.vector_47) <= (_vector_spacing << 0x5))), function at exception vector 47 too large)

.vector_48      0x9fc01800       0x18
 *(.vector_48)
 .vector_48     0x9fc01800       0x10 build/default/production/BSP/src/bsp_a.o
 .vector_48     0x9fc01810        0x8 /opt/microchip/xc32/v1.31/bin/../lib/gcc/pic32mx/4.5.2/../../../../pic32mx/lib/libpic32.a(vector48.o)
                0x9fc01810                __vector_dispatch_48
                0x00000001                ASSERT (((_vector_spacing == 0x0) || (SIZEOF (.vector_48) <= (_vector_spacing << 0x5))), function at exception vector 48 too large)

.vector_49      0x9fc01820       0x18
 *(.vector_49)
 .vector_49     0x9fc01820       0x10 build/default/production/BSP/src/bsp_a.o
 .vector_49     0x9fc01830        0x8 /opt/microchip/xc32/v1.31/bin/../lib/gcc/pic32mx/4.5.2/../../../../pic32mx/lib/libpic32.a(vector49.o)
                0x9fc01830                __vector_dispatch_49
                0x00000001                ASSERT (((_vector_spacing == 0x0) || (SIZEOF (.vector_49) <= (_vector_spacing << 0x5))), function at exception vector 49 too large)

.vector_50      0x9fc01840       0x18
 *(.vector_50)
 .vector_50     0x9fc01840       0x10 build/default/production/BSP/src/bsp_a.o
 .vector_50     0x9fc01850        0x8 /opt/microchip/xc32/v1.31/bin/../lib/gcc/pic32mx/4.5.2/../../../../pic32mx/lib/libpic32.a(vector50.o)
                0x9fc01850                __vector_dispatch_50
                0x00000001                ASSERT (((_vector_spacing == 0x0) || (SIZEOF (.vector_50) <= (_vector_spacing << 0x5))), function at exception vector 50 too large)

.vector_51      0x9fc01860       0x18
 *(.vector_51)
 .vector_51     0x9fc01860       0x10 build/default/production/BSP/src/bsp_a.o
 .vector_51     0x9fc01870        0x8 /opt/microchip/xc32/v1.31/bin/../lib/gcc/pic32mx/4.5.2/../../../../pic32mx/lib/libpic32.a(vector51.o)
                0x9fc01870                __vector_dispatch_51
                0x00000001                ASSERT (((_vector_spacing == 0x0) || (SIZEOF (.vector_51) <= (_vector_spacing << 0x5))), function at exception vector 51 too large)

.vector_52      0x9fc01880        0x8
 *(.vector_52)
 .vector_52     0x9fc01880        0x8 /opt/microchip/xc32/v1.31/bin/../lib/gcc/pic32mx/4.5.2/../../../../pic32mx/lib/libpic32.a(vector52.o)
                0x9fc01880                __vector_dispatch_52
                0x00000001                ASSERT (((_vector_spacing == 0x0) || (SIZEOF (.vector_52) <= (_vector_spacing << 0x5))), function at exception vector 52 too large)

.vector_53      0x9fc018a0        0x8
 *(.vector_53)
 .vector_53     0x9fc018a0        0x8 /opt/microchip/xc32/v1.31/bin/../lib/gcc/pic32mx/4.5.2/../../../../pic32mx/lib/libpic32.a(vector53.o)
                0x9fc018a0                __vector_dispatch_53
                0x00000001                ASSERT (((_vector_spacing == 0x0) || (SIZEOF (.vector_53) <= (_vector_spacing << 0x5))), function at exception vector 53 too large)

.vector_54      0x9fc018c0        0x8
 *(.vector_54)
 .vector_54     0x9fc018c0        0x8 /opt/microchip/xc32/v1.31/bin/../lib/gcc/pic32mx/4.5.2/../../../../pic32mx/lib/libpic32.a(vector54.o)
                0x9fc018c0                __vector_dispatch_54
                0x00000001                ASSERT (((_vector_spacing == 0x0) || (SIZEOF (.vector_54) <= (_vector_spacing << 0x5))), function at exception vector 54 too large)

.vector_55      0x9fc018e0        0x8
 *(.vector_55)
 .vector_55     0x9fc018e0        0x8 /opt/microchip/xc32/v1.31/bin/../lib/gcc/pic32mx/4.5.2/../../../../pic32mx/lib/libpic32.a(vector55.o)
                0x9fc018e0                __vector_dispatch_55
                0x00000001                ASSERT (((_vector_spacing == 0x0) || (SIZEOF (.vector_55) <= (_vector_spacing << 0x5))), function at exception vector 55 too large)

.vector_56      0x9fc01900        0x8
 *(.vector_56)
 .vector_56     0x9fc01900        0x8 /opt/microchip/xc32/v1.31/bin/../lib/gcc/pic32mx/4.5.2/../../../../pic32mx/lib/libpic32.a(vector56.o)
                0x9fc01900                __vector_dispatch_56
                0x00000001                ASSERT (((_vector_spacing == 0x0) || (SIZEOF (.vector_56) <= (_vector_spacing << 0x5))), function at exception vector 56 too large)

.vector_57      0x9fc01920        0x8
 *(.vector_57)
 .vector_57     0x9fc01920        0x8 /opt/microchip/xc32/v1.31/bin/../lib/gcc/pic32mx/4.5.2/../../../../pic32mx/lib/libpic32.a(vector57.o)
                0x9fc01920                __vector_dispatch_57
                0x00000001                ASSERT (((_vector_spacing == 0x0) || (SIZEOF (.vector_57) <= (_vector_spacing << 0x5))), function at exception vector 57 too large)

.vector_58      0x9fc01940        0x8
 *(.vector_58)
 .vector_58     0x9fc01940        0x8 /opt/microchip/xc32/v1.31/bin/../lib/gcc/pic32mx/4.5.2/../../../../pic32mx/lib/libpic32.a(vector58.o)
                0x9fc01940                __vector_dispatch_58
                0x00000001                ASSERT (((_vector_spacing == 0x0) || (SIZEOF (.vector_58) <= (_vector_spacing << 0x5))), function at exception vector 58 too large)

.vector_59      0x9fc01960        0x8
 *(.vector_59)
 .vector_59     0x9fc01960        0x8 /opt/microchip/xc32/v1.31/bin/../lib/gcc/pic32mx/4.5.2/../../../../pic32mx/lib/libpic32.a(vector59.o)
                0x9fc01960                __vector_dispatch_59
                0x00000001                ASSERT (((_vector_spacing == 0x0) || (SIZEOF (.vector_59) <= (_vector_spacing << 0x5))), function at exception vector 59 too large)

.vector_60      0x9fc01980        0x8
 *(.vector_60)
 .vector_60     0x9fc01980        0x8 /opt/microchip/xc32/v1.31/bin/../lib/gcc/pic32mx/4.5.2/../../../../pic32mx/lib/libpic32.a(vector60.o)
                0x9fc01980                __vector_dispatch_60
                0x00000001                ASSERT (((_vector_spacing == 0x0) || (SIZEOF (.vector_60) <= (_vector_spacing << 0x5))), function at exception vector 60 too large)

.vector_61      0x9fc019a0        0x8
 *(.vector_61)
 .vector_61     0x9fc019a0        0x8 /opt/microchip/xc32/v1.31/bin/../lib/gcc/pic32mx/4.5.2/../../../../pic32mx/lib/libpic32.a(vector61.o)
                0x9fc019a0                __vector_dispatch_61
                0x00000001                ASSERT (((_vector_spacing == 0x0) || (SIZEOF (.vector_61) <= (_vector_spacing << 0x5))), function at exception vector 61 too large)

.vector_62      0x9fc019c0        0x8
 *(.vector_62)
 .vector_62     0x9fc019c0        0x8 /opt/microchip/xc32/v1.31/bin/../lib/gcc/pic32mx/4.5.2/../../../../pic32mx/lib/libpic32.a(vector62.o)
                0x9fc019c0                __vector_dispatch_62
                0x00000001                ASSERT (((_vector_spacing == 0x0) || (SIZEOF (.vector_62) <= (_vector_spacing << 0x5))), function at exception vector 62 too large)

.vector_63      0x9fc019e0        0x8
 *(.vector_63)
 .vector_63     0x9fc019e0        0x8 /opt/microchip/xc32/v1.31/bin/../lib/gcc/pic32mx/4.5.2/../../../../pic32mx/lib/libpic32.a(vector63.o)
                0x9fc019e0                __vector_dispatch_63
                0x00000001                ASSERT (((_vector_spacing == 0x0) || (SIZEOF (.vector_63) <= (_vector_spacing << 0x5))), function at exception vector 63 too large)

.startup
 *(.startup)

.text           0x9d000000      0x5f8
 *(.stub .gnu.linkonce.t.*)
 .gnu.linkonce.t._ZN17AppAccelGyroClassC1Ev
                0x9d000000       0x24 build/default/production/app/src/app_accel_gyro.o
                0x9d000000                _ZN17AppAccelGyroClassC1Ev
 *(.text.*personality*)
 .text.__gxx_personality_sj0
                0x9d000024      0x5d4 /opt/microchip/xc32/v1.31/bin/../lib/gcc/pic32mx/4.5.2/../../../../pic32mx/lib/libsupc++.a(eh_personality.o)
                0x9d000024                __gxx_personality_sj0
 *(.mips16.fn.*)
 *(.mips16.call.*)
 *(.gnu.warning)
                0x9d0005f8                . = ALIGN (0x4)

.init           0x9d0005f8        0x0
 *crti.o(.init)
 *crtbegin.o(.init)
 *(EXCLUDE_FILE(*crtn.o *crtend?.o *crtend.o) .init)
 *crtend.o(.init)
 *crtn.o(.init)
                0x9d0005f8                . = ALIGN (0x4)

.fini           0x9d0005f8        0x0
 *(.fini)
                0x9d0005f8                . = ALIGN (0x4)

.preinit_array  0x9d0005f8        0x0
                0x9d0005f8                PROVIDE (__preinit_array_start, .)
 *(.preinit_array)
                0x9d0005f8                PROVIDE (__preinit_array_end, .)
                0x9d0005f8                . = ALIGN (0x4)

.init_array     0x9d0005f8        0x0
                0x9d0005f8                PROVIDE (__init_array_start, .)
 *(SORT(.init_array.*))
 *(.init_array)
                0x9d0005f8                PROVIDE (__init_array_end, .)
                0x9d0005f8                . = ALIGN (0x4)

.fini_array     0x9d0005f8        0x0
                0x9d0005f8                PROVIDE (__fini_array_start, .)
 *(SORT(.fini_array.*))
 *(.fini_array)
                0x9d0005f8                PROVIDE (__fini_array_end, .)
                0x9d0005f8                . = ALIGN (0x4)

.ctors          0x9d0005f8        0xc
 *crtbegin.o(.ctors)
 *crtbegin?.o(.ctors)
 *(EXCLUDE_FILE(*crtend?.o *crtend.o) .ctors)
 .ctors         0x9d0005f8        0x4 build/default/production/app/src/app_accel_gyro.o
 .ctors         0x9d0005fc        0x4 build/default/production/drivers/src/driver_i2c.o
 .ctors         0x9d000600        0x4 /opt/microchip/xc32/v1.31/bin/../lib/gcc/pic32mx/4.5.2/../../../../pic32mx/lib/libsupc++.a(eh_alloc.o)
 *(SORT(.ctors.*))
 *(.ctors)
                0x9d000604                . = ALIGN (0x4)

.dtors          0x9d000604        0x0
 *crtbegin.o(.dtors)
 *crtbegin?.o(.dtors)
 *(EXCLUDE_FILE(*crtend?.o *crtend.o) .dtors)
 *(SORT(.dtors.*))
 *(.dtors)
                0x9d000604                . = ALIGN (0x4)

.rodata         0x9d000604      0x1d0
 *(.gnu.linkonce.r.*)
 .gnu.linkonce.r._ZTVN10__cxxabiv119__foreign_exceptionE._ZTVN10__cxxabiv119__foreign_exceptionE
                0x9d000604       0x14 /opt/microchip/xc32/v1.31/bin/../lib/gcc/pic32mx/4.5.2/../../../../pic32mx/lib/libsupc++.a(eh_exception.o)
                0x9d000604                _ZTVN10__cxxabiv119__foreign_exceptionE
 .gnu.linkonce.r._ZTVN10__cxxabiv115__forced_unwindE._ZTVN10__cxxabiv115__forced_unwindE
                0x9d000618       0x14 /opt/microchip/xc32/v1.31/bin/../lib/gcc/pic32mx/4.5.2/../../../../pic32mx/lib/libsupc++.a(eh_exception.o)
                0x9d000618                _ZTVN10__cxxabiv115__forced_unwindE
 .gnu.linkonce.r._ZTVSt13bad_exception._ZTVSt13bad_exception
                0x9d00062c       0x14 /opt/microchip/xc32/v1.31/bin/../lib/gcc/pic32mx/4.5.2/../../../../pic32mx/lib/libsupc++.a(eh_exception.o)
                0x9d00062c                _ZTVSt13bad_exception
 .gnu.linkonce.r._ZTVSt9exception._ZTVSt9exception
                0x9d000640       0x14 /opt/microchip/xc32/v1.31/bin/../lib/gcc/pic32mx/4.5.2/../../../../pic32mx/lib/libsupc++.a(eh_exception.o)
                0x9d000640                _ZTVSt9exception
 .gnu.linkonce.r._ZTSN10__cxxabiv119__foreign_exceptionE._ZTSN10__cxxabiv119__foreign_exceptionE
                0x9d000654       0x24 /opt/microchip/xc32/v1.31/bin/../lib/gcc/pic32mx/4.5.2/../../../../pic32mx/lib/libsupc++.a(eh_exception.o)
                0x9d000654                _ZTSN10__cxxabiv119__foreign_exceptionE
 .gnu.linkonce.r._ZTIN10__cxxabiv119__foreign_exceptionE._ZTIN10__cxxabiv119__foreign_exceptionE
                0x9d000678        0x8 /opt/microchip/xc32/v1.31/bin/../lib/gcc/pic32mx/4.5.2/../../../../pic32mx/lib/libsupc++.a(eh_exception.o)
                0x9d000678                _ZTIN10__cxxabiv119__foreign_exceptionE
 .gnu.linkonce.r._ZTSN10__cxxabiv115__forced_unwindE._ZTSN10__cxxabiv115__forced_unwindE
                0x9d000680       0x20 /opt/microchip/xc32/v1.31/bin/../lib/gcc/pic32mx/4.5.2/../../../../pic32mx/lib/libsupc++.a(eh_exception.o)
                0x9d000680                _ZTSN10__cxxabiv115__forced_unwindE
 .gnu.linkonce.r._ZTIN10__cxxabiv115__forced_unwindE._ZTIN10__cxxabiv115__forced_unwindE
                0x9d0006a0        0x8 /opt/microchip/xc32/v1.31/bin/../lib/gcc/pic32mx/4.5.2/../../../../pic32mx/lib/libsupc++.a(eh_exception.o)
                0x9d0006a0                _ZTIN10__cxxabiv115__forced_unwindE
 .gnu.linkonce.r._ZTSSt13bad_exception._ZTSSt13bad_exception
                0x9d0006a8       0x14 /opt/microchip/xc32/v1.31/bin/../lib/gcc/pic32mx/4.5.2/../../../../pic32mx/lib/libsupc++.a(eh_exception.o)
                0x9d0006a8                _ZTSSt13bad_exception
 .gnu.linkonce.r._ZTISt13bad_exception._ZTISt13bad_exception
                0x9d0006bc        0xc /opt/microchip/xc32/v1.31/bin/../lib/gcc/pic32mx/4.5.2/../../../../pic32mx/lib/libsupc++.a(eh_exception.o)
                0x9d0006bc                _ZTISt13bad_exception
 .gnu.linkonce.r._ZTSSt9exception._ZTSSt9exception
                0x9d0006c8       0x10 /opt/microchip/xc32/v1.31/bin/../lib/gcc/pic32mx/4.5.2/../../../../pic32mx/lib/libsupc++.a(eh_exception.o)
                0x9d0006c8                _ZTSSt9exception
 .gnu.linkonce.r._ZTISt9exception._ZTISt9exception
                0x9d0006d8        0x8 /opt/microchip/xc32/v1.31/bin/../lib/gcc/pic32mx/4.5.2/../../../../pic32mx/lib/libsupc++.a(eh_exception.o)
                0x9d0006d8                _ZTISt9exception
 .gnu.linkonce.r._ZTVN10__cxxabiv120__si_class_type_infoE._ZTVN10__cxxabiv120__si_class_type_infoE
                0x9d0006e0       0x2c /opt/microchip/xc32/v1.31/bin/../lib/gcc/pic32mx/4.5.2/../../../../pic32mx/lib/libsupc++.a(si_class_type_info.o)
                0x9d0006e0                _ZTVN10__cxxabiv120__si_class_type_infoE
 .gnu.linkonce.r._ZTSN10__cxxabiv120__si_class_type_infoE._ZTSN10__cxxabiv120__si_class_type_infoE
                0x9d00070c       0x28 /opt/microchip/xc32/v1.31/bin/../lib/gcc/pic32mx/4.5.2/../../../../pic32mx/lib/libsupc++.a(si_class_type_info.o)
                0x9d00070c                _ZTSN10__cxxabiv120__si_class_type_infoE
 .gnu.linkonce.r._ZTIN10__cxxabiv120__si_class_type_infoE._ZTIN10__cxxabiv120__si_class_type_infoE
                0x9d000734        0xc /opt/microchip/xc32/v1.31/bin/../lib/gcc/pic32mx/4.5.2/../../../../pic32mx/lib/libsupc++.a(si_class_type_info.o)
                0x9d000734                _ZTIN10__cxxabiv120__si_class_type_infoE
 .gnu.linkonce.r._ZTVSt9type_info._ZTVSt9type_info
                0x9d000740       0x20 /opt/microchip/xc32/v1.31/bin/../lib/gcc/pic32mx/4.5.2/../../../../pic32mx/lib/libsupc++.a(tinfo.o)
                0x9d000740                _ZTVSt9type_info
 .gnu.linkonce.r._ZTSSt9type_info._ZTSSt9type_info
                0x9d000760       0x10 /opt/microchip/xc32/v1.31/bin/../lib/gcc/pic32mx/4.5.2/../../../../pic32mx/lib/libsupc++.a(tinfo.o)
                0x9d000760                _ZTSSt9type_info
 .gnu.linkonce.r._ZTISt9type_info._ZTISt9type_info
                0x9d000770        0x8 /opt/microchip/xc32/v1.31/bin/../lib/gcc/pic32mx/4.5.2/../../../../pic32mx/lib/libsupc++.a(tinfo.o)
                0x9d000770                _ZTISt9type_info
 .gnu.linkonce.r._ZTVN10__cxxabiv117__class_type_infoE._ZTVN10__cxxabiv117__class_type_infoE
                0x9d000778       0x2c /opt/microchip/xc32/v1.31/bin/../lib/gcc/pic32mx/4.5.2/../../../../pic32mx/lib/libsupc++.a(class_type_info.o)
                0x9d000778                _ZTVN10__cxxabiv117__class_type_infoE
 .gnu.linkonce.r._ZTSN10__cxxabiv117__class_type_infoE._ZTSN10__cxxabiv117__class_type_infoE
                0x9d0007a4       0x24 /opt/microchip/xc32/v1.31/bin/../lib/gcc/pic32mx/4.5.2/../../../../pic32mx/lib/libsupc++.a(class_type_info.o)
                0x9d0007a4                _ZTSN10__cxxabiv117__class_type_infoE
 .gnu.linkonce.r._ZTIN10__cxxabiv117__class_type_infoE._ZTIN10__cxxabiv117__class_type_infoE
                0x9d0007c8        0xc /opt/microchip/xc32/v1.31/bin/../lib/gcc/pic32mx/4.5.2/../../../../pic32mx/lib/libsupc++.a(class_type_info.o)
                0x9d0007c8                _ZTIN10__cxxabiv117__class_type_infoE
 *(.rodata1)
                0x9d0007d4                . = ALIGN (0x4)

.sdata2         0x9d0007d4        0x0
 *(.sdata2 .sdata2.* .gnu.linkonce.s2.*)
                0x9d0007d4                . = ALIGN (0x4)

.sbss2          0x9d0007d4        0x0
 *(.sbss2 .sbss2.* .gnu.linkonce.sb2.*)
                0x9d0007d4                . = ALIGN (0x4)

.eh_frame_hdr
 *(.eh_frame_hdr)
                0x9d0007d4                . = ALIGN (0x4)

.eh_frame
 *(.eh_frame)
                0x9d0007d4                . = ALIGN (0x4)

.gcc_except_table
 *(.gcc_except_table .gcc_except_table.*)
                0x9d0007d4                . = ALIGN (0x4)

.dbg_data       0xa0000000        0x0
                0xa0000000                . = (. + DEFINED (_DEBUGGER)?0x200:0x0)

.jcr            0xa0000000        0x0
 *(.jcr)
                0xa0000000                . = ALIGN (0x4)

.eh_frame       0xa0000000       0x30
 *(.eh_frame)
 .eh_frame      0xa0000000       0x20 /opt/microchip/xc32/v1.31/bin/../lib/gcc/pic32mx/4.5.2/libgcc.a(_udivdi3.o)
 .eh_frame      0xa0000020       0x10 /opt/microchip/xc32/v1.31/bin/../lib/gcc/pic32mx/4.5.2/libgcc.a(_umoddi3.o)
                0xa0000030                . = ALIGN (0x4)

.gcc_except_table
                0xa0000030       0x3c
 *(.gcc_except_table .gcc_except_table.*)
 .gcc_except_table
                0xa0000030        0xc build/default/production/drivers/src/driver_i2c.o
 .gcc_except_table
                0xa000003c       0x20 /opt/microchip/xc32/v1.31/bin/../lib/gcc/pic32mx/4.5.2/../../../../pic32mx/lib/libsupc++.a(eh_personality.o)
 .gcc_except_table
                0xa000005c       0x10 /opt/microchip/xc32/v1.31/bin/../lib/gcc/pic32mx/4.5.2/../../../../pic32mx/lib/libsupc++.a(eh_terminate.o)
                0xa000006c                . = ALIGN (0x4)

.persist        0xa000006c        0x0
                0xa000006c                _persist_begin = .
 *(.persist .persist.*)
 *(.pbss .pbss.*)
                0xa000006c                . = ALIGN (0x4)
                0xa000006c                _persist_end = .

.data           0xa000006c        0x0
 *(.gnu.linkonce.d.*)
 *(.data1)
                0xa000006c                . = ALIGN (0x4)
                0xa000006c                . = .
                0xa0008060                _gp = (ALIGN (0x10) + 0x7ff0)

.got            0xa000006c        0x0
 *(.got.plt)
 *(.got)
                0xa000006c                . = ALIGN (0x4)

.sdata          0xa000006c       0x40
                0xa000006c                _sdata_begin = .
 *(.sdata .sdata.* .gnu.linkonce.s.*)
 .sdata._ZN10__cxxabiv120__unexpected_handlerE.__unexpected_handler
                0xa000006c        0x4 /opt/microchip/xc32/v1.31/bin/../lib/gcc/pic32mx/4.5.2/../../../../pic32mx/lib/libsupc++.a(eh_unex_handler.o)
                0xa000006c                _ZN10__cxxabiv120__unexpected_handlerE
 .sdata._ZN10__cxxabiv119__terminate_handlerE.__terminate_handler
                0xa0000070        0x4 /opt/microchip/xc32/v1.31/bin/../lib/gcc/pic32mx/4.5.2/../../../../pic32mx/lib/libsupc++.a(eh_term_handler.o)
                0xa0000070                _ZN10__cxxabiv119__terminate_handlerE
 .sdata         0xa0000074        0x8 /opt/microchip/xc32/v1.31/bin/../lib/gcc/pic32mx/4.5.2/../../../../pic32mx/lib/libxcpp.a(exit.o)
                0xa0000074                _Atfuns
                0xa0000078                _Atcount
 .sdata         0xa000007c        0x4 /opt/microchip/xc32/v1.31/bin/../lib/gcc/pic32mx/4.5.2/../../../../pic32mx/lib/libxcpp.a(malloc.o)
                0xa000007c                _Size_block
 .sdata         0xa0000080        0x1 /opt/microchip/xc32/v1.31/bin/../lib/gcc/pic32mx/4.5.2/../../../../pic32mx/lib/libxcpp.a(xstate.o)
                0xa0000080                _Mbcurmax
 *fill*         0xa0000081        0x3 
 .sdata         0xa0000084        0x4 /opt/microchip/xc32/v1.31/bin/../lib/gcc/pic32mx/4.5.2/../../../../pic32mx/lib/libxcpp.a(xctype.o)
                0xa0000084                _Ctype
 .sdata         0xa0000088        0xc /opt/microchip/xc32/v1.31/bin/../lib/gcc/pic32mx/4.5.2/../../../../pic32mx/lib/libxcpp.a(xfiles.o)
                0xa0000088                stdin
                0xa000008c                stdout
                0xa0000090                stderr
 *fill*         0xa0000094        0x4 
 .sdata         0xa0000098        0x8 /opt/microchip/xc32/v1.31/bin/../lib/gcc/pic32mx/4.5.2/../../../../pic32mx/lib/libxcpp.a(xlvalues.o)
                0xa0000098                _LXbig
 .sdata         0xa00000a0        0x4 /opt/microchip/xc32/v1.31/bin/../lib/gcc/pic32mx/4.5.2/../../../../pic32mx/lib/libxcpp.a(feraiseexcept.o)
                0xa00000a0                _Fenv
 .sdata         0xa00000a4        0x4 /opt/microchip/xc32/v1.31/bin/../lib/gcc/pic32mx/4.5.2/../../../../pic32mx/lib/libxcpp.a(xvalues.o)
                0xa00000a4                _Xbig
 .sdata         0xa00000a8        0x4 /opt/microchip/xc32/v1.31/bin/../lib/gcc/pic32mx/4.5.2/../../../../pic32mx/lib/libpic32.a(xc32_uart.o)
                0xa00000a8                __XC_UART
                0xa00000ac                . = ALIGN (0x4)
                0xa00000ac                _sdata_end = .

.lit8
 *(.lit8)

.lit4
 *(.lit4)
                0xa00000ac                . = ALIGN (0x4)
                0xa00000ac                _data_end = .
                0xa00000ac                _bss_begin = .

.sbss           0xa00000ac      0x10c
                0xa00000ac                _sbss_begin = .
 *(.dynsbss)
 *(.sbss .sbss.* .gnu.linkonce.sb.*)
 .sbss          0xa00000ac        0x4 build/default/production/app/src/app_accel_gyro.o
                0xa00000ac                AclGyro
 .sbss._ZL15dependents_used.dependents_used
                0xa00000b0        0x4 /opt/microchip/xc32/v1.31/bin/../lib/gcc/pic32mx/4.5.2/../../../../pic32mx/lib/libsupc++.a(eh_alloc.o)
 .sbss._ZL14emergency_used.emergency_used
                0xa00000b4        0x4 /opt/microchip/xc32/v1.31/bin/../lib/gcc/pic32mx/4.5.2/../../../../pic32mx/lib/libsupc++.a(eh_alloc.o)
 .sbss._ZL10eh_globals.eh_globals
                0xa00000b8        0x8 /opt/microchip/xc32/v1.31/bin/../lib/gcc/pic32mx/4.5.2/../../../../pic32mx/lib/libsupc++.a(eh_globals.o)
 .sbss          0xa00000c0        0x4 /opt/microchip/xc32/v1.31/bin/../lib/gcc/pic32mx/4.5.2/../../../../pic32mx/lib/libxcpp.a(exit.o)
                0xa00000c0                _Atcount0
 .sbss          0xa00000c4        0x8 /opt/microchip/xc32/v1.31/bin/../lib/gcc/pic32mx/4.5.2/../../../../pic32mx/lib/libxcpp.a(malloc.o)
                0xa00000c4                _Aldata
 .sbss          0xa00000cc        0x8 /opt/microchip/xc32/v1.31/bin/../lib/gcc/pic32mx/4.5.2/../../../../pic32mx/lib/libxcpp.a(xstate.o)
                0xa00000cc                _Tls_setup__Mbcurmax
                0xa00000d0                _Tls_setup__Mbstate
 .sbss          0xa00000d4        0x8 /opt/microchip/xc32/v1.31/bin/../lib/gcc/pic32mx/4.5.2/../../../../pic32mx/lib/libxcpp.a(errno.o)
                0xa00000d4                _Errno
                0xa00000d8                _Tls_setup__Errno
 .sbss          0xa00000dc        0x4 /opt/microchip/xc32/v1.31/bin/../lib/gcc/pic32mx/4.5.2/../../../../pic32mx/lib/libxcpp.a(xctype.o)
                0xa00000dc                _Tls_setup__Ctype
 .sbss          0xa00000e0        0x8 /opt/microchip/xc32/v1.31/bin/../lib/gcc/pic32mx/4.5.2/../../../../pic32mx/lib/libxcpp.a(xlvalues.o)
                0xa00000e0                _LZero
 .sbss          0xa00000e8        0x4 /opt/microchip/xc32/v1.31/bin/../lib/gcc/pic32mx/4.5.2/../../../../pic32mx/lib/libxcpp.a(xwcstate.o)
                0xa00000e8                _Tls_setup__Wcstate
 .sbss          0xa00000ec        0x4 /opt/microchip/xc32/v1.31/bin/../lib/gcc/pic32mx/4.5.2/../../../../pic32mx/lib/libxcpp.a(feraiseexcept.o)
                0xa00000ec                _Tls_setup__Fenv
 .sbss          0xa00000f0        0x4 /opt/microchip/xc32/v1.31/bin/../lib/gcc/pic32mx/4.5.2/../../../../pic32mx/lib/libxcpp.a(localeco.o)
                0xa00000f0                _Tls_setup__Locale
 .sbss          0xa00000f4        0x4 /opt/microchip/xc32/v1.31/bin/../lib/gcc/pic32mx/4.5.2/../../../../pic32mx/lib/libxcpp.a(xvalues.o)
                0xa00000f4                _Zero
 .sbss          0xa00000f8        0x8 /opt/microchip/xc32/v1.31/bin/../lib/gcc/pic32mx/4.5.2/../../../../pic32mx/lib/libpic32.a(sbrk.o)
                0xa00000f8                _minbrk
                0xa00000fc                _maxbrk
 .sbss          0xa0000100        0x4 /opt/microchip/xc32/v1.31/bin/../lib/gcc/pic32mx/4.5.2/../../../../pic32mx/lib/libpic32.a(errno.o)
                0xa0000100                errno
 *(.scommon)
 .scommon       0xa0000104        0x4 build/default/production/BSP/src/bsp_utils.o
                0xa0000104                id_
 .scommon       0xa0000108        0x4 build/default/production/uC-LIB/src/lib_math.o
                0xa0000108                Math_RandSeedCur
 .scommon       0xa000010c        0x4 build/default/production/uC-LIB/src/lib_mem.o
                0xa000010c                Mem_PoolTbl
 .scommon       0xa0000110        0x4 build/default/production/uCOS-III/src/os_prio.o
                0xa0000110                OSPrioTbl
 .scommon       0xa0000114       0xa3 build/default/production/uCOS-III/src/os_var.o
                0xa0000114                OS_AppTaskDelHookPtr
                0xa0000118                OSTmrUpdateCnt
                0xa000011c                OS_AppTimeTickHookPtr
                0xa0000120                OSTickCtr
                0xa0000124                OSTmrTaskTimeMax
                0xa0000128                OSStatTaskRdy
                0xa000012c                OSStatTaskTimeMax
                0xa0000130                OSFlagQty
                0xa0000134                OS_AppIdleTaskHookPtr
                0xa0000138                OSSemDbgListPtr
                0xa000013c                OSPrioHighRdy
                0xa0000140                OSMutexDbgListPtr
                0xa0000144                OSPrioSaved
                0xa0000145                OSIntNestingCtr
                0xa0000146                OSRunning
                0xa0000148                OS_AppTaskReturnHookPtr
                0xa000014c                OSTaskDbgListPtr
                0xa0000150                OS_AppStatTaskHookPtr
                0xa0000154                OSTmrQty
                0xa0000158                OSMsgPool
                0xa0000160                OSTaskQty
                0xa0000164                OSStatTaskCtr
                0xa0000168                OSMutexQty
                0xa000016a                OSMemQty
                0xa000016c                OSIdleTaskCtr
                0xa0000170                OSStatTaskCtrRun
                0xa0000174                OSMemDbgListPtr
                0xa0000178                OSTCBCurPtr
                0xa000017c                OSSemQty
                0xa0000180                OSTickTaskTimeMax
                0xa0000184                OSFlagDbgListPtr
                0xa0000188                OS_AppTaskCreateHookPtr
                0xa000018c                OSQDbgListPtr
                0xa0000190                OSTmrUpdateCtr
                0xa0000194                OSSchedLockNestingCtr
                0xa0000198                OSTCBHighRdyPtr
                0xa000019c                OSTmrDbgListPtr
                0xa00001a0                OSPrioCur
                0xa00001a1                OSStatTaskCPUUsage
                0xa00001a4                OSTmrTickCtr
                0xa00001a8                OSStatTaskCtrMax
                0xa00001ac                OS_AppTaskSwHookPtr
                0xa00001b0                OSTaskCtxSwCtr
                0xa00001b4                OSQQty
                0xa00001b6                OSStatResetFlag
                0xa00001b7                _sbss_end = .
                0xa00001b8                . = ALIGN (0x4)
 *fill*         0xa00001b7        0x1 

.bss            0xa00001b8     0x934c
 *(.dynbss)
 *(COMMON)
 COMMON         0xa00001b8       0x28 build/default/production/drivers/src/driver_uart.o
                0xa00001b8                UART_ctrl
 COMMON         0xa00001e0       0x10 build/default/production/uC-CPU/src/cpu_core.o
                0xa00001e0                CPU_Name
 COMMON         0xa00001f0     0x6044 build/default/production/uC-LIB/src/lib_mem.o
                0xa00001f0                Mem_PoolHeap
                0xa0000234                Mem_Heap
 COMMON         0xa0006234     0x2f50 build/default/production/uCOS-III/src/os_cfg_app.o
                0xa0006234                OSCfg_MsgPool
                0xa0006874                OSCfg_TmrTaskStk
                0xa0007074                OSCfg_ISRStk
                0xa0007874                OSCfg_TmrWheel
                0xa00078fc                OSCfg_TickWheel
                0xa0007984                OSCfg_TickTaskStk
                0xa0008184                OSCfg_IdleTaskStk
                0xa0008984                OSCfg_StatTaskStk
 COMMON         0xa0009184      0x380 build/default/production/uCOS-III/src/os_var.o
                0xa0009184                OSRdyList
                0xa00091e4                OSTickTaskTCB
                0xa00092ac                OSTmrTaskTCB
                0xa0009374                OSIdleTaskTCB
                0xa000943c                OSStatTaskTCB
                0xa0009504                . = ALIGN ((. != 0x0)?0x4:0x1)
                0xa0009504                . = ALIGN (0x4)
                0xa0009504                _end = .
                0xa0009504                _bss_end = .
                0x00020000                _bmxdudba_address = 0x20000
                0x00020000                _bmxdupba_address = 0x20000

/DISCARD/
 *(.pdr)
 *(.rel.dyn)
 *(.note.GNU-stack)
 *(.note.GNU-stack)
 *(.gnu_debuglink)
 *(.gnu.lto_*)
 *(.discard)

.gptab.sdata
 *(.gptab.data)
 *(.gptab.sdata)

.gptab.sbss
 *(.gptab.bss)
 *(.gptab.sbss)

.mdebug.abi32   0xa0009504        0x0
 *(.mdebug.abi32)
 .mdebug.abi32  0xa0009504        0x0 build/default/production/app/src/os_app_hooks.o
 .mdebug.abi32  0xa0009504        0x0 build/default/production/app/src/button_reader.o
 .mdebug.abi32  0xa0009504        0x0 build/default/production/app/src/app.o
 .mdebug.abi32  0xa0009504        0x0 build/default/production/app/src/app_accel_gyro.o
 .mdebug.abi32  0xa0009504        0x0 build/default/production/BSP/src/bsp.o
 .mdebug.abi32  0xa0009504        0x0 build/default/production/BSP/src/bsp_utils.o
 .mdebug.abi32  0xa0009504        0x0 build/default/production/BSP/src/bsp_accel_gyro.o
 .mdebug.abi32  0xa0009504        0x0 build/default/production/CPU/src/PIC32INTlib.o
 .mdebug.abi32  0xa0009504        0x0 build/default/production/drivers/src/driver_i2c.o
 .mdebug.abi32  0xa0009504        0x0 build/default/production/drivers/src/driver_uart.o
 .mdebug.abi32  0xa0009504        0x0 build/default/production/uC-CPU/src/cpu_c.o
 .mdebug.abi32  0xa0009504        0x0 build/default/production/uC-CPU/src/cpu_core.o
 .mdebug.abi32  0xa0009504        0x0 build/default/production/uC-LIB/src/lib_ascii.o
 .mdebug.abi32  0xa0009504        0x0 build/default/production/uC-LIB/src/lib_math.o
 .mdebug.abi32  0xa0009504        0x0 build/default/production/uC-LIB/src/lib_mem.o
 .mdebug.abi32  0xa0009504        0x0 build/default/production/uC-LIB/src/lib_str.o
 .mdebug.abi32  0xa0009504        0x0 build/default/production/uCOS-III/src/os_cfg_app.o
 .mdebug.abi32  0xa0009504        0x0 build/default/production/uCOS-III/src/os_core.o
 .mdebug.abi32  0xa0009504        0x0 build/default/production/uCOS-III/src/os_cpu_c.o
 .mdebug.abi32  0xa0009504        0x0 build/default/production/uCOS-III/src/os_dbg.o
 .mdebug.abi32  0xa0009504        0x0 build/default/production/uCOS-III/src/os_flag.o
 .mdebug.abi32  0xa0009504        0x0 build/default/production/uCOS-III/src/os_int.o
 .mdebug.abi32  0xa0009504        0x0 build/default/production/uCOS-III/src/os_mem.o
 .mdebug.abi32  0xa0009504        0x0 build/default/production/uCOS-III/src/os_msg.o
 .mdebug.abi32  0xa0009504        0x0 build/default/production/uCOS-III/src/os_mutex.o
 .mdebug.abi32  0xa0009504        0x0 build/default/production/uCOS-III/src/os_pend_multi.o
 .mdebug.abi32  0xa0009504        0x0 build/default/production/uCOS-III/src/os_prio.o
 .mdebug.abi32  0xa0009504        0x0 build/default/production/uCOS-III/src/os_q.o
 .mdebug.abi32  0xa0009504        0x0 build/default/production/uCOS-III/src/os_sem.o
 .mdebug.abi32  0xa0009504        0x0 build/default/production/uCOS-III/src/os_stat.o
 .mdebug.abi32  0xa0009504        0x0 build/default/production/uCOS-III/src/os_task.o
 .mdebug.abi32  0xa0009504        0x0 build/default/production/uCOS-III/src/os_tick.o
 .mdebug.abi32  0xa0009504        0x0 build/default/production/uCOS-III/src/os_time.o
 .mdebug.abi32  0xa0009504        0x0 build/default/production/uCOS-III/src/os_tmr.o
 .mdebug.abi32  0xa0009504        0x0 build/default/production/uCOS-III/src/os_var.o
 .mdebug.abi32  0xa0009504        0x0 /opt/microchip/xc32/v1.31/bin/../lib/gcc/pic32mx/4.5.2/../../../../pic32mx/lib/libsupc++.a(eh_personality.o)
 .mdebug.abi32  0xa0009504        0x0 /opt/microchip/xc32/v1.31/bin/../lib/gcc/pic32mx/4.5.2/../../../../pic32mx/lib/libsupc++.a(eh_terminate.o)
 .mdebug.abi32  0xa0009504        0x0 /opt/microchip/xc32/v1.31/bin/../lib/gcc/pic32mx/4.5.2/../../../../pic32mx/lib/libsupc++.a(eh_throw.o)
 .mdebug.abi32  0xa0009504        0x0 /opt/microchip/xc32/v1.31/bin/../lib/gcc/pic32mx/4.5.2/../../../../pic32mx/lib/libsupc++.a(eh_unex_handler.o)
 .mdebug.abi32  0xa0009504        0x0 /opt/microchip/xc32/v1.31/bin/../lib/gcc/pic32mx/4.5.2/../../../../pic32mx/lib/libsupc++.a(eh_alloc.o)
 .mdebug.abi32  0xa0009504        0x0 /opt/microchip/xc32/v1.31/bin/../lib/gcc/pic32mx/4.5.2/../../../../pic32mx/lib/libsupc++.a(eh_call.o)
 .mdebug.abi32  0xa0009504        0x0 /opt/microchip/xc32/v1.31/bin/../lib/gcc/pic32mx/4.5.2/../../../../pic32mx/lib/libsupc++.a(eh_catch.o)
 .mdebug.abi32  0xa0009504        0x0 /opt/microchip/xc32/v1.31/bin/../lib/gcc/pic32mx/4.5.2/../../../../pic32mx/lib/libsupc++.a(eh_exception.o)
 .mdebug.abi32  0xa0009504        0x0 /opt/microchip/xc32/v1.31/bin/../lib/gcc/pic32mx/4.5.2/../../../../pic32mx/lib/libsupc++.a(eh_globals.o)
 .mdebug.abi32  0xa0009504        0x0 /opt/microchip/xc32/v1.31/bin/../lib/gcc/pic32mx/4.5.2/../../../../pic32mx/lib/libsupc++.a(eh_term_handler.o)
 .mdebug.abi32  0xa0009504        0x0 /opt/microchip/xc32/v1.31/bin/../lib/gcc/pic32mx/4.5.2/../../../../pic32mx/lib/libsupc++.a(si_class_type_info.o)
 .mdebug.abi32  0xa0009504        0x0 /opt/microchip/xc32/v1.31/bin/../lib/gcc/pic32mx/4.5.2/../../../../pic32mx/lib/libsupc++.a(tinfo.o)
 .mdebug.abi32  0xa0009504        0x0 /opt/microchip/xc32/v1.31/bin/../lib/gcc/pic32mx/4.5.2/../../../../pic32mx/lib/libsupc++.a(pure.o)
 .mdebug.abi32  0xa0009504        0x0 /opt/microchip/xc32/v1.31/bin/../lib/gcc/pic32mx/4.5.2/../../../../pic32mx/lib/libsupc++.a(class_type_info.o)
 .mdebug.abi32  0xa0009504        0x0 /opt/microchip/xc32/v1.31/bin/../lib/gcc/pic32mx/4.5.2/../../../../pic32mx/lib/libsupc++.a(del_op.o)
 .mdebug.abi32  0xa0009504        0x0 /opt/microchip/xc32/v1.31/bin/../lib/gcc/pic32mx/4.5.2/../../../../pic32mx/lib/libmchp_peripheral_32MX795F512L.a(pcache.o)
 .mdebug.abi32  0xa0009504        0x0 /opt/microchip/xc32/v1.31/bin/../lib/gcc/pic32mx/4.5.2/libgcc.a(unwind-sjlj.o)
 .mdebug.abi32  0xa0009504        0x0 /opt/microchip/xc32/v1.31/bin/../lib/gcc/pic32mx/4.5.2/../../../../pic32mx/lib/libpic32.a(default-bootstrap-exception-handler.o)
 .mdebug.abi32  0xa0009504        0x0 /opt/microchip/xc32/v1.31/bin/../lib/gcc/pic32mx/4.5.2/../../../../pic32mx/lib/libpic32.a(default-on-reset.o)
 .mdebug.abi32  0xa0009504        0x0 /opt/microchip/xc32/v1.31/bin/../lib/gcc/pic32mx/4.5.2/../../../../pic32mx/lib/libpic32.a(default-on-bootstrap.o)
 .mdebug.abi32  0xa0009504        0x0 /opt/microchip/xc32/v1.31/bin/../lib/gcc/pic32mx/4.5.2/../../../../pic32mx/lib/libpic32.a(defaultinterrupt.o)
 .mdebug.abi32  0xa0009504        0x0 /opt/microchip/xc32/v1.31/bin/../lib/gcc/pic32mx/4.5.2/../../../../pic32mx/lib/libxcpp.a(abort.o)
 .mdebug.abi32  0xa0009504        0x0 /opt/microchip/xc32/v1.31/bin/../lib/gcc/pic32mx/4.5.2/../../../../pic32mx/lib/libxcpp.a(exit.o)
 .mdebug.abi32  0xa0009504        0x0 /opt/microchip/xc32/v1.31/bin/../lib/gcc/pic32mx/4.5.2/../../../../pic32mx/lib/libxcpp.a(free.o)
 .mdebug.abi32  0xa0009504        0x0 /opt/microchip/xc32/v1.31/bin/../lib/gcc/pic32mx/4.5.2/../../../../pic32mx/lib/libxcpp.a(malloc.o)
 .mdebug.abi32  0xa0009504        0x0 /opt/microchip/xc32/v1.31/bin/../lib/gcc/pic32mx/4.5.2/../../../../pic32mx/lib/libxcpp.a(memcpy.o)
 .mdebug.abi32  0xa0009504        0x0 /opt/microchip/xc32/v1.31/bin/../lib/gcc/pic32mx/4.5.2/../../../../pic32mx/lib/libxcpp.a(raise.o)
 .mdebug.abi32  0xa0009504        0x0 /opt/microchip/xc32/v1.31/bin/../lib/gcc/pic32mx/4.5.2/../../../../pic32mx/lib/libxcpp.a(vsprintf.o)
 .mdebug.abi32  0xa0009504        0x0 /opt/microchip/xc32/v1.31/bin/../lib/gcc/pic32mx/4.5.2/../../../../pic32mx/lib/libxcpp.a(xexit.o)
 .mdebug.abi32  0xa0009504        0x0 /opt/microchip/xc32/v1.31/bin/../lib/gcc/pic32mx/4.5.2/../../../../pic32mx/lib/libxcpp.a(xgetmem.o)
 .mdebug.abi32  0xa0009504        0x0 /opt/microchip/xc32/v1.31/bin/../lib/gcc/pic32mx/4.5.2/../../../../pic32mx/lib/libxcpp.a(xprintf.o)
 .mdebug.abi32  0xa0009504        0x0 /opt/microchip/xc32/v1.31/bin/../lib/gcc/pic32mx/4.5.2/../../../../pic32mx/lib/libxcpp.a(xputfld.o)
 .mdebug.abi32  0xa0009504        0x0 /opt/microchip/xc32/v1.31/bin/../lib/gcc/pic32mx/4.5.2/../../../../pic32mx/lib/libxcpp.a(xputstr.o)
 .mdebug.abi32  0xa0009504        0x0 /opt/microchip/xc32/v1.31/bin/../lib/gcc/pic32mx/4.5.2/../../../../pic32mx/lib/libxcpp.a(xputtxt.o)
 .mdebug.abi32  0xa0009504        0x0 /opt/microchip/xc32/v1.31/bin/../lib/gcc/pic32mx/4.5.2/../../../../pic32mx/lib/libxcpp.a(xstate.o)
 .mdebug.abi32  0xa0009504        0x0 /opt/microchip/xc32/v1.31/bin/../lib/gcc/pic32mx/4.5.2/../../../../pic32mx/lib/libxcpp.a(xvacopy.o)
 .mdebug.abi32  0xa0009504        0x0 /opt/microchip/xc32/v1.31/bin/../lib/gcc/pic32mx/4.5.2/../../../../pic32mx/lib/libxcpp.a(xwctomb.o)
 .mdebug.abi32  0xa0009504        0x0 /opt/microchip/xc32/v1.31/bin/../lib/gcc/pic32mx/4.5.2/../../../../pic32mx/lib/libxcpp.a(xfail_s.o)
 .mdebug.abi32  0xa0009504        0x0 /opt/microchip/xc32/v1.31/bin/../lib/gcc/pic32mx/4.5.2/../../../../pic32mx/lib/libxcpp.a(errno.o)
 .mdebug.abi32  0xa0009504        0x0 /opt/microchip/xc32/v1.31/bin/../lib/gcc/pic32mx/4.5.2/../../../../pic32mx/lib/libxcpp.a(fputc.o)
 .mdebug.abi32  0xa0009504        0x0 /opt/microchip/xc32/v1.31/bin/../lib/gcc/pic32mx/4.5.2/../../../../pic32mx/lib/libxcpp.a(fputs.o)
 .mdebug.abi32  0xa0009504        0x0 /opt/microchip/xc32/v1.31/bin/../lib/gcc/pic32mx/4.5.2/../../../../pic32mx/lib/libxcpp.a(memchr.o)
 .mdebug.abi32  0xa0009504        0x0 /opt/microchip/xc32/v1.31/bin/../lib/gcc/pic32mx/4.5.2/../../../../pic32mx/lib/libxcpp.a(strchr.o)
 .mdebug.abi32  0xa0009504        0x0 /opt/microchip/xc32/v1.31/bin/../lib/gcc/pic32mx/4.5.2/../../../../pic32mx/lib/libxcpp.a(strrchr.o)
 .mdebug.abi32  0xa0009504        0x0 /opt/microchip/xc32/v1.31/bin/../lib/gcc/pic32mx/4.5.2/../../../../pic32mx/lib/libxcpp.a(xctype.o)
 .mdebug.abi32  0xa0009504        0x0 /opt/microchip/xc32/v1.31/bin/../lib/gcc/pic32mx/4.5.2/../../../../pic32mx/lib/libxcpp.a(xfiles.o)
 .mdebug.abi32  0xa0009504        0x0 /opt/microchip/xc32/v1.31/bin/../lib/gcc/pic32mx/4.5.2/../../../../pic32mx/lib/libxcpp.a(xfwprep.o)
 .mdebug.abi32  0xa0009504        0x0 /opt/microchip/xc32/v1.31/bin/../lib/gcc/pic32mx/4.5.2/../../../../pic32mx/lib/libxcpp.a(xldtob.o)
 .mdebug.abi32  0xa0009504        0x0 /opt/microchip/xc32/v1.31/bin/../lib/gcc/pic32mx/4.5.2/../../../../pic32mx/lib/libxcpp.a(xldunsca.o)
 .mdebug.abi32  0xa0009504        0x0 /opt/microchip/xc32/v1.31/bin/../lib/gcc/pic32mx/4.5.2/../../../../pic32mx/lib/libxcpp.a(xlitob.o)
 .mdebug.abi32  0xa0009504        0x0 /opt/microchip/xc32/v1.31/bin/../lib/gcc/pic32mx/4.5.2/../../../../pic32mx/lib/libxcpp.a(xlprec.o)
 .mdebug.abi32  0xa0009504        0x0 /opt/microchip/xc32/v1.31/bin/../lib/gcc/pic32mx/4.5.2/../../../../pic32mx/lib/libxcpp.a(xlvalues.o)
 .mdebug.abi32  0xa0009504        0x0 /opt/microchip/xc32/v1.31/bin/../lib/gcc/pic32mx/4.5.2/../../../../pic32mx/lib/libxcpp.a(xmbtowc.o)
 .mdebug.abi32  0xa0009504        0x0 /opt/microchip/xc32/v1.31/bin/../lib/gcc/pic32mx/4.5.2/../../../../pic32mx/lib/libxcpp.a(xwcstate.o)
 .mdebug.abi32  0xa0009504        0x0 /opt/microchip/xc32/v1.31/bin/../lib/gcc/pic32mx/4.5.2/../../../../pic32mx/lib/libxcpp.a(strnlen_s.o)
 .mdebug.abi32  0xa0009504        0x0 /opt/microchip/xc32/v1.31/bin/../lib/gcc/pic32mx/4.5.2/../../../../pic32mx/lib/libxcpp.a(fclose.o)
 .mdebug.abi32  0xa0009504        0x0 /opt/microchip/xc32/v1.31/bin/../lib/gcc/pic32mx/4.5.2/../../../../pic32mx/lib/libxcpp.a(fflush.o)
 .mdebug.abi32  0xa0009504        0x0 /opt/microchip/xc32/v1.31/bin/../lib/gcc/pic32mx/4.5.2/../../../../pic32mx/lib/libxcpp.a(ldexpl.o)
 .mdebug.abi32  0xa0009504        0x0 /opt/microchip/xc32/v1.31/bin/../lib/gcc/pic32mx/4.5.2/../../../../pic32mx/lib/libxcpp.a(ldiv.o)
 .mdebug.abi32  0xa0009504        0x0 /opt/microchip/xc32/v1.31/bin/../lib/gcc/pic32mx/4.5.2/../../../../pic32mx/lib/libxcpp.a(remove.o)
 .mdebug.abi32  0xa0009504        0x0 /opt/microchip/xc32/v1.31/bin/../lib/gcc/pic32mx/4.5.2/../../../../pic32mx/lib/libxcpp.a(sqrtl.o)
 .mdebug.abi32  0xa0009504        0x0 /opt/microchip/xc32/v1.31/bin/../lib/gcc/pic32mx/4.5.2/../../../../pic32mx/lib/libxcpp.a(xatexit.o)
 .mdebug.abi32  0xa0009504        0x0 /opt/microchip/xc32/v1.31/bin/../lib/gcc/pic32mx/4.5.2/../../../../pic32mx/lib/libxcpp.a(xdunscal.o)
 .mdebug.abi32  0xa0009504        0x0 /opt/microchip/xc32/v1.31/bin/../lib/gcc/pic32mx/4.5.2/../../../../pic32mx/lib/libxcpp.a(xferaise.o)
 .mdebug.abi32  0xa0009504        0x0 /opt/microchip/xc32/v1.31/bin/../lib/gcc/pic32mx/4.5.2/../../../../pic32mx/lib/libxcpp.a(xfofind.o)
 .mdebug.abi32  0xa0009504        0x0 /opt/microchip/xc32/v1.31/bin/../lib/gcc/pic32mx/4.5.2/../../../../pic32mx/lib/libxcpp.a(xgenld.o)
 .mdebug.abi32  0xa0009504        0x0 /opt/microchip/xc32/v1.31/bin/../lib/gcc/pic32mx/4.5.2/../../../../pic32mx/lib/libxcpp.a(xldint.o)
 .mdebug.abi32  0xa0009504        0x0 /opt/microchip/xc32/v1.31/bin/../lib/gcc/pic32mx/4.5.2/../../../../pic32mx/lib/libxcpp.a(xldscale.o)
 .mdebug.abi32  0xa0009504        0x0 /opt/microchip/xc32/v1.31/bin/../lib/gcc/pic32mx/4.5.2/../../../../pic32mx/lib/libxcpp.a(xldtest.o)
 .mdebug.abi32  0xa0009504        0x0 /opt/microchip/xc32/v1.31/bin/../lib/gcc/pic32mx/4.5.2/../../../../pic32mx/lib/libxcpp.a(feraiseexcept.o)
 .mdebug.abi32  0xa0009504        0x0 /opt/microchip/xc32/v1.31/bin/../lib/gcc/pic32mx/4.5.2/../../../../pic32mx/lib/libxcpp.a(div.o)
 .mdebug.abi32  0xa0009504        0x0 /opt/microchip/xc32/v1.31/bin/../lib/gcc/pic32mx/4.5.2/../../../../pic32mx/lib/libxcpp.a(localeco.o)
 .mdebug.abi32  0xa0009504        0x0 /opt/microchip/xc32/v1.31/bin/../lib/gcc/pic32mx/4.5.2/../../../../pic32mx/lib/libxcpp.a(xdint.o)
 .mdebug.abi32  0xa0009504        0x0 /opt/microchip/xc32/v1.31/bin/../lib/gcc/pic32mx/4.5.2/../../../../pic32mx/lib/libxcpp.a(xdnorm.o)
 .mdebug.abi32  0xa0009504        0x0 /opt/microchip/xc32/v1.31/bin/../lib/gcc/pic32mx/4.5.2/../../../../pic32mx/lib/libxcpp.a(xdscale.o)
 .mdebug.abi32  0xa0009504        0x0 /opt/microchip/xc32/v1.31/bin/../lib/gcc/pic32mx/4.5.2/../../../../pic32mx/lib/libxcpp.a(xdtest.o)
 .mdebug.abi32  0xa0009504        0x0 /opt/microchip/xc32/v1.31/bin/../lib/gcc/pic32mx/4.5.2/../../../../pic32mx/lib/libxcpp.a(xvalues.o)
 .mdebug.abi32  0xa0009504        0x0 /opt/microchip/xc32/v1.31/bin/../lib/gcc/pic32mx/4.5.2/../../../../pic32mx/lib/libpic32.a(sbrk.o)
 .mdebug.abi32  0xa0009504        0x0 /opt/microchip/xc32/v1.31/bin/../lib/gcc/pic32mx/4.5.2/../../../../pic32mx/lib/libpic32.a(_exit.o)
 .mdebug.abi32  0xa0009504        0x0 /opt/microchip/xc32/v1.31/bin/../lib/gcc/pic32mx/4.5.2/../../../../pic32mx/lib/libpic32.a(isatty.o)
 .mdebug.abi32  0xa0009504        0x0 /opt/microchip/xc32/v1.31/bin/../lib/gcc/pic32mx/4.5.2/../../../../pic32mx/lib/libpic32.a(write.o)
 .mdebug.abi32  0xa0009504        0x0 /opt/microchip/xc32/v1.31/bin/../lib/gcc/pic32mx/4.5.2/../../../../pic32mx/lib/libpic32.a(close.o)
 .mdebug.abi32  0xa0009504        0x0 /opt/microchip/xc32/v1.31/bin/../lib/gcc/pic32mx/4.5.2/../../../../pic32mx/lib/libpic32.a(unlink.o)
 .mdebug.abi32  0xa0009504        0x0 /opt/microchip/xc32/v1.31/bin/../lib/gcc/pic32mx/4.5.2/../../../../pic32mx/lib/libpic32.a(kill.o)
 .mdebug.abi32  0xa0009504        0x0 /opt/microchip/xc32/v1.31/bin/../lib/gcc/pic32mx/4.5.2/../../../../pic32mx/lib/libpic32.a(getpid.o)
 .mdebug.abi32  0xa0009504        0x0 /opt/microchip/xc32/v1.31/bin/../lib/gcc/pic32mx/4.5.2/../../../../pic32mx/lib/libpic32.a(errno.o)
 .mdebug.abi32  0xa0009504        0x0 /opt/microchip/xc32/v1.31/bin/../lib/gcc/pic32mx/4.5.2/../../../../pic32mx/lib/libpic32.a(rmdir.o)
 .mdebug.abi32  0xa0009504        0x0 /opt/microchip/xc32/v1.31/bin/../lib/gcc/pic32mx/4.5.2/../../../../pic32mx/lib/libpic32.a(_mon_putc.o)
 .mdebug.abi32  0xa0009504        0x0 /opt/microchip/xc32/v1.31/bin/../lib/gcc/pic32mx/4.5.2/../../../../pic32mx/lib/libpic32.a(xc32_uart.o)
 .mdebug.abi32  0xa0009504        0x0 /opt/microchip/xc32/v1.31/bin/../lib/gcc/pic32mx/4.5.2/libgcc.a(_udivdi3.o)
 .mdebug.abi32  0xa0009504        0x0 /opt/microchip/xc32/v1.31/bin/../lib/gcc/pic32mx/4.5.2/libgcc.a(_umoddi3.o)

.mdebug.abiN32
 *(.mdebug.abiN32)

.mdebug.abi64
 *(.mdebug.abi64)

.mdebug.abiO64
 *(.mdebug.abiO64)

.mdebug.eabi32
 *(.mdebug.eabi32)

.mdebug.eabi64
 *(.mdebug.eabi64)

.gcc_compiled_long32
 *(.gcc_compiled_long32)

.gcc_compiled_long64
 *(.gcc_compiled_long64)

.stab
 *(.stab)

.stabstr
 *(.stabstr)

.stab.excl
 *(.stab.excl)

.stab.exclstr
 *(.stab.exclstr)

.stab.index
 *(.stab.index)

.stab.indexstr
 *(.stab.indexstr)

.comment        0x00000000      0x1d3
 *(.comment)
 .comment       0x00000000       0x3c build/default/production/app/src/os_app_hooks.o
                                 0x3d (size before relaxing)
 .comment       0x00000000       0x3d build/default/production/app/src/button_reader.o
 .comment       0x00000000       0x3d build/default/production/app/src/app.o
 .comment       0x00000000       0x3d build/default/production/app/src/app_accel_gyro.o
 .comment       0x00000000       0x3d build/default/production/BSP/src/bsp.o
 .comment       0x00000000       0x3d build/default/production/BSP/src/bsp_utils.o
 .comment       0x00000000       0x3d build/default/production/BSP/src/bsp_accel_gyro.o
 .comment       0x00000000       0x3d build/default/production/CPU/src/PIC32INTlib.o
 .comment       0x00000000       0x3d build/default/production/drivers/src/driver_i2c.o
 .comment       0x00000000       0x3d build/default/production/drivers/src/driver_uart.o
 .comment       0x00000000       0x3d build/default/production/uC-CPU/src/cpu_c.o
 .comment       0x00000000       0x3d build/default/production/uC-CPU/src/cpu_core.o
 .comment       0x00000000       0x3d build/default/production/uC-LIB/src/lib_ascii.o
 .comment       0x00000000       0x3d build/default/production/uC-LIB/src/lib_math.o
 .comment       0x00000000       0x3d build/default/production/uC-LIB/src/lib_mem.o
 .comment       0x00000000       0x3d build/default/production/uC-LIB/src/lib_str.o
 .comment       0x00000000       0x3d build/default/production/uCOS-III/src/os_cfg_app.o
 .comment       0x00000000       0x3d build/default/production/uCOS-III/src/os_core.o
 .comment       0x00000000       0x3d build/default/production/uCOS-III/src/os_cpu_c.o
 .comment       0x00000000       0x3d build/default/production/uCOS-III/src/os_dbg.o
 .comment       0x00000000       0x3d build/default/production/uCOS-III/src/os_flag.o
 .comment       0x00000000       0x3d build/default/production/uCOS-III/src/os_int.o
 .comment       0x00000000       0x3d build/default/production/uCOS-III/src/os_mem.o
 .comment       0x00000000       0x3d build/default/production/uCOS-III/src/os_msg.o
 .comment       0x00000000       0x3d build/default/production/uCOS-III/src/os_mutex.o
 .comment       0x00000000       0x3d build/default/production/uCOS-III/src/os_pend_multi.o
 .comment       0x00000000       0x3d build/default/production/uCOS-III/src/os_prio.o
 .comment       0x00000000       0x3d build/default/production/uCOS-III/src/os_q.o
 .comment       0x00000000       0x3d build/default/production/uCOS-III/src/os_sem.o
 .comment       0x00000000       0x3d build/default/production/uCOS-III/src/os_stat.o
 .comment       0x00000000       0x3d build/default/production/uCOS-III/src/os_task.o
 .comment       0x00000000       0x3d build/default/production/uCOS-III/src/os_tick.o
 .comment       0x00000000       0x3d build/default/production/uCOS-III/src/os_time.o
 .comment       0x00000000       0x3d build/default/production/uCOS-III/src/os_tmr.o
 .comment       0x00000000       0x3d build/default/production/uCOS-III/src/os_var.o
 .comment       0x0000003c       0x3c /opt/microchip/xc32/v1.31/bin/../lib/gcc/pic32mx/4.5.2/../../../../pic32mx/lib/libsupc++.a(eh_personality.o)
                                 0x3d (size before relaxing)
 .comment       0x00000000       0x3d /opt/microchip/xc32/v1.31/bin/../lib/gcc/pic32mx/4.5.2/../../../../pic32mx/lib/libsupc++.a(eh_terminate.o)
 .comment       0x00000000       0x3d /opt/microchip/xc32/v1.31/bin/../lib/gcc/pic32mx/4.5.2/../../../../pic32mx/lib/libsupc++.a(eh_throw.o)
 .comment       0x00000000       0x3d /opt/microchip/xc32/v1.31/bin/../lib/gcc/pic32mx/4.5.2/../../../../pic32mx/lib/libsupc++.a(eh_unex_handler.o)
 .comment       0x00000000       0x3d /opt/microchip/xc32/v1.31/bin/../lib/gcc/pic32mx/4.5.2/../../../../pic32mx/lib/libsupc++.a(eh_alloc.o)
 .comment       0x00000000       0x3d /opt/microchip/xc32/v1.31/bin/../lib/gcc/pic32mx/4.5.2/../../../../pic32mx/lib/libsupc++.a(eh_call.o)
 .comment       0x00000000       0x3d /opt/microchip/xc32/v1.31/bin/../lib/gcc/pic32mx/4.5.2/../../../../pic32mx/lib/libsupc++.a(eh_catch.o)
 .comment       0x00000000       0x3d /opt/microchip/xc32/v1.31/bin/../lib/gcc/pic32mx/4.5.2/../../../../pic32mx/lib/libsupc++.a(eh_exception.o)
 .comment       0x00000000       0x3d /opt/microchip/xc32/v1.31/bin/../lib/gcc/pic32mx/4.5.2/../../../../pic32mx/lib/libsupc++.a(eh_globals.o)
 .comment       0x00000000       0x3d /opt/microchip/xc32/v1.31/bin/../lib/gcc/pic32mx/4.5.2/../../../../pic32mx/lib/libsupc++.a(eh_term_handler.o)
 .comment       0x00000000       0x3d /opt/microchip/xc32/v1.31/bin/../lib/gcc/pic32mx/4.5.2/../../../../pic32mx/lib/libsupc++.a(si_class_type_info.o)
 .comment       0x00000000       0x3d /opt/microchip/xc32/v1.31/bin/../lib/gcc/pic32mx/4.5.2/../../../../pic32mx/lib/libsupc++.a(tinfo.o)
 .comment       0x00000000       0x3d /opt/microchip/xc32/v1.31/bin/../lib/gcc/pic32mx/4.5.2/../../../../pic32mx/lib/libsupc++.a(pure.o)
 .comment       0x00000000       0x3d /opt/microchip/xc32/v1.31/bin/../lib/gcc/pic32mx/4.5.2/../../../../pic32mx/lib/libsupc++.a(class_type_info.o)
 .comment       0x00000000       0x3d /opt/microchip/xc32/v1.31/bin/../lib/gcc/pic32mx/4.5.2/../../../../pic32mx/lib/libsupc++.a(del_op.o)
 .comment       0x00000078       0x3c /opt/microchip/xc32/v1.31/bin/../lib/gcc/pic32mx/4.5.2/../../../../pic32mx/lib/libmchp_peripheral_32MX795F512L.a(pcache.o)
                                 0x3d (size before relaxing)
 .comment       0x00000000       0x3d /opt/microchip/xc32/v1.31/bin/../lib/gcc/pic32mx/4.5.2/libgcc.a(unwind-sjlj.o)
 .comment       0x000000b4       0x18 /opt/microchip/xc32/v1.31/bin/../lib/gcc/pic32mx/4.5.2/../../../../pic32mx/lib/libpic32.a(memset.o)
                                 0x19 (size before relaxing)
 .comment       0x000000cc       0x55 /opt/microchip/xc32/v1.31/bin/../lib/gcc/pic32mx/4.5.2/../../../../pic32mx/lib/libpic32.a(strcmp.o)
                                 0x56 (size before relaxing)
 .comment       0x00000121       0x19 /opt/microchip/xc32/v1.31/bin/../lib/gcc/pic32mx/4.5.2/../../../../pic32mx/lib/libpic32.a(strlen.o)
                                 0x1a (size before relaxing)
 .comment       0x00000000       0x3d /opt/microchip/xc32/v1.31/bin/../lib/gcc/pic32mx/4.5.2/../../../../pic32mx/lib/libpic32.a(default-bootstrap-exception-handler.o)
 .comment       0x00000000       0x3d /opt/microchip/xc32/v1.31/bin/../lib/gcc/pic32mx/4.5.2/../../../../pic32mx/lib/libpic32.a(default-on-reset.o)
 .comment       0x00000000       0x3d /opt/microchip/xc32/v1.31/bin/../lib/gcc/pic32mx/4.5.2/../../../../pic32mx/lib/libpic32.a(default-on-bootstrap.o)
 .comment       0x00000000       0x3d /opt/microchip/xc32/v1.31/bin/../lib/gcc/pic32mx/4.5.2/../../../../pic32mx/lib/libpic32.a(defaultinterrupt.o)
 .comment       0x00000000       0x3d /opt/microchip/xc32/v1.31/bin/../lib/gcc/pic32mx/4.5.2/../../../../pic32mx/lib/libxcpp.a(abort.o)
 .comment       0x00000000       0x3d /opt/microchip/xc32/v1.31/bin/../lib/gcc/pic32mx/4.5.2/../../../../pic32mx/lib/libxcpp.a(exit.o)
 .comment       0x00000000       0x3d /opt/microchip/xc32/v1.31/bin/../lib/gcc/pic32mx/4.5.2/../../../../pic32mx/lib/libxcpp.a(free.o)
 .comment       0x00000000       0x3d /opt/microchip/xc32/v1.31/bin/../lib/gcc/pic32mx/4.5.2/../../../../pic32mx/lib/libxcpp.a(malloc.o)
 .comment       0x00000000       0x3d /opt/microchip/xc32/v1.31/bin/../lib/gcc/pic32mx/4.5.2/../../../../pic32mx/lib/libxcpp.a(memcpy.o)
 .comment       0x00000000       0x3d /opt/microchip/xc32/v1.31/bin/../lib/gcc/pic32mx/4.5.2/../../../../pic32mx/lib/libxcpp.a(raise.o)
 .comment       0x00000000       0x3d /opt/microchip/xc32/v1.31/bin/../lib/gcc/pic32mx/4.5.2/../../../../pic32mx/lib/libxcpp.a(vsprintf.o)
 .comment       0x00000000       0x3d /opt/microchip/xc32/v1.31/bin/../lib/gcc/pic32mx/4.5.2/../../../../pic32mx/lib/libxcpp.a(xexit.o)
 .comment       0x00000000       0x3d /opt/microchip/xc32/v1.31/bin/../lib/gcc/pic32mx/4.5.2/../../../../pic32mx/lib/libxcpp.a(xgetmem.o)
 .comment       0x00000000       0x3d /opt/microchip/xc32/v1.31/bin/../lib/gcc/pic32mx/4.5.2/../../../../pic32mx/lib/libxcpp.a(xprintf.o)
 .comment       0x00000000       0x3d /opt/microchip/xc32/v1.31/bin/../lib/gcc/pic32mx/4.5.2/../../../../pic32mx/lib/libxcpp.a(xputfld.o)
 .comment       0x00000000       0x3d /opt/microchip/xc32/v1.31/bin/../lib/gcc/pic32mx/4.5.2/../../../../pic32mx/lib/libxcpp.a(xputstr.o)
 .comment       0x00000000       0x3d /opt/microchip/xc32/v1.31/bin/../lib/gcc/pic32mx/4.5.2/../../../../pic32mx/lib/libxcpp.a(xputtxt.o)
 .comment       0x00000000       0x3d /opt/microchip/xc32/v1.31/bin/../lib/gcc/pic32mx/4.5.2/../../../../pic32mx/lib/libxcpp.a(xstate.o)
 .comment       0x00000000       0x3d /opt/microchip/xc32/v1.31/bin/../lib/gcc/pic32mx/4.5.2/../../../../pic32mx/lib/libxcpp.a(xvacopy.o)
 .comment       0x00000000       0x3d /opt/microchip/xc32/v1.31/bin/../lib/gcc/pic32mx/4.5.2/../../../../pic32mx/lib/libxcpp.a(xwctomb.o)
 .comment       0x00000000       0x3d /opt/microchip/xc32/v1.31/bin/../lib/gcc/pic32mx/4.5.2/../../../../pic32mx/lib/libxcpp.a(xfail_s.o)
 .comment       0x00000000       0x3d /opt/microchip/xc32/v1.31/bin/../lib/gcc/pic32mx/4.5.2/../../../../pic32mx/lib/libxcpp.a(errno.o)
 .comment       0x00000000       0x3d /opt/microchip/xc32/v1.31/bin/../lib/gcc/pic32mx/4.5.2/../../../../pic32mx/lib/libxcpp.a(fputc.o)
 .comment       0x00000000       0x3d /opt/microchip/xc32/v1.31/bin/../lib/gcc/pic32mx/4.5.2/../../../../pic32mx/lib/libxcpp.a(fputs.o)
 .comment       0x00000000       0x3d /opt/microchip/xc32/v1.31/bin/../lib/gcc/pic32mx/4.5.2/../../../../pic32mx/lib/libxcpp.a(memchr.o)
 .comment       0x00000000       0x3d /opt/microchip/xc32/v1.31/bin/../lib/gcc/pic32mx/4.5.2/../../../../pic32mx/lib/libxcpp.a(strchr.o)
 .comment       0x00000000       0x3d /opt/microchip/xc32/v1.31/bin/../lib/gcc/pic32mx/4.5.2/../../../../pic32mx/lib/libxcpp.a(strrchr.o)
 .comment       0x00000000       0x3d /opt/microchip/xc32/v1.31/bin/../lib/gcc/pic32mx/4.5.2/../../../../pic32mx/lib/libxcpp.a(xctype.o)
 .comment       0x00000000       0x3d /opt/microchip/xc32/v1.31/bin/../lib/gcc/pic32mx/4.5.2/../../../../pic32mx/lib/libxcpp.a(xfiles.o)
 .comment       0x00000000       0x3d /opt/microchip/xc32/v1.31/bin/../lib/gcc/pic32mx/4.5.2/../../../../pic32mx/lib/libxcpp.a(xfwprep.o)
 .comment       0x00000000       0x3d /opt/microchip/xc32/v1.31/bin/../lib/gcc/pic32mx/4.5.2/../../../../pic32mx/lib/libxcpp.a(xldtob.o)
 .comment       0x00000000       0x3d /opt/microchip/xc32/v1.31/bin/../lib/gcc/pic32mx/4.5.2/../../../../pic32mx/lib/libxcpp.a(xldunsca.o)
 .comment       0x00000000       0x3d /opt/microchip/xc32/v1.31/bin/../lib/gcc/pic32mx/4.5.2/../../../../pic32mx/lib/libxcpp.a(xlitob.o)
 .comment       0x00000000       0x3d /opt/microchip/xc32/v1.31/bin/../lib/gcc/pic32mx/4.5.2/../../../../pic32mx/lib/libxcpp.a(xlprec.o)
 .comment       0x00000000       0x3d /opt/microchip/xc32/v1.31/bin/../lib/gcc/pic32mx/4.5.2/../../../../pic32mx/lib/libxcpp.a(xlvalues.o)
 .comment       0x00000000       0x3d /opt/microchip/xc32/v1.31/bin/../lib/gcc/pic32mx/4.5.2/../../../../pic32mx/lib/libxcpp.a(xmbtowc.o)
 .comment       0x00000000       0x3d /opt/microchip/xc32/v1.31/bin/../lib/gcc/pic32mx/4.5.2/../../../../pic32mx/lib/libxcpp.a(xwcstate.o)
 .comment       0x00000000       0x3d /opt/microchip/xc32/v1.31/bin/../lib/gcc/pic32mx/4.5.2/../../../../pic32mx/lib/libxcpp.a(strnlen_s.o)
 .comment       0x00000000       0x3d /opt/microchip/xc32/v1.31/bin/../lib/gcc/pic32mx/4.5.2/../../../../pic32mx/lib/libxcpp.a(fclose.o)
 .comment       0x00000000       0x3d /opt/microchip/xc32/v1.31/bin/../lib/gcc/pic32mx/4.5.2/../../../../pic32mx/lib/libxcpp.a(fflush.o)
 .comment       0x00000000       0x3d /opt/microchip/xc32/v1.31/bin/../lib/gcc/pic32mx/4.5.2/../../../../pic32mx/lib/libxcpp.a(ldexpl.o)
 .comment       0x00000000       0x3d /opt/microchip/xc32/v1.31/bin/../lib/gcc/pic32mx/4.5.2/../../../../pic32mx/lib/libxcpp.a(ldiv.o)
 .comment       0x00000000       0x3d /opt/microchip/xc32/v1.31/bin/../lib/gcc/pic32mx/4.5.2/../../../../pic32mx/lib/libxcpp.a(remove.o)
 .comment       0x00000000       0x3d /opt/microchip/xc32/v1.31/bin/../lib/gcc/pic32mx/4.5.2/../../../../pic32mx/lib/libxcpp.a(sqrtl.o)
 .comment       0x00000000       0x3d /opt/microchip/xc32/v1.31/bin/../lib/gcc/pic32mx/4.5.2/../../../../pic32mx/lib/libxcpp.a(xatexit.o)
 .comment       0x00000000       0x3d /opt/microchip/xc32/v1.31/bin/../lib/gcc/pic32mx/4.5.2/../../../../pic32mx/lib/libxcpp.a(xdunscal.o)
 .comment       0x00000000       0x3d /opt/microchip/xc32/v1.31/bin/../lib/gcc/pic32mx/4.5.2/../../../../pic32mx/lib/libxcpp.a(xferaise.o)
 .comment       0x00000000       0x3d /opt/microchip/xc32/v1.31/bin/../lib/gcc/pic32mx/4.5.2/../../../../pic32mx/lib/libxcpp.a(xfofind.o)
 .comment       0x00000000       0x3d /opt/microchip/xc32/v1.31/bin/../lib/gcc/pic32mx/4.5.2/../../../../pic32mx/lib/libxcpp.a(xgenld.o)
 .comment       0x00000000       0x3d /opt/microchip/xc32/v1.31/bin/../lib/gcc/pic32mx/4.5.2/../../../../pic32mx/lib/libxcpp.a(xldint.o)
 .comment       0x00000000       0x3d /opt/microchip/xc32/v1.31/bin/../lib/gcc/pic32mx/4.5.2/../../../../pic32mx/lib/libxcpp.a(xldscale.o)
 .comment       0x00000000       0x3d /opt/microchip/xc32/v1.31/bin/../lib/gcc/pic32mx/4.5.2/../../../../pic32mx/lib/libxcpp.a(xldtest.o)
 .comment       0x00000000       0x3d /opt/microchip/xc32/v1.31/bin/../lib/gcc/pic32mx/4.5.2/../../../../pic32mx/lib/libxcpp.a(feraiseexcept.o)
 .comment       0x00000000       0x3d /opt/microchip/xc32/v1.31/bin/../lib/gcc/pic32mx/4.5.2/../../../../pic32mx/lib/libxcpp.a(div.o)
 .comment       0x00000000       0x3d /opt/microchip/xc32/v1.31/bin/../lib/gcc/pic32mx/4.5.2/../../../../pic32mx/lib/libxcpp.a(localeco.o)
 .comment       0x00000000       0x3d /opt/microchip/xc32/v1.31/bin/../lib/gcc/pic32mx/4.5.2/../../../../pic32mx/lib/libxcpp.a(xdint.o)
 .comment       0x00000000       0x3d /opt/microchip/xc32/v1.31/bin/../lib/gcc/pic32mx/4.5.2/../../../../pic32mx/lib/libxcpp.a(xdnorm.o)
 .comment       0x00000000       0x3d /opt/microchip/xc32/v1.31/bin/../lib/gcc/pic32mx/4.5.2/../../../../pic32mx/lib/libxcpp.a(xdscale.o)
 .comment       0x00000000       0x3d /opt/microchip/xc32/v1.31/bin/../lib/gcc/pic32mx/4.5.2/../../../../pic32mx/lib/libxcpp.a(xdtest.o)
 .comment       0x00000000       0x3d /opt/microchip/xc32/v1.31/bin/../lib/gcc/pic32mx/4.5.2/../../../../pic32mx/lib/libxcpp.a(xvalues.o)
 .comment       0x0000013a       0x4b /opt/microchip/xc32/v1.31/bin/../lib/gcc/pic32mx/4.5.2/../../../../pic32mx/lib/libpic32.a(sbrk.o)
                                 0x88 (size before relaxing)
 .comment       0x00000000       0x3d /opt/microchip/xc32/v1.31/bin/../lib/gcc/pic32mx/4.5.2/../../../../pic32mx/lib/libpic32.a(_exit.o)
 .comment       0x00000185       0x4e /opt/microchip/xc32/v1.31/bin/../lib/gcc/pic32mx/4.5.2/../../../../pic32mx/lib/libpic32.a(isatty.o)
                                 0x8b (size before relaxing)
 .comment       0x00000000       0x3d /opt/microchip/xc32/v1.31/bin/../lib/gcc/pic32mx/4.5.2/../../../../pic32mx/lib/libpic32.a(write.o)
 .comment       0x00000000       0x3d /opt/microchip/xc32/v1.31/bin/../lib/gcc/pic32mx/4.5.2/../../../../pic32mx/lib/libpic32.a(close.o)
 .comment       0x00000000       0x3d /opt/microchip/xc32/v1.31/bin/../lib/gcc/pic32mx/4.5.2/../../../../pic32mx/lib/libpic32.a(unlink.o)
 .comment       0x00000000       0x3d /opt/microchip/xc32/v1.31/bin/../lib/gcc/pic32mx/4.5.2/../../../../pic32mx/lib/libpic32.a(kill.o)
 .comment       0x00000000       0x3d /opt/microchip/xc32/v1.31/bin/../lib/gcc/pic32mx/4.5.2/../../../../pic32mx/lib/libpic32.a(getpid.o)
 .comment       0x00000000       0x3d /opt/microchip/xc32/v1.31/bin/../lib/gcc/pic32mx/4.5.2/../../../../pic32mx/lib/libpic32.a(errno.o)
 .comment       0x00000000       0x3d /opt/microchip/xc32/v1.31/bin/../lib/gcc/pic32mx/4.5.2/../../../../pic32mx/lib/libpic32.a(rmdir.o)
 .comment       0x00000000       0x3d /opt/microchip/xc32/v1.31/bin/../lib/gcc/pic32mx/4.5.2/../../../../pic32mx/lib/libpic32.a(_mon_putc.o)
 .comment       0x00000000       0x3d /opt/microchip/xc32/v1.31/bin/../lib/gcc/pic32mx/4.5.2/../../../../pic32mx/lib/libpic32.a(xc32_uart.o)
 .comment       0x00000000       0x3d /opt/microchip/xc32/v1.31/bin/../lib/gcc/pic32mx/4.5.2/libgcc.a(_udivdi3.o)
 .comment       0x00000000       0x3d /opt/microchip/xc32/v1.31/bin/../lib/gcc/pic32mx/4.5.2/libgcc.a(_umoddi3.o)

.debug
 *(.debug)

.line
 *(.line)

.debug_srcinfo
 *(.debug_srcinfo)

.debug_sfnames
 *(.debug_sfnames)

.debug_aranges  0x00000000     0x1198
 *(.debug_aranges)
 .debug_aranges
                0x00000000       0x20 build/default/production/app/src/os_app_hooks.o
 .debug_aranges
                0x00000020       0x20 build/default/production/app/src/button_reader.o
 .debug_aranges
                0x00000040       0x20 build/default/production/app/src/app.o
 .debug_aranges
                0x00000060       0x28 build/default/production/app/src/app_accel_gyro.o
 .debug_aranges
                0x00000088       0x20 build/default/production/BSP/src/bsp.o
 .debug_aranges
                0x000000a8      0x340 build/default/production/BSP/src/bsp_a.o
 .debug_aranges
                0x000003e8       0x48 build/default/production/BSP/src/crt0.o
 .debug_aranges
                0x00000430       0x20 build/default/production/BSP/src/bsp_utils.o
 .debug_aranges
                0x00000450       0x20 build/default/production/BSP/src/bsp_accel_gyro.o
 .debug_aranges
                0x00000470       0x20 build/default/production/CPU/src/PIC32INTlib.o
 .debug_aranges
                0x00000490       0x20 build/default/production/drivers/src/driver_i2c.o
 .debug_aranges
                0x000004b0       0x20 build/default/production/drivers/src/driver_uart.o
 .debug_aranges
                0x000004d0       0x20 build/default/production/uC-CPU/src/cpu_a.o
 .debug_aranges
                0x000004f0       0x20 build/default/production/uC-CPU/src/cpu_core.o
 .debug_aranges
                0x00000510       0x20 build/default/production/uC-LIB/src/lib_ascii.o
 .debug_aranges
                0x00000530       0x20 build/default/production/uC-LIB/src/lib_math.o
 .debug_aranges
                0x00000550       0x20 build/default/production/uC-LIB/src/lib_mem.o
 .debug_aranges
                0x00000570       0x20 build/default/production/uC-LIB/src/lib_str.o
 .debug_aranges